<html>
<body>
<pre>
<h1>�Vision Build Log</h1>
<h2>Tool Versions:</h2>
IDE-Version: ��Vision V5.24.2.0
Copyright (C) 2017 ARM Ltd and ARM Germany GmbH. All rights reserved.
License Information: 5 Lenovo, 5, LIC=CZLZX-HZ5LQ-IIC5V-PAFB8-V8YH8-8RFF6
 
Tool Versions:
Toolchain:       MDK-ARM Plus  Version: 5.24.1
Toolchain Path:  D:\Keil5\ARM\ARMCC\Bin
C Compiler:      Armcc.exe V5.06 update 5 (build 528)
Assembler:       Armasm.exe V5.06 update 5 (build 528)
Linker/Locator:  ArmLink.exe V5.06 update 5 (build 528)
Library Manager: ArmAr.exe V5.06 update 5 (build 528)
Hex Converter:   FromElf.exe V5.06 update 5 (build 528)
CPU DLL:         SARMCM3.DLL V5.24.1
Dialog DLL:      DCM.DLL V1.16.0.0
Target DLL:      STLink\ST-LINKIII-KEIL_SWO.dll V3.0.1.0
Dialog DLL:      TCM.DLL V1.32.0.0
 
<h2>Project:</h2>
E:\FlyControl\9EKF\ANO_PioneerPro-088\ANO_Pioneer.uvprojx
Project File Date:  02/09/2026

<h2>Output:</h2>
*** Using Compiler 'V5.06 update 5 (build 528)', folder: 'D:\Keil5\ARM\ARMCC\Bin'
Rebuild target 'Ano_Pioneer'
compiling misc.c...
assembling startup_stm32f4xx.s...
compiling stm32f4xx_syscfg.c...
compiling stm32f4xx_exti.c...
compiling stm32f4xx_dbgmcu.c...
compiling stm32f4xx_adc.c...
compiling stm32f4xx_i2c.c...
compiling stm32f4xx_rcc.c...
compiling stm32f4xx_pwr.c...
compiling system_stm32f4xx.c...
compiling stm32f4xx_spi.c...
compiling stm32f4xx_usart.c...
compiling stm32f4xx_gpio.c...
compiling stm32f4xx_flash.c...
compiling croutine.c...
compiling stm32f4xx_dma.c...
compiling list.c...
compiling event_groups.c...
compiling stm32f4xx_tim.c...
compiling Main.c...
main\../USB/USB_CDC_App.h(21): warning:  #1-D: last line of file ends without a newline
  #endif 
main\Main.c: 1 warning, 0 errors
compiling queue.c...
compiling Task_Create.c...
main\../USB/USB_CDC_App.h(21): warning:  #1-D: last line of file ends without a newline
  #endif 
main\../main/Queues.h(18): warning:  #1-D: last line of file ends without a newline
  #endif
.\Algorithms\EKF.h(10): warning:  #1-D: last line of file ends without a newline
  #endif
.\User\Calibaration.h(14): warning:  #1-D: last line of file ends without a newline
  #endif
main\Task_Create.c: 4 warnings, 0 errors
compiling heap_4.c...
compiling stream_buffer.c...
compiling timers.c...
compiling port.c...
compiling tasks.c...
compiling usb_config.c...
compiling LED.c...
compiling USB_TickTx.c...
USB\USB_TickTx.c(31): warning:  #223-D: function "mavlink_send_msg" declared implicitly
          mavlink_send_msg(&msg);
USB\USB_TickTx.c: 1 warning, 0 errors
compiling MySPI.c...
compiling SystemClock.c...
compiling BMI088.c...
User\../main/Queues.h(18): warning:  #1-D: last line of file ends without a newline
  #endif
User\BMI088.c: 1 warning, 0 errors
compiling AK8975.c...
User\../main/Queues.h(18): warning:  #1-D: last line of file ends without a newline
  #endif
User\AK8975.c: 1 warning, 0 errors
compiling usbd_cdc_acm.c...
compiling Calibaration.c...
User\../USB/USB_CDC_App.h(21): warning:  #1-D: last line of file ends without a newline
  #endif 
User\../main/Queues.h(18): warning:  #1-D: last line of file ends without a newline
  #endif
User\Calibaration.h(14): warning:  #1-D: last line of file ends without a newline
  #endif
User\Calibaration.c(94): warning:  #223-D: function "mavlink_send_msg" declared implicitly
  		mavlink_send_msg(&msg_sensor); 
User\Calibaration.c(97): warning:  #1-D: last line of file ends without a newline
  }
User\Calibaration.c: 5 warnings, 0 errors
compiling USB_CDC_App.c...
USB\USB_CDC_App.c(11): warning:  #1-D: last line of file ends without a newline
  /* CDC_SendData 的实现由 usb_cdc_port.c 提供，这里不重复定义 */
USB\USB_CDC_App.c: 1 warning, 0 errors
compiling usb_cdc_port.c...
USBStack\SRC\usb_cdc_port.c(33): warning:  #1-D: last line of file ends without a newline
  }
USBStack\SRC\usb_cdc_port.c: 1 warning, 0 errors
compiling usbd_STM32F4xx_FS.c...
compiling usbd_core_cdc.c...
compiling usb_mavlink_port.c...
USBStack\usb_mavlink_port.c(20): warning:  #223-D: function "USBD_CDC_ACM_DataFree" declared implicitly
      while (USBD_CDC_ACM_DataFree() < len) {
USBStack\usb_mavlink_port.c(27): warning:  #1-D: last line of file ends without a newline
  }
USBStack\usb_mavlink_port.c: 2 warnings, 0 errors
compiling USB_Clock.c...
USB\USB_Clock.c(14): warning:  #1-D: last line of file ends without a newline
  }
USB\USB_Clock.c: 1 warning, 0 errors
compiling usbd_core.c...
compiling EKF.c...
Algorithms\EKF.c(233): warning:  #1-D: last line of file ends without a newline
  }
Algorithms\EKF.c(20): warning:  #177-D: variable "tmp_3x4"  was declared but never referenced
  static float32_t tmp_3x4[12], tmp_4x3[12];
Algorithms\EKF.c: 2 warnings, 0 errors
compiling arm_mat_add_q15.c...
compiling arm_mat_add_f32.c...
compiling arm_mat_add_q31.c...
compiling arm_mat_init_f32.c...
compiling arm_mat_init_q15.c...
compiling arm_mat_init_q31.c...
compiling arm_mat_mult_f32.c...
compiling arm_mat_inverse_f32.c...
compiling arm_mat_mult_fast_q15.c...
compiling arm_mat_mult_fast_q31.c...
compiling arm_mat_scale_f32.c...
compiling arm_mat_mult_q15.c...
compiling arm_mat_mult_q31.c...
compiling arm_mat_scale_q15.c...
compiling arm_mat_scale_q31.c...
compiling arm_mat_sub_f32.c...
compiling arm_mat_sub_q15.c...
compiling arm_mat_sub_q31.c...
compiling arm_mat_trans_f32.c...
compiling arm_mat_trans_q15.c...
compiling arm_mat_trans_q31.c...
compiling Euler_Cal.c...
Algorithms\EKF.h(10): warning:  #1-D: last line of file ends without a newline
  #endif
.\User\Calibaration.h(14): warning:  #1-D: last line of file ends without a newline
  #endif
Algorithms\../main/Queues.h(18): warning:  #1-D: last line of file ends without a newline
  #endif
Algorithms\../mavlink2/common/common.h(143): warning:  #66-D: enumeration value is out of "int" range
     MAV_SYS_STATUS_EXTENSION_USED=2147483648, /* 0x80000000 Extended bit-field are used for further sensor status bits (needs to be set in onboard_control_sensors_present only) | */
Algorithms\../mavlink2/common/common.h(144): warning:  #66-D: enumeration value is out of "int" range
     MAV_SYS_STATUS_SENSOR_ENUM_END=2147483649, /*  | */
Algorithms\../mavlink2/common/common.h(2580): warning:  #66-D: enumeration value is out of "int" range
     HIL_SENSOR_UPDATED_RESET=2147483648, /* Full reset of attitude/position/velocities/etc was performed in sim (Bit 31). | */
Algorithms\../mavlink2/common/common.h(2581): warning:  #66-D: enumeration value is out of "int" range
     HIL_SENSOR_UPDATED_FLAGS_ENUM_END=2147483649, /*  | */
Algorithms\Euler_Cal.c(42): warning:  #223-D: function "mavlink_send_msg" declared implicitly
  		 mavlink_send_msg(&msg_attitude);
Algorithms\Euler_Cal.c(44): warning:  #1-D: last line of file ends without a newline
  }
Algorithms\Euler_Cal.c: 9 warnings, 0 errors
linking...
Program Size: Code=52588 RO-data=1812 RW-data=460 ZI-data=81516  
FromELF: creating hex file...
After Build - User command #1: fromelf.exe --bin -o ./AnoPioneerPro.bin ./build/Ano_Pioneer.axf
".\build\ANO_Pioneer.axf" - 0 Error(s), 29 Warning(s).

<h2>Software Packages used:</h2>

Package Vendor: Keil
                https://www.keil.com/pack/Keil.STM32F4xx_DFP.2.17.1.pack
                Keil.STM32F4xx_DFP.2.17.1
                STMicroelectronics STM32F4 Series Device Support, Drivers and Examples

<h2>Collection of Component include folders:</h2>
  .\RTE\_Ano_Pioneer
  C:\Users\Lenovo\Desktop\Keil5\ARM\PACK\Keil\STM32F4xx_DFP\2.17.1\Drivers\CMSIS\Device\ST\STM32F4xx\Include

<h2>Collection of Component Files used:</h2>
Build Time Elapsed:  00:00:03
</pre>
</body>
</html>
