<!doctype html public "-//w3c//dtd html 4.0 transitional//en">
<html><head>
<title>Static Call Graph - [.\build\ANO_Pioneer.axf]</title></head>
<body><HR>
<H1>Static Call Graph for image .\build\ANO_Pioneer.axf</H1><HR>
<BR><P>#&#060CALLGRAPH&#062# ARM Linker, 5060528: Last Updated: Sun Mar 01 05:09:11 2026
<BR><P>
<H3>Maximum Stack Usage =       1480 bytes + Unknown(Cycles, Untraceable Function Pointers)</H3><H3>
Call chain for Maximum Stack Depth:</H3>
vSensor_ReceiveTask &rArr; mavlink_msg_highres_imu_pack &rArr; mavlink_finalize_message_buffer &rArr; mavlink_sign_packet &rArr; mavlink_sha256_final_48 &rArr; mavlink_sha256_update &rArr; mavlink_sha256_calc
<P>
<H3>
Mutually Recursive functions
</H3> <LI><a href="#[1]">NMI_Handler</a>&nbsp;&nbsp;&nbsp;&rArr;&nbsp;&nbsp;&nbsp;<a href="#[1]">NMI_Handler</a><BR>
 <LI><a href="#[2]">HardFault_Handler</a>&nbsp;&nbsp;&nbsp;&rArr;&nbsp;&nbsp;&nbsp;<a href="#[2]">HardFault_Handler</a><BR>
 <LI><a href="#[3]">MemManage_Handler</a>&nbsp;&nbsp;&nbsp;&rArr;&nbsp;&nbsp;&nbsp;<a href="#[3]">MemManage_Handler</a><BR>
 <LI><a href="#[4]">BusFault_Handler</a>&nbsp;&nbsp;&nbsp;&rArr;&nbsp;&nbsp;&nbsp;<a href="#[4]">BusFault_Handler</a><BR>
 <LI><a href="#[5]">UsageFault_Handler</a>&nbsp;&nbsp;&nbsp;&rArr;&nbsp;&nbsp;&nbsp;<a href="#[5]">UsageFault_Handler</a><BR>
 <LI><a href="#[7]">DebugMon_Handler</a>&nbsp;&nbsp;&nbsp;&rArr;&nbsp;&nbsp;&nbsp;<a href="#[7]">DebugMon_Handler</a><BR>
 <LI><a href="#[1c]">ADC_IRQHandler</a>&nbsp;&nbsp;&nbsp;&rArr;&nbsp;&nbsp;&nbsp;<a href="#[1c]">ADC_IRQHandler</a><BR>
</UL>
<P>
<H3>
Function Pointers
</H3><UL>
 <LI><a href="#[1c]">ADC_IRQHandler</a> from startup_stm32f4xx.o(.text) referenced from startup_stm32f4xx.o(RESET)
 <LI><a href="#[4]">BusFault_Handler</a> from startup_stm32f4xx.o(.text) referenced from startup_stm32f4xx.o(RESET)
 <LI><a href="#[1e]">CAN1_RX0_IRQHandler</a> from startup_stm32f4xx.o(.text) referenced from startup_stm32f4xx.o(RESET)
 <LI><a href="#[1f]">CAN1_RX1_IRQHandler</a> from startup_stm32f4xx.o(.text) referenced from startup_stm32f4xx.o(RESET)
 <LI><a href="#[20]">CAN1_SCE_IRQHandler</a> from startup_stm32f4xx.o(.text) referenced from startup_stm32f4xx.o(RESET)
 <LI><a href="#[1d]">CAN1_TX_IRQHandler</a> from startup_stm32f4xx.o(.text) referenced from startup_stm32f4xx.o(RESET)
 <LI><a href="#[4a]">CAN2_RX0_IRQHandler</a> from startup_stm32f4xx.o(.text) referenced from startup_stm32f4xx.o(RESET)
 <LI><a href="#[4b]">CAN2_RX1_IRQHandler</a> from startup_stm32f4xx.o(.text) referenced from startup_stm32f4xx.o(RESET)
 <LI><a href="#[4c]">CAN2_SCE_IRQHandler</a> from startup_stm32f4xx.o(.text) referenced from startup_stm32f4xx.o(RESET)
 <LI><a href="#[49]">CAN2_TX_IRQHandler</a> from startup_stm32f4xx.o(.text) referenced from startup_stm32f4xx.o(RESET)
 <LI><a href="#[59]">CRYP_IRQHandler</a> from startup_stm32f4xx.o(.text) referenced from startup_stm32f4xx.o(RESET)
 <LI><a href="#[58]">DCMI_IRQHandler</a> from startup_stm32f4xx.o(.text) referenced from startup_stm32f4xx.o(RESET)
 <LI><a href="#[15]">DMA1_Stream0_IRQHandler</a> from startup_stm32f4xx.o(.text) referenced from startup_stm32f4xx.o(RESET)
 <LI><a href="#[16]">DMA1_Stream1_IRQHandler</a> from startup_stm32f4xx.o(.text) referenced from startup_stm32f4xx.o(RESET)
 <LI><a href="#[17]">DMA1_Stream2_IRQHandler</a> from startup_stm32f4xx.o(.text) referenced from startup_stm32f4xx.o(RESET)
 <LI><a href="#[18]">DMA1_Stream3_IRQHandler</a> from startup_stm32f4xx.o(.text) referenced from startup_stm32f4xx.o(RESET)
 <LI><a href="#[19]">DMA1_Stream4_IRQHandler</a> from startup_stm32f4xx.o(.text) referenced from startup_stm32f4xx.o(RESET)
 <LI><a href="#[1a]">DMA1_Stream5_IRQHandler</a> from startup_stm32f4xx.o(.text) referenced from startup_stm32f4xx.o(RESET)
 <LI><a href="#[1b]">DMA1_Stream6_IRQHandler</a> from startup_stm32f4xx.o(.text) referenced from startup_stm32f4xx.o(RESET)
 <LI><a href="#[39]">DMA1_Stream7_IRQHandler</a> from startup_stm32f4xx.o(.text) referenced from startup_stm32f4xx.o(RESET)
 <LI><a href="#[42]">DMA2_Stream0_IRQHandler</a> from startup_stm32f4xx.o(.text) referenced from startup_stm32f4xx.o(RESET)
 <LI><a href="#[43]">DMA2_Stream1_IRQHandler</a> from startup_stm32f4xx.o(.text) referenced from startup_stm32f4xx.o(RESET)
 <LI><a href="#[44]">DMA2_Stream2_IRQHandler</a> from startup_stm32f4xx.o(.text) referenced from startup_stm32f4xx.o(RESET)
 <LI><a href="#[45]">DMA2_Stream3_IRQHandler</a> from startup_stm32f4xx.o(.text) referenced from startup_stm32f4xx.o(RESET)
 <LI><a href="#[46]">DMA2_Stream4_IRQHandler</a> from startup_stm32f4xx.o(.text) referenced from startup_stm32f4xx.o(RESET)
 <LI><a href="#[4e]">DMA2_Stream5_IRQHandler</a> from startup_stm32f4xx.o(.text) referenced from startup_stm32f4xx.o(RESET)
 <LI><a href="#[4f]">DMA2_Stream6_IRQHandler</a> from startup_stm32f4xx.o(.text) referenced from startup_stm32f4xx.o(RESET)
 <LI><a href="#[50]">DMA2_Stream7_IRQHandler</a> from startup_stm32f4xx.o(.text) referenced from startup_stm32f4xx.o(RESET)
 <LI><a href="#[7]">DebugMon_Handler</a> from startup_stm32f4xx.o(.text) referenced from startup_stm32f4xx.o(RESET)
 <LI><a href="#[47]">ETH_IRQHandler</a> from startup_stm32f4xx.o(.text) referenced from startup_stm32f4xx.o(RESET)
 <LI><a href="#[48]">ETH_WKUP_IRQHandler</a> from startup_stm32f4xx.o(.text) referenced from startup_stm32f4xx.o(RESET)
 <LI><a href="#[10]">EXTI0_IRQHandler</a> from startup_stm32f4xx.o(.text) referenced from startup_stm32f4xx.o(RESET)
 <LI><a href="#[32]">EXTI15_10_IRQHandler</a> from startup_stm32f4xx.o(.text) referenced from startup_stm32f4xx.o(RESET)
 <LI><a href="#[11]">EXTI1_IRQHandler</a> from startup_stm32f4xx.o(.text) referenced from startup_stm32f4xx.o(RESET)
 <LI><a href="#[12]">EXTI2_IRQHandler</a> from startup_stm32f4xx.o(.text) referenced from startup_stm32f4xx.o(RESET)
 <LI><a href="#[13]">EXTI3_IRQHandler</a> from startup_stm32f4xx.o(.text) referenced from startup_stm32f4xx.o(RESET)
 <LI><a href="#[14]">EXTI4_IRQHandler</a> from startup_stm32f4xx.o(.text) referenced from startup_stm32f4xx.o(RESET)
 <LI><a href="#[21]">EXTI9_5_IRQHandler</a> from startup_stm32f4xx.o(.text) referenced from startup_stm32f4xx.o(RESET)
 <LI><a href="#[e]">FLASH_IRQHandler</a> from startup_stm32f4xx.o(.text) referenced from startup_stm32f4xx.o(RESET)
 <LI><a href="#[5b]">FPU_IRQHandler</a> from startup_stm32f4xx.o(.text) referenced from startup_stm32f4xx.o(RESET)
 <LI><a href="#[3a]">FSMC_IRQHandler</a> from startup_stm32f4xx.o(.text) referenced from startup_stm32f4xx.o(RESET)
 <LI><a href="#[5a]">HASH_RNG_IRQHandler</a> from startup_stm32f4xx.o(.text) referenced from startup_stm32f4xx.o(RESET)
 <LI><a href="#[2]">HardFault_Handler</a> from startup_stm32f4xx.o(.text) referenced from startup_stm32f4xx.o(RESET)
 <LI><a href="#[2a]">I2C1_ER_IRQHandler</a> from startup_stm32f4xx.o(.text) referenced from startup_stm32f4xx.o(RESET)
 <LI><a href="#[29]">I2C1_EV_IRQHandler</a> from startup_stm32f4xx.o(.text) referenced from startup_stm32f4xx.o(RESET)
 <LI><a href="#[2c]">I2C2_ER_IRQHandler</a> from startup_stm32f4xx.o(.text) referenced from startup_stm32f4xx.o(RESET)
 <LI><a href="#[2b]">I2C2_EV_IRQHandler</a> from startup_stm32f4xx.o(.text) referenced from startup_stm32f4xx.o(RESET)
 <LI><a href="#[53]">I2C3_ER_IRQHandler</a> from startup_stm32f4xx.o(.text) referenced from startup_stm32f4xx.o(RESET)
 <LI><a href="#[52]">I2C3_EV_IRQHandler</a> from startup_stm32f4xx.o(.text) referenced from startup_stm32f4xx.o(RESET)
 <LI><a href="#[3]">MemManage_Handler</a> from startup_stm32f4xx.o(.text) referenced from startup_stm32f4xx.o(RESET)
 <LI><a href="#[1]">NMI_Handler</a> from startup_stm32f4xx.o(.text) referenced from startup_stm32f4xx.o(RESET)
 <LI><a href="#[4d]">OTG_FS_IRQHandler</a> from usbd_stm32f4xx_fs.o(.text) referenced from startup_stm32f4xx.o(RESET)
 <LI><a href="#[34]">OTG_FS_WKUP_IRQHandler</a> from startup_stm32f4xx.o(.text) referenced from startup_stm32f4xx.o(RESET)
 <LI><a href="#[55]">OTG_HS_EP1_IN_IRQHandler</a> from startup_stm32f4xx.o(.text) referenced from startup_stm32f4xx.o(RESET)
 <LI><a href="#[54]">OTG_HS_EP1_OUT_IRQHandler</a> from startup_stm32f4xx.o(.text) referenced from startup_stm32f4xx.o(RESET)
 <LI><a href="#[57]">OTG_HS_IRQHandler</a> from startup_stm32f4xx.o(.text) referenced from startup_stm32f4xx.o(RESET)
 <LI><a href="#[56]">OTG_HS_WKUP_IRQHandler</a> from startup_stm32f4xx.o(.text) referenced from startup_stm32f4xx.o(RESET)
 <LI><a href="#[b]">PVD_IRQHandler</a> from startup_stm32f4xx.o(.text) referenced from startup_stm32f4xx.o(RESET)
 <LI><a href="#[8]">PendSV_Handler</a> from port.o(.emb_text) referenced from startup_stm32f4xx.o(RESET)
 <LI><a href="#[f]">RCC_IRQHandler</a> from startup_stm32f4xx.o(.text) referenced from startup_stm32f4xx.o(RESET)
 <LI><a href="#[33]">RTC_Alarm_IRQHandler</a> from startup_stm32f4xx.o(.text) referenced from startup_stm32f4xx.o(RESET)
 <LI><a href="#[d]">RTC_WKUP_IRQHandler</a> from startup_stm32f4xx.o(.text) referenced from startup_stm32f4xx.o(RESET)
 <LI><a href="#[6d]">Reset_Handler</a> from startup_stm32f4xx.o(.text) referenced from startup_stm32f4xx.o(RESET)
 <LI><a href="#[3b]">SDIO_IRQHandler</a> from startup_stm32f4xx.o(.text) referenced from startup_stm32f4xx.o(RESET)
 <LI><a href="#[2d]">SPI1_IRQHandler</a> from startup_stm32f4xx.o(.text) referenced from startup_stm32f4xx.o(RESET)
 <LI><a href="#[2e]">SPI2_IRQHandler</a> from startup_stm32f4xx.o(.text) referenced from startup_stm32f4xx.o(RESET)
 <LI><a href="#[3d]">SPI3_IRQHandler</a> from startup_stm32f4xx.o(.text) referenced from startup_stm32f4xx.o(RESET)
 <LI><a href="#[6]">SVC_Handler</a> from port.o(.emb_text) referenced from startup_stm32f4xx.o(RESET)
 <LI><a href="#[9]">SysTick_Handler</a> from port.o(.text) referenced from startup_stm32f4xx.o(RESET)
 <LI><a href="#[5d]">SystemInit</a> from system_stm32f4xx.o(.text) referenced from startup_stm32f4xx.o(.text)
 <LI><a href="#[c]">TAMP_STAMP_IRQHandler</a> from startup_stm32f4xx.o(.text) referenced from startup_stm32f4xx.o(RESET)
 <LI><a href="#[22]">TIM1_BRK_TIM9_IRQHandler</a> from startup_stm32f4xx.o(.text) referenced from startup_stm32f4xx.o(RESET)
 <LI><a href="#[25]">TIM1_CC_IRQHandler</a> from startup_stm32f4xx.o(.text) referenced from startup_stm32f4xx.o(RESET)
 <LI><a href="#[24]">TIM1_TRG_COM_TIM11_IRQHandler</a> from startup_stm32f4xx.o(.text) referenced from startup_stm32f4xx.o(RESET)
 <LI><a href="#[23]">TIM1_UP_TIM10_IRQHandler</a> from startup_stm32f4xx.o(.text) referenced from startup_stm32f4xx.o(RESET)
 <LI><a href="#[26]">TIM2_IRQHandler</a> from startup_stm32f4xx.o(.text) referenced from startup_stm32f4xx.o(RESET)
 <LI><a href="#[27]">TIM3_IRQHandler</a> from startup_stm32f4xx.o(.text) referenced from startup_stm32f4xx.o(RESET)
 <LI><a href="#[28]">TIM4_IRQHandler</a> from startup_stm32f4xx.o(.text) referenced from startup_stm32f4xx.o(RESET)
 <LI><a href="#[3c]">TIM5_IRQHandler</a> from startup_stm32f4xx.o(.text) referenced from startup_stm32f4xx.o(RESET)
 <LI><a href="#[40]">TIM6_DAC_IRQHandler</a> from startup_stm32f4xx.o(.text) referenced from startup_stm32f4xx.o(RESET)
 <LI><a href="#[41]">TIM7_IRQHandler</a> from startup_stm32f4xx.o(.text) referenced from startup_stm32f4xx.o(RESET)
 <LI><a href="#[35]">TIM8_BRK_TIM12_IRQHandler</a> from startup_stm32f4xx.o(.text) referenced from startup_stm32f4xx.o(RESET)
 <LI><a href="#[38]">TIM8_CC_IRQHandler</a> from startup_stm32f4xx.o(.text) referenced from startup_stm32f4xx.o(RESET)
 <LI><a href="#[37]">TIM8_TRG_COM_TIM14_IRQHandler</a> from startup_stm32f4xx.o(.text) referenced from startup_stm32f4xx.o(RESET)
 <LI><a href="#[36]">TIM8_UP_TIM13_IRQHandler</a> from startup_stm32f4xx.o(.text) referenced from startup_stm32f4xx.o(RESET)
 <LI><a href="#[3e]">UART4_IRQHandler</a> from startup_stm32f4xx.o(.text) referenced from startup_stm32f4xx.o(RESET)
 <LI><a href="#[3f]">UART5_IRQHandler</a> from startup_stm32f4xx.o(.text) referenced from startup_stm32f4xx.o(RESET)
 <LI><a href="#[2f]">USART1_IRQHandler</a> from startup_stm32f4xx.o(.text) referenced from startup_stm32f4xx.o(RESET)
 <LI><a href="#[30]">USART2_IRQHandler</a> from startup_stm32f4xx.o(.text) referenced from startup_stm32f4xx.o(RESET)
 <LI><a href="#[31]">USART3_IRQHandler</a> from startup_stm32f4xx.o(.text) referenced from startup_stm32f4xx.o(RESET)
 <LI><a href="#[51]">USART6_IRQHandler</a> from startup_stm32f4xx.o(.text) referenced from startup_stm32f4xx.o(RESET)
 <LI><a href="#[6c]">USBD_CDC_ACM_EP_BULK_Event</a> from usbd_cdc_acm.o(.text) referenced from usb_config.o(.constdata)
 <LI><a href="#[6b]">USBD_CDC_ACM_EP_INTIN_Event</a> from usbd_cdc_acm.o(.text) referenced from usb_config.o(.constdata)
 <LI><a href="#[6a]">USBD_EndPoint0</a> from usbd_core.o(.text) referenced from usb_config.o(.constdata)
 <LI><a href="#[68]">USBD_Reset_Event</a> from usb_config.o(.text) referenced from usb_config.o(.constdata)
 <LI><a href="#[69]">USBD_SOF_Event</a> from usb_config.o(.text) referenced from usb_config.o(.constdata)
 <LI><a href="#[5]">UsageFault_Handler</a> from startup_stm32f4xx.o(.text) referenced from startup_stm32f4xx.o(RESET)
 <LI><a href="#[a]">WWDG_IRQHandler</a> from startup_stm32f4xx.o(.text) referenced from startup_stm32f4xx.o(RESET)
 <LI><a href="#[5e]">__main</a> from entry.o(.ARM.Collect$$$$00000000) referenced from startup_stm32f4xx.o(.text)
 <LI><a href="#[5c]">main</a> from main.o(.text) referenced from entry9a.o(.ARM.Collect$$$$0000000B)
 <LI><a href="#[65]">prvIdleTask</a> from tasks.o(.text) referenced from tasks.o(.text)
 <LI><a href="#[67]">prvTaskExitError</a> from port.o(.text) referenced from port.o(.text)
 <LI><a href="#[66]">prvTimerTask</a> from timers.o(.text) referenced from timers.o(.text)
 <LI><a href="#[62]">vAK8975_Task</a> from ak8975.o(.text) referenced from task_create.o(.text)
 <LI><a href="#[61]">vBMI088_Task</a> from bmi088.o(.text) referenced from task_create.o(.text)
 <LI><a href="#[64]">vEKF_ProcessTask</a> from euler_cal.o(.text) referenced from task_create.o(.text)
 <LI><a href="#[5f]">vLEDTask</a> from led.o(.text) referenced from task_create.o(.text)
 <LI><a href="#[63]">vSensor_ReceiveTask</a> from calibaration.o(.text) referenced from task_create.o(.text)
 <LI><a href="#[60]">vUSBTickTask</a> from usb_ticktx.o(.text) referenced from task_create.o(.text)
</UL>
<P>
<H3>
Global Symbols
</H3>
<P><STRONG><a name="[5e]"></a>__main</STRONG> (Thumb, 0 bytes, Stack size unknown bytes, entry.o(.ARM.Collect$$$$00000000))
<BR>[Address Reference Count : 1]<UL><LI> startup_stm32f4xx.o(.text)
</UL>
<P><STRONG><a name="[1f1]"></a>_main_stk</STRONG> (Thumb, 0 bytes, Stack size unknown bytes, entry2.o(.ARM.Collect$$$$00000001))

<P><STRONG><a name="[6e]"></a>_main_scatterload</STRONG> (Thumb, 0 bytes, Stack size unknown bytes, entry5.o(.ARM.Collect$$$$00000004))
<BR><BR>[Calls]<UL><LI><a href="#[6f]">&gt;&gt;</a>&nbsp;&nbsp;&nbsp;__scatterload
</UL>

<P><STRONG><a name="[1e9]"></a>__main_after_scatterload</STRONG> (Thumb, 0 bytes, Stack size unknown bytes, entry5.o(.ARM.Collect$$$$00000004))
<BR><BR>[Called By]<UL><LI><a href="#[6f]">&gt;&gt;</a>&nbsp;&nbsp;&nbsp;__scatterload
</UL>

<P><STRONG><a name="[1f2]"></a>_main_clock</STRONG> (Thumb, 0 bytes, Stack size unknown bytes, entry7b.o(.ARM.Collect$$$$00000008))

<P><STRONG><a name="[1f3]"></a>_main_cpp_init</STRONG> (Thumb, 0 bytes, Stack size unknown bytes, entry8b.o(.ARM.Collect$$$$0000000A))

<P><STRONG><a name="[1f4]"></a>_main_init</STRONG> (Thumb, 0 bytes, Stack size unknown bytes, entry9a.o(.ARM.Collect$$$$0000000B))

<P><STRONG><a name="[1f5]"></a>__rt_final_cpp</STRONG> (Thumb, 0 bytes, Stack size unknown bytes, entry10a.o(.ARM.Collect$$$$0000000D))

<P><STRONG><a name="[1f6]"></a>__rt_final_exit</STRONG> (Thumb, 0 bytes, Stack size unknown bytes, entry11a.o(.ARM.Collect$$$$0000000F))

<P><STRONG><a name="[6]"></a>SVC_Handler</STRONG> (Thumb, 28 bytes, Stack size 0 bytes, port.o(.emb_text))
<BR>[Address Reference Count : 1]<UL><LI> startup_stm32f4xx.o(RESET)
</UL>
<P><STRONG><a name="[143]"></a>__asm___6_port_c_39a90d8d__prvStartFirstTask</STRONG> (Thumb, 36 bytes, Stack size 0 bytes, port.o(.emb_text))
<BR><BR>[Called By]<UL><LI><a href="#[119]">&gt;&gt;</a>&nbsp;&nbsp;&nbsp;xPortStartScheduler
</UL>

<P><STRONG><a name="[142]"></a>__asm___6_port_c_39a90d8d__prvEnableVFP</STRONG> (Thumb, 16 bytes, Stack size 0 bytes, port.o(.emb_text))
<BR><BR>[Called By]<UL><LI><a href="#[119]">&gt;&gt;</a>&nbsp;&nbsp;&nbsp;xPortStartScheduler
</UL>

<P><STRONG><a name="[8]"></a>PendSV_Handler</STRONG> (Thumb, 88 bytes, Stack size 0 bytes, port.o(.emb_text))
<BR><BR>[Calls]<UL><LI><a href="#[70]">&gt;&gt;</a>&nbsp;&nbsp;&nbsp;vTaskSwitchContext
</UL>
<BR>[Address Reference Count : 1]<UL><LI> startup_stm32f4xx.o(RESET)
</UL>
<P><STRONG><a name="[144]"></a>vPortGetIPSR</STRONG> (Thumb, 6 bytes, Stack size 0 bytes, port.o(.emb_text), UNUSED)
<BR><BR>[Called By]<UL><LI><a href="#[eb]">&gt;&gt;</a>&nbsp;&nbsp;&nbsp;vPortValidateInterruptPriority
</UL>

<P><STRONG><a name="[71]"></a>GPIO_DeInit</STRONG> (Thumb, 284 bytes, Stack size 8 bytes, stm32f4xx_gpio.o(.text), UNUSED)
<BR><BR>[Calls]<UL><LI><a href="#[73]">&gt;&gt;</a>&nbsp;&nbsp;&nbsp;RCC_AHB1PeriphResetCmd
<LI><a href="#[72]">&gt;&gt;</a>&nbsp;&nbsp;&nbsp;assert_failed
</UL>

<P><STRONG><a name="[74]"></a>GPIO_Init</STRONG> (Thumb, 342 bytes, Stack size 24 bytes, stm32f4xx_gpio.o(.text))
<BR><BR>[Stack]<UL><LI>Max Depth = 24<LI>Call Chain = GPIO_Init
</UL>
<BR>[Calls]<UL><LI><a href="#[72]">&gt;&gt;</a>&nbsp;&nbsp;&nbsp;assert_failed
</UL>
<BR>[Called By]<UL><LI><a href="#[c8]">&gt;&gt;</a>&nbsp;&nbsp;&nbsp;MySPI_All_Init
<LI><a href="#[c7]">&gt;&gt;</a>&nbsp;&nbsp;&nbsp;LED_Init
</UL>

<P><STRONG><a name="[1f7]"></a>GPIO_StructInit</STRONG> (Thumb, 18 bytes, Stack size 0 bytes, stm32f4xx_gpio.o(.text), UNUSED)

<P><STRONG><a name="[75]"></a>GPIO_PinLockConfig</STRONG> (Thumb, 122 bytes, Stack size 16 bytes, stm32f4xx_gpio.o(.text), UNUSED)
<BR><BR>[Calls]<UL><LI><a href="#[72]">&gt;&gt;</a>&nbsp;&nbsp;&nbsp;assert_failed
</UL>

<P><STRONG><a name="[76]"></a>GPIO_ReadInputDataBit</STRONG> (Thumb, 182 bytes, Stack size 16 bytes, stm32f4xx_gpio.o(.text), UNUSED)
<BR><BR>[Calls]<UL><LI><a href="#[72]">&gt;&gt;</a>&nbsp;&nbsp;&nbsp;assert_failed
</UL>
<BR>[Called By]<UL><LI><a href="#[152]">&gt;&gt;</a>&nbsp;&nbsp;&nbsp;MySPI_R_AK_MISO
<LI><a href="#[14e]">&gt;&gt;</a>&nbsp;&nbsp;&nbsp;MySPI_R_MISO
</UL>

<P><STRONG><a name="[77]"></a>GPIO_ReadInputData</STRONG> (Thumb, 174 bytes, Stack size 8 bytes, stm32f4xx_gpio.o(.text), UNUSED)
<BR><BR>[Calls]<UL><LI><a href="#[72]">&gt;&gt;</a>&nbsp;&nbsp;&nbsp;assert_failed
</UL>

<P><STRONG><a name="[78]"></a>GPIO_ReadOutputDataBit</STRONG> (Thumb, 186 bytes, Stack size 16 bytes, stm32f4xx_gpio.o(.text), UNUSED)
<BR><BR>[Calls]<UL><LI><a href="#[72]">&gt;&gt;</a>&nbsp;&nbsp;&nbsp;assert_failed
</UL>

<P><STRONG><a name="[79]"></a>GPIO_ReadOutputData</STRONG> (Thumb, 78 bytes, Stack size 8 bytes, stm32f4xx_gpio.o(.text), UNUSED)
<BR><BR>[Calls]<UL><LI><a href="#[72]">&gt;&gt;</a>&nbsp;&nbsp;&nbsp;assert_failed
</UL>

<P><STRONG><a name="[7a]"></a>GPIO_SetBits</STRONG> (Thumb, 98 bytes, Stack size 16 bytes, stm32f4xx_gpio.o(.text), UNUSED)
<BR><BR>[Calls]<UL><LI><a href="#[72]">&gt;&gt;</a>&nbsp;&nbsp;&nbsp;assert_failed
</UL>

<P><STRONG><a name="[7b]"></a>GPIO_ResetBits</STRONG> (Thumb, 98 bytes, Stack size 16 bytes, stm32f4xx_gpio.o(.text))
<BR><BR>[Stack]<UL><LI>Max Depth = 16<LI>Call Chain = GPIO_ResetBits
</UL>
<BR>[Calls]<UL><LI><a href="#[72]">&gt;&gt;</a>&nbsp;&nbsp;&nbsp;assert_failed
</UL>
<BR>[Called By]<UL><LI><a href="#[c7]">&gt;&gt;</a>&nbsp;&nbsp;&nbsp;LED_Init
</UL>

<P><STRONG><a name="[7c]"></a>GPIO_WriteBit</STRONG> (Thumb, 200 bytes, Stack size 16 bytes, stm32f4xx_gpio.o(.text))
<BR><BR>[Stack]<UL><LI>Max Depth = 16<LI>Call Chain = GPIO_WriteBit
</UL>
<BR>[Calls]<UL><LI><a href="#[72]">&gt;&gt;</a>&nbsp;&nbsp;&nbsp;assert_failed
</UL>
<BR>[Called By]<UL><LI><a href="#[151]">&gt;&gt;</a>&nbsp;&nbsp;&nbsp;MySPI_W_AK_MOSI
<LI><a href="#[150]">&gt;&gt;</a>&nbsp;&nbsp;&nbsp;MySPI_W_AK_SCK
<LI><a href="#[14f]">&gt;&gt;</a>&nbsp;&nbsp;&nbsp;MySPI_W_AK_SS
<LI><a href="#[14d]">&gt;&gt;</a>&nbsp;&nbsp;&nbsp;MySPI_W_MOSI
<LI><a href="#[14c]">&gt;&gt;</a>&nbsp;&nbsp;&nbsp;MySPI_W_SCK
<LI><a href="#[14b]">&gt;&gt;</a>&nbsp;&nbsp;&nbsp;MySPI_W_Acc_SS
<LI><a href="#[14a]">&gt;&gt;</a>&nbsp;&nbsp;&nbsp;MySPI_W_Gyro_SS
</UL>

<P><STRONG><a name="[7d]"></a>GPIO_Write</STRONG> (Thumb, 78 bytes, Stack size 16 bytes, stm32f4xx_gpio.o(.text), UNUSED)
<BR><BR>[Calls]<UL><LI><a href="#[72]">&gt;&gt;</a>&nbsp;&nbsp;&nbsp;assert_failed
</UL>

<P><STRONG><a name="[7e]"></a>GPIO_ToggleBits</STRONG> (Thumb, 82 bytes, Stack size 16 bytes, stm32f4xx_gpio.o(.text), UNUSED)
<BR><BR>[Calls]<UL><LI><a href="#[72]">&gt;&gt;</a>&nbsp;&nbsp;&nbsp;assert_failed
</UL>

<P><STRONG><a name="[7f]"></a>GPIO_PinAFConfig</STRONG> (Thumb, 384 bytes, Stack size 24 bytes, stm32f4xx_gpio.o(.text))
<BR><BR>[Stack]<UL><LI>Max Depth = 24<LI>Call Chain = GPIO_PinAFConfig
</UL>
<BR>[Calls]<UL><LI><a href="#[72]">&gt;&gt;</a>&nbsp;&nbsp;&nbsp;assert_failed
</UL>
<BR>[Called By]<UL><LI><a href="#[c8]">&gt;&gt;</a>&nbsp;&nbsp;&nbsp;MySPI_All_Init
</UL>

<P><STRONG><a name="[1f8]"></a>RCC_DeInit</STRONG> (Thumb, 60 bytes, Stack size 0 bytes, stm32f4xx_rcc.o(.text), UNUSED)

<P><STRONG><a name="[80]"></a>RCC_HSEConfig</STRONG> (Thumb, 38 bytes, Stack size 8 bytes, stm32f4xx_rcc.o(.text), UNUSED)
<BR><BR>[Calls]<UL><LI><a href="#[72]">&gt;&gt;</a>&nbsp;&nbsp;&nbsp;assert_failed
</UL>

<P><STRONG><a name="[81]"></a>RCC_GetFlagStatus</STRONG> (Thumb, 130 bytes, Stack size 24 bytes, stm32f4xx_rcc.o(.text), UNUSED)
<BR><BR>[Calls]<UL><LI><a href="#[72]">&gt;&gt;</a>&nbsp;&nbsp;&nbsp;assert_failed
</UL>
<BR>[Called By]<UL><LI><a href="#[82]">&gt;&gt;</a>&nbsp;&nbsp;&nbsp;RCC_WaitForHSEStartUp
</UL>

<P><STRONG><a name="[82]"></a>RCC_WaitForHSEStartUp</STRONG> (Thumb, 56 bytes, Stack size 16 bytes, stm32f4xx_rcc.o(.text), UNUSED)
<BR><BR>[Calls]<UL><LI><a href="#[81]">&gt;&gt;</a>&nbsp;&nbsp;&nbsp;RCC_GetFlagStatus
</UL>

<P><STRONG><a name="[83]"></a>RCC_AdjustHSICalibrationValue</STRONG> (Thumb, 38 bytes, Stack size 16 bytes, stm32f4xx_rcc.o(.text), UNUSED)
<BR><BR>[Calls]<UL><LI><a href="#[72]">&gt;&gt;</a>&nbsp;&nbsp;&nbsp;assert_failed
</UL>

<P><STRONG><a name="[84]"></a>RCC_HSICmd</STRONG> (Thumb, 28 bytes, Stack size 8 bytes, stm32f4xx_rcc.o(.text), UNUSED)
<BR><BR>[Calls]<UL><LI><a href="#[72]">&gt;&gt;</a>&nbsp;&nbsp;&nbsp;assert_failed
</UL>

<P><STRONG><a name="[85]"></a>RCC_LSEConfig</STRONG> (Thumb, 72 bytes, Stack size 8 bytes, stm32f4xx_rcc.o(.text), UNUSED)
<BR><BR>[Calls]<UL><LI><a href="#[72]">&gt;&gt;</a>&nbsp;&nbsp;&nbsp;assert_failed
</UL>

<P><STRONG><a name="[86]"></a>RCC_LSICmd</STRONG> (Thumb, 28 bytes, Stack size 8 bytes, stm32f4xx_rcc.o(.text), UNUSED)
<BR><BR>[Calls]<UL><LI><a href="#[72]">&gt;&gt;</a>&nbsp;&nbsp;&nbsp;assert_failed
</UL>

<P><STRONG><a name="[87]"></a>RCC_PLLConfig</STRONG> (Thumb, 156 bytes, Stack size 24 bytes, stm32f4xx_rcc.o(.text), UNUSED)
<BR><BR>[Calls]<UL><LI><a href="#[72]">&gt;&gt;</a>&nbsp;&nbsp;&nbsp;assert_failed
</UL>

<P><STRONG><a name="[88]"></a>RCC_PLLCmd</STRONG> (Thumb, 28 bytes, Stack size 8 bytes, stm32f4xx_rcc.o(.text), UNUSED)
<BR><BR>[Calls]<UL><LI><a href="#[72]">&gt;&gt;</a>&nbsp;&nbsp;&nbsp;assert_failed
</UL>

<P><STRONG><a name="[89]"></a>RCC_PLLI2SConfig</STRONG> (Thumb, 62 bytes, Stack size 16 bytes, stm32f4xx_rcc.o(.text), UNUSED)
<BR><BR>[Calls]<UL><LI><a href="#[72]">&gt;&gt;</a>&nbsp;&nbsp;&nbsp;assert_failed
</UL>

<P><STRONG><a name="[8a]"></a>RCC_PLLI2SCmd</STRONG> (Thumb, 28 bytes, Stack size 8 bytes, stm32f4xx_rcc.o(.text), UNUSED)
<BR><BR>[Calls]<UL><LI><a href="#[72]">&gt;&gt;</a>&nbsp;&nbsp;&nbsp;assert_failed
</UL>

<P><STRONG><a name="[8b]"></a>RCC_ClockSecuritySystemCmd</STRONG> (Thumb, 28 bytes, Stack size 8 bytes, stm32f4xx_rcc.o(.text), UNUSED)
<BR><BR>[Calls]<UL><LI><a href="#[72]">&gt;&gt;</a>&nbsp;&nbsp;&nbsp;assert_failed
</UL>

<P><STRONG><a name="[8c]"></a>RCC_MCO1Config</STRONG> (Thumb, 102 bytes, Stack size 16 bytes, stm32f4xx_rcc.o(.text), UNUSED)
<BR><BR>[Calls]<UL><LI><a href="#[72]">&gt;&gt;</a>&nbsp;&nbsp;&nbsp;assert_failed
</UL>

<P><STRONG><a name="[8d]"></a>RCC_MCO2Config</STRONG> (Thumb, 102 bytes, Stack size 16 bytes, stm32f4xx_rcc.o(.text), UNUSED)
<BR><BR>[Calls]<UL><LI><a href="#[72]">&gt;&gt;</a>&nbsp;&nbsp;&nbsp;assert_failed
</UL>

<P><STRONG><a name="[8e]"></a>RCC_SYSCLKConfig</STRONG> (Thumb, 124 bytes, Stack size 16 bytes, stm32f4xx_rcc.o(.text), UNUSED)
<BR><BR>[Calls]<UL><LI><a href="#[72]">&gt;&gt;</a>&nbsp;&nbsp;&nbsp;assert_failed
</UL>

<P><STRONG><a name="[1f9]"></a>RCC_GetSYSCLKSource</STRONG> (Thumb, 10 bytes, Stack size 0 bytes, stm32f4xx_rcc.o(.text), UNUSED)

<P><STRONG><a name="[8f]"></a>RCC_HCLKConfig</STRONG> (Thumb, 68 bytes, Stack size 16 bytes, stm32f4xx_rcc.o(.text), UNUSED)
<BR><BR>[Calls]<UL><LI><a href="#[72]">&gt;&gt;</a>&nbsp;&nbsp;&nbsp;assert_failed
</UL>

<P><STRONG><a name="[90]"></a>RCC_PCLK1Config</STRONG> (Thumb, 60 bytes, Stack size 16 bytes, stm32f4xx_rcc.o(.text), UNUSED)
<BR><BR>[Calls]<UL><LI><a href="#[72]">&gt;&gt;</a>&nbsp;&nbsp;&nbsp;assert_failed
</UL>

<P><STRONG><a name="[91]"></a>RCC_PCLK2Config</STRONG> (Thumb, 62 bytes, Stack size 16 bytes, stm32f4xx_rcc.o(.text), UNUSED)
<BR><BR>[Calls]<UL><LI><a href="#[72]">&gt;&gt;</a>&nbsp;&nbsp;&nbsp;assert_failed
</UL>

<P><STRONG><a name="[1fa]"></a>RCC_GetClocksFreq</STRONG> (Thumb, 214 bytes, Stack size 20 bytes, stm32f4xx_rcc.o(.text), UNUSED)

<P><STRONG><a name="[92]"></a>RCC_RTCCLKConfig</STRONG> (Thumb, 262 bytes, Stack size 16 bytes, stm32f4xx_rcc.o(.text), UNUSED)
<BR><BR>[Calls]<UL><LI><a href="#[72]">&gt;&gt;</a>&nbsp;&nbsp;&nbsp;assert_failed
</UL>

<P><STRONG><a name="[93]"></a>RCC_RTCCLKCmd</STRONG> (Thumb, 30 bytes, Stack size 8 bytes, stm32f4xx_rcc.o(.text), UNUSED)
<BR><BR>[Calls]<UL><LI><a href="#[72]">&gt;&gt;</a>&nbsp;&nbsp;&nbsp;assert_failed
</UL>

<P><STRONG><a name="[94]"></a>RCC_BackupResetCmd</STRONG> (Thumb, 32 bytes, Stack size 8 bytes, stm32f4xx_rcc.o(.text), UNUSED)
<BR><BR>[Calls]<UL><LI><a href="#[72]">&gt;&gt;</a>&nbsp;&nbsp;&nbsp;assert_failed
</UL>

<P><STRONG><a name="[95]"></a>RCC_I2SCLKConfig</STRONG> (Thumb, 30 bytes, Stack size 8 bytes, stm32f4xx_rcc.o(.text), UNUSED)
<BR><BR>[Calls]<UL><LI><a href="#[72]">&gt;&gt;</a>&nbsp;&nbsp;&nbsp;assert_failed
</UL>

<P><STRONG><a name="[96]"></a>RCC_AHB1PeriphClockCmd</STRONG> (Thumb, 82 bytes, Stack size 16 bytes, stm32f4xx_rcc.o(.text))
<BR><BR>[Stack]<UL><LI>Max Depth = 16<LI>Call Chain = RCC_AHB1PeriphClockCmd
</UL>
<BR>[Calls]<UL><LI><a href="#[72]">&gt;&gt;</a>&nbsp;&nbsp;&nbsp;assert_failed
</UL>
<BR>[Called By]<UL><LI><a href="#[c8]">&gt;&gt;</a>&nbsp;&nbsp;&nbsp;MySPI_All_Init
<LI><a href="#[c7]">&gt;&gt;</a>&nbsp;&nbsp;&nbsp;LED_Init
</UL>

<P><STRONG><a name="[97]"></a>RCC_AHB2PeriphClockCmd</STRONG> (Thumb, 82 bytes, Stack size 16 bytes, stm32f4xx_rcc.o(.text), UNUSED)
<BR><BR>[Calls]<UL><LI><a href="#[72]">&gt;&gt;</a>&nbsp;&nbsp;&nbsp;assert_failed
</UL>

<P><STRONG><a name="[98]"></a>RCC_AHB3PeriphClockCmd</STRONG> (Thumb, 232 bytes, Stack size 16 bytes, stm32f4xx_rcc.o(.text), UNUSED)
<BR><BR>[Calls]<UL><LI><a href="#[72]">&gt;&gt;</a>&nbsp;&nbsp;&nbsp;assert_failed
</UL>

<P><STRONG><a name="[99]"></a>RCC_APB1PeriphClockCmd</STRONG> (Thumb, 82 bytes, Stack size 16 bytes, stm32f4xx_rcc.o(.text))
<BR><BR>[Stack]<UL><LI>Max Depth = 16<LI>Call Chain = RCC_APB1PeriphClockCmd
</UL>
<BR>[Calls]<UL><LI><a href="#[72]">&gt;&gt;</a>&nbsp;&nbsp;&nbsp;assert_failed
</UL>
<BR>[Called By]<UL><LI><a href="#[c8]">&gt;&gt;</a>&nbsp;&nbsp;&nbsp;MySPI_All_Init
</UL>

<P><STRONG><a name="[9a]"></a>RCC_APB2PeriphClockCmd</STRONG> (Thumb, 82 bytes, Stack size 16 bytes, stm32f4xx_rcc.o(.text), UNUSED)
<BR><BR>[Calls]<UL><LI><a href="#[72]">&gt;&gt;</a>&nbsp;&nbsp;&nbsp;assert_failed
</UL>

<P><STRONG><a name="[73]"></a>RCC_AHB1PeriphResetCmd</STRONG> (Thumb, 82 bytes, Stack size 16 bytes, stm32f4xx_rcc.o(.text), UNUSED)
<BR><BR>[Calls]<UL><LI><a href="#[72]">&gt;&gt;</a>&nbsp;&nbsp;&nbsp;assert_failed
</UL>
<BR>[Called By]<UL><LI><a href="#[71]">&gt;&gt;</a>&nbsp;&nbsp;&nbsp;GPIO_DeInit
</UL>

<P><STRONG><a name="[9b]"></a>RCC_AHB2PeriphResetCmd</STRONG> (Thumb, 82 bytes, Stack size 16 bytes, stm32f4xx_rcc.o(.text), UNUSED)
<BR><BR>[Calls]<UL><LI><a href="#[72]">&gt;&gt;</a>&nbsp;&nbsp;&nbsp;assert_failed
</UL>

<P><STRONG><a name="[9c]"></a>RCC_AHB3PeriphResetCmd</STRONG> (Thumb, 82 bytes, Stack size 16 bytes, stm32f4xx_rcc.o(.text), UNUSED)
<BR><BR>[Calls]<UL><LI><a href="#[72]">&gt;&gt;</a>&nbsp;&nbsp;&nbsp;assert_failed
</UL>

<P><STRONG><a name="[9d]"></a>RCC_APB1PeriphResetCmd</STRONG> (Thumb, 82 bytes, Stack size 16 bytes, stm32f4xx_rcc.o(.text), UNUSED)
<BR><BR>[Calls]<UL><LI><a href="#[72]">&gt;&gt;</a>&nbsp;&nbsp;&nbsp;assert_failed
</UL>
<BR>[Called By]<UL><LI><a href="#[a7]">&gt;&gt;</a>&nbsp;&nbsp;&nbsp;SPI_I2S_DeInit
</UL>

<P><STRONG><a name="[9e]"></a>RCC_APB2PeriphResetCmd</STRONG> (Thumb, 82 bytes, Stack size 16 bytes, stm32f4xx_rcc.o(.text), UNUSED)
<BR><BR>[Calls]<UL><LI><a href="#[72]">&gt;&gt;</a>&nbsp;&nbsp;&nbsp;assert_failed
</UL>
<BR>[Called By]<UL><LI><a href="#[a7]">&gt;&gt;</a>&nbsp;&nbsp;&nbsp;SPI_I2S_DeInit
</UL>

<P><STRONG><a name="[9f]"></a>RCC_AHB1PeriphClockLPModeCmd</STRONG> (Thumb, 82 bytes, Stack size 16 bytes, stm32f4xx_rcc.o(.text), UNUSED)
<BR><BR>[Calls]<UL><LI><a href="#[72]">&gt;&gt;</a>&nbsp;&nbsp;&nbsp;assert_failed
</UL>

<P><STRONG><a name="[a0]"></a>RCC_AHB2PeriphClockLPModeCmd</STRONG> (Thumb, 82 bytes, Stack size 16 bytes, stm32f4xx_rcc.o(.text), UNUSED)
<BR><BR>[Calls]<UL><LI><a href="#[72]">&gt;&gt;</a>&nbsp;&nbsp;&nbsp;assert_failed
</UL>

<P><STRONG><a name="[a1]"></a>RCC_AHB3PeriphClockLPModeCmd</STRONG> (Thumb, 82 bytes, Stack size 16 bytes, stm32f4xx_rcc.o(.text), UNUSED)
<BR><BR>[Calls]<UL><LI><a href="#[72]">&gt;&gt;</a>&nbsp;&nbsp;&nbsp;assert_failed
</UL>

<P><STRONG><a name="[a2]"></a>RCC_APB1PeriphClockLPModeCmd</STRONG> (Thumb, 82 bytes, Stack size 16 bytes, stm32f4xx_rcc.o(.text), UNUSED)
<BR><BR>[Calls]<UL><LI><a href="#[72]">&gt;&gt;</a>&nbsp;&nbsp;&nbsp;assert_failed
</UL>

<P><STRONG><a name="[a3]"></a>RCC_APB2PeriphClockLPModeCmd</STRONG> (Thumb, 106 bytes, Stack size 16 bytes, stm32f4xx_rcc.o(.text), UNUSED)
<BR><BR>[Calls]<UL><LI><a href="#[72]">&gt;&gt;</a>&nbsp;&nbsp;&nbsp;assert_failed
</UL>

<P><STRONG><a name="[a4]"></a>RCC_ITConfig</STRONG> (Thumb, 74 bytes, Stack size 16 bytes, stm32f4xx_rcc.o(.text), UNUSED)
<BR><BR>[Calls]<UL><LI><a href="#[72]">&gt;&gt;</a>&nbsp;&nbsp;&nbsp;assert_failed
</UL>

<P><STRONG><a name="[1fb]"></a>RCC_ClearFlag</STRONG> (Thumb, 18 bytes, Stack size 0 bytes, stm32f4xx_rcc.o(.text), UNUSED)

<P><STRONG><a name="[a5]"></a>RCC_GetITStatus</STRONG> (Thumb, 68 bytes, Stack size 16 bytes, stm32f4xx_rcc.o(.text), UNUSED)
<BR><BR>[Calls]<UL><LI><a href="#[72]">&gt;&gt;</a>&nbsp;&nbsp;&nbsp;assert_failed
</UL>

<P><STRONG><a name="[a6]"></a>RCC_ClearITPendingBit</STRONG> (Thumb, 34 bytes, Stack size 8 bytes, stm32f4xx_rcc.o(.text), UNUSED)
<BR><BR>[Calls]<UL><LI><a href="#[72]">&gt;&gt;</a>&nbsp;&nbsp;&nbsp;assert_failed
</UL>

<P><STRONG><a name="[a7]"></a>SPI_I2S_DeInit</STRONG> (Thumb, 104 bytes, Stack size 8 bytes, stm32f4xx_spi.o(.text), UNUSED)
<BR><BR>[Calls]<UL><LI><a href="#[9d]">&gt;&gt;</a>&nbsp;&nbsp;&nbsp;RCC_APB1PeriphResetCmd
<LI><a href="#[9e]">&gt;&gt;</a>&nbsp;&nbsp;&nbsp;RCC_APB2PeriphResetCmd
<LI><a href="#[72]">&gt;&gt;</a>&nbsp;&nbsp;&nbsp;assert_failed
</UL>

<P><STRONG><a name="[a8]"></a>SPI_Init</STRONG> (Thumb, 348 bytes, Stack size 16 bytes, stm32f4xx_spi.o(.text))
<BR><BR>[Stack]<UL><LI>Max Depth = 16<LI>Call Chain = SPI_Init
</UL>
<BR>[Calls]<UL><LI><a href="#[72]">&gt;&gt;</a>&nbsp;&nbsp;&nbsp;assert_failed
</UL>
<BR>[Called By]<UL><LI><a href="#[c8]">&gt;&gt;</a>&nbsp;&nbsp;&nbsp;MySPI_All_Init
</UL>

<P><STRONG><a name="[a9]"></a>I2S_Init</STRONG> (Thumb, 508 bytes, Stack size 48 bytes, stm32f4xx_spi.o(.text), UNUSED)
<BR><BR>[Calls]<UL><LI><a href="#[72]">&gt;&gt;</a>&nbsp;&nbsp;&nbsp;assert_failed
</UL>

<P><STRONG><a name="[1fc]"></a>SPI_StructInit</STRONG> (Thumb, 24 bytes, Stack size 0 bytes, stm32f4xx_spi.o(.text), UNUSED)

<P><STRONG><a name="[1fd]"></a>I2S_StructInit</STRONG> (Thumb, 104 bytes, Stack size 0 bytes, stm32f4xx_spi.o(.text), UNUSED)

<P><STRONG><a name="[aa]"></a>SPI_Cmd</STRONG> (Thumb, 82 bytes, Stack size 16 bytes, stm32f4xx_spi.o(.text))
<BR><BR>[Stack]<UL><LI>Max Depth = 16<LI>Call Chain = SPI_Cmd
</UL>
<BR>[Calls]<UL><LI><a href="#[72]">&gt;&gt;</a>&nbsp;&nbsp;&nbsp;assert_failed
</UL>
<BR>[Called By]<UL><LI><a href="#[c8]">&gt;&gt;</a>&nbsp;&nbsp;&nbsp;MySPI_All_Init
</UL>

<P><STRONG><a name="[ab]"></a>I2S_Cmd</STRONG> (Thumb, 88 bytes, Stack size 16 bytes, stm32f4xx_spi.o(.text), UNUSED)
<BR><BR>[Calls]<UL><LI><a href="#[72]">&gt;&gt;</a>&nbsp;&nbsp;&nbsp;assert_failed
</UL>

<P><STRONG><a name="[ac]"></a>SPI_DataSizeConfig</STRONG> (Thumb, 78 bytes, Stack size 16 bytes, stm32f4xx_spi.o(.text), UNUSED)
<BR><BR>[Calls]<UL><LI><a href="#[72]">&gt;&gt;</a>&nbsp;&nbsp;&nbsp;assert_failed
</UL>

<P><STRONG><a name="[ad]"></a>SPI_BiDirectionalLineConfig</STRONG> (Thumb, 94 bytes, Stack size 16 bytes, stm32f4xx_spi.o(.text), UNUSED)
<BR><BR>[Calls]<UL><LI><a href="#[72]">&gt;&gt;</a>&nbsp;&nbsp;&nbsp;assert_failed
</UL>

<P><STRONG><a name="[ae]"></a>SPI_NSSInternalSoftwareConfig</STRONG> (Thumb, 96 bytes, Stack size 16 bytes, stm32f4xx_spi.o(.text), UNUSED)
<BR><BR>[Calls]<UL><LI><a href="#[72]">&gt;&gt;</a>&nbsp;&nbsp;&nbsp;assert_failed
</UL>

<P><STRONG><a name="[af]"></a>SPI_SSOutputCmd</STRONG> (Thumb, 82 bytes, Stack size 16 bytes, stm32f4xx_spi.o(.text), UNUSED)
<BR><BR>[Calls]<UL><LI><a href="#[72]">&gt;&gt;</a>&nbsp;&nbsp;&nbsp;assert_failed
</UL>

<P><STRONG><a name="[b0]"></a>SPI_TIModeCmd</STRONG> (Thumb, 82 bytes, Stack size 16 bytes, stm32f4xx_spi.o(.text), UNUSED)
<BR><BR>[Calls]<UL><LI><a href="#[72]">&gt;&gt;</a>&nbsp;&nbsp;&nbsp;assert_failed
</UL>

<P><STRONG><a name="[b1]"></a>I2S_FullDuplexConfig</STRONG> (Thumb, 258 bytes, Stack size 24 bytes, stm32f4xx_spi.o(.text), UNUSED)
<BR><BR>[Calls]<UL><LI><a href="#[72]">&gt;&gt;</a>&nbsp;&nbsp;&nbsp;assert_failed
</UL>

<P><STRONG><a name="[b2]"></a>SPI_I2S_ReceiveData</STRONG> (Thumb, 52 bytes, Stack size 8 bytes, stm32f4xx_spi.o(.text))
<BR><BR>[Stack]<UL><LI>Max Depth = 8<LI>Call Chain = SPI_I2S_ReceiveData
</UL>
<BR>[Calls]<UL><LI><a href="#[72]">&gt;&gt;</a>&nbsp;&nbsp;&nbsp;assert_failed
</UL>
<BR>[Called By]<UL><LI><a href="#[159]">&gt;&gt;</a>&nbsp;&nbsp;&nbsp;MySPI_SwapByte
</UL>

<P><STRONG><a name="[b3]"></a>SPI_I2S_SendData</STRONG> (Thumb, 54 bytes, Stack size 16 bytes, stm32f4xx_spi.o(.text))
<BR><BR>[Stack]<UL><LI>Max Depth = 16<LI>Call Chain = SPI_I2S_SendData
</UL>
<BR>[Calls]<UL><LI><a href="#[72]">&gt;&gt;</a>&nbsp;&nbsp;&nbsp;assert_failed
</UL>
<BR>[Called By]<UL><LI><a href="#[159]">&gt;&gt;</a>&nbsp;&nbsp;&nbsp;MySPI_SwapByte
</UL>

<P><STRONG><a name="[b4]"></a>SPI_CalculateCRC</STRONG> (Thumb, 98 bytes, Stack size 16 bytes, stm32f4xx_spi.o(.text), UNUSED)
<BR><BR>[Calls]<UL><LI><a href="#[72]">&gt;&gt;</a>&nbsp;&nbsp;&nbsp;assert_failed
</UL>

<P><STRONG><a name="[b5]"></a>SPI_TransmitCRC</STRONG> (Thumb, 46 bytes, Stack size 8 bytes, stm32f4xx_spi.o(.text), UNUSED)
<BR><BR>[Calls]<UL><LI><a href="#[72]">&gt;&gt;</a>&nbsp;&nbsp;&nbsp;assert_failed
</UL>

<P><STRONG><a name="[b6]"></a>SPI_GetCRC</STRONG> (Thumb, 74 bytes, Stack size 16 bytes, stm32f4xx_spi.o(.text), UNUSED)
<BR><BR>[Calls]<UL><LI><a href="#[72]">&gt;&gt;</a>&nbsp;&nbsp;&nbsp;assert_failed
</UL>

<P><STRONG><a name="[b7]"></a>SPI_GetCRCPolynomial</STRONG> (Thumb, 40 bytes, Stack size 8 bytes, stm32f4xx_spi.o(.text), UNUSED)
<BR><BR>[Calls]<UL><LI><a href="#[72]">&gt;&gt;</a>&nbsp;&nbsp;&nbsp;assert_failed
</UL>

<P><STRONG><a name="[b8]"></a>SPI_I2S_DMACmd</STRONG> (Thumb, 114 bytes, Stack size 16 bytes, stm32f4xx_spi.o(.text), UNUSED)
<BR><BR>[Calls]<UL><LI><a href="#[72]">&gt;&gt;</a>&nbsp;&nbsp;&nbsp;assert_failed
</UL>

<P><STRONG><a name="[b9]"></a>SPI_I2S_ITConfig</STRONG> (Thumb, 138 bytes, Stack size 24 bytes, stm32f4xx_spi.o(.text), UNUSED)
<BR><BR>[Calls]<UL><LI><a href="#[72]">&gt;&gt;</a>&nbsp;&nbsp;&nbsp;assert_failed
</UL>

<P><STRONG><a name="[ba]"></a>SPI_I2S_GetFlagStatus</STRONG> (Thumb, 120 bytes, Stack size 16 bytes, stm32f4xx_spi.o(.text))
<BR><BR>[Stack]<UL><LI>Max Depth = 16<LI>Call Chain = SPI_I2S_GetFlagStatus
</UL>
<BR>[Calls]<UL><LI><a href="#[72]">&gt;&gt;</a>&nbsp;&nbsp;&nbsp;assert_failed
</UL>
<BR>[Called By]<UL><LI><a href="#[159]">&gt;&gt;</a>&nbsp;&nbsp;&nbsp;MySPI_SwapByte
</UL>

<P><STRONG><a name="[bb]"></a>SPI_I2S_ClearFlag</STRONG> (Thumb, 74 bytes, Stack size 16 bytes, stm32f4xx_spi.o(.text), UNUSED)
<BR><BR>[Calls]<UL><LI><a href="#[72]">&gt;&gt;</a>&nbsp;&nbsp;&nbsp;assert_failed
</UL>

<P><STRONG><a name="[bc]"></a>SPI_I2S_GetITStatus</STRONG> (Thumb, 154 bytes, Stack size 32 bytes, stm32f4xx_spi.o(.text), UNUSED)
<BR><BR>[Calls]<UL><LI><a href="#[72]">&gt;&gt;</a>&nbsp;&nbsp;&nbsp;assert_failed
</UL>

<P><STRONG><a name="[bd]"></a>SPI_I2S_ClearITPendingBit</STRONG> (Thumb, 86 bytes, Stack size 16 bytes, stm32f4xx_spi.o(.text), UNUSED)
<BR><BR>[Calls]<UL><LI><a href="#[72]">&gt;&gt;</a>&nbsp;&nbsp;&nbsp;assert_failed
</UL>

<P><STRONG><a name="[5d]"></a>SystemInit</STRONG> (Thumb, 88 bytes, Stack size 8 bytes, system_stm32f4xx.o(.text))
<BR><BR>[Stack]<UL><LI>Max Depth = 20<LI>Call Chain = SystemInit &rArr; SetSysClock
</UL>
<BR>[Calls]<UL><LI><a href="#[be]">&gt;&gt;</a>&nbsp;&nbsp;&nbsp;SetSysClock
</UL>
<BR>[Address Reference Count : 1]<UL><LI> startup_stm32f4xx.o(.text)
</UL>
<P><STRONG><a name="[1fe]"></a>SystemCoreClockUpdate</STRONG> (Thumb, 174 bytes, Stack size 16 bytes, system_stm32f4xx.o(.text), UNUSED)

<P><STRONG><a name="[6d]"></a>Reset_Handler</STRONG> (Thumb, 8 bytes, Stack size 0 bytes, startup_stm32f4xx.o(.text))

<P><STRONG><a name="[1]"></a>NMI_Handler</STRONG> (Thumb, 2 bytes, Stack size 0 bytes, startup_stm32f4xx.o(.text))
<BR><BR>[Calls]<UL><LI><a href="#[1]">&gt;&gt;</a>&nbsp;&nbsp;&nbsp;NMI_Handler
</UL>
<BR>[Called By]<UL><LI><a href="#[1]">&gt;&gt;</a>&nbsp;&nbsp;&nbsp;NMI_Handler
</UL>
<BR>[Address Reference Count : 1]<UL><LI> startup_stm32f4xx.o(RESET)
</UL>
<P><STRONG><a name="[2]"></a>HardFault_Handler</STRONG> (Thumb, 2 bytes, Stack size 0 bytes, startup_stm32f4xx.o(.text))
<BR><BR>[Calls]<UL><LI><a href="#[2]">&gt;&gt;</a>&nbsp;&nbsp;&nbsp;HardFault_Handler
</UL>
<BR>[Called By]<UL><LI><a href="#[2]">&gt;&gt;</a>&nbsp;&nbsp;&nbsp;HardFault_Handler
</UL>
<BR>[Address Reference Count : 1]<UL><LI> startup_stm32f4xx.o(RESET)
</UL>
<P><STRONG><a name="[3]"></a>MemManage_Handler</STRONG> (Thumb, 2 bytes, Stack size 0 bytes, startup_stm32f4xx.o(.text))
<BR><BR>[Calls]<UL><LI><a href="#[3]">&gt;&gt;</a>&nbsp;&nbsp;&nbsp;MemManage_Handler
</UL>
<BR>[Called By]<UL><LI><a href="#[3]">&gt;&gt;</a>&nbsp;&nbsp;&nbsp;MemManage_Handler
</UL>
<BR>[Address Reference Count : 1]<UL><LI> startup_stm32f4xx.o(RESET)
</UL>
<P><STRONG><a name="[4]"></a>BusFault_Handler</STRONG> (Thumb, 2 bytes, Stack size 0 bytes, startup_stm32f4xx.o(.text))
<BR><BR>[Calls]<UL><LI><a href="#[4]">&gt;&gt;</a>&nbsp;&nbsp;&nbsp;BusFault_Handler
</UL>
<BR>[Called By]<UL><LI><a href="#[4]">&gt;&gt;</a>&nbsp;&nbsp;&nbsp;BusFault_Handler
</UL>
<BR>[Address Reference Count : 1]<UL><LI> startup_stm32f4xx.o(RESET)
</UL>
<P><STRONG><a name="[5]"></a>UsageFault_Handler</STRONG> (Thumb, 2 bytes, Stack size 0 bytes, startup_stm32f4xx.o(.text))
<BR><BR>[Calls]<UL><LI><a href="#[5]">&gt;&gt;</a>&nbsp;&nbsp;&nbsp;UsageFault_Handler
</UL>
<BR>[Called By]<UL><LI><a href="#[5]">&gt;&gt;</a>&nbsp;&nbsp;&nbsp;UsageFault_Handler
</UL>
<BR>[Address Reference Count : 1]<UL><LI> startup_stm32f4xx.o(RESET)
</UL>
<P><STRONG><a name="[7]"></a>DebugMon_Handler</STRONG> (Thumb, 2 bytes, Stack size 0 bytes, startup_stm32f4xx.o(.text))
<BR><BR>[Calls]<UL><LI><a href="#[7]">&gt;&gt;</a>&nbsp;&nbsp;&nbsp;DebugMon_Handler
</UL>
<BR>[Called By]<UL><LI><a href="#[7]">&gt;&gt;</a>&nbsp;&nbsp;&nbsp;DebugMon_Handler
</UL>
<BR>[Address Reference Count : 1]<UL><LI> startup_stm32f4xx.o(RESET)
</UL>
<P><STRONG><a name="[1c]"></a>ADC_IRQHandler</STRONG> (Thumb, 0 bytes, Stack size 0 bytes, startup_stm32f4xx.o(.text))
<BR><BR>[Calls]<UL><LI><a href="#[1c]">&gt;&gt;</a>&nbsp;&nbsp;&nbsp;ADC_IRQHandler
</UL>
<BR>[Called By]<UL><LI><a href="#[1c]">&gt;&gt;</a>&nbsp;&nbsp;&nbsp;ADC_IRQHandler
</UL>
<BR>[Address Reference Count : 1]<UL><LI> startup_stm32f4xx.o(RESET)
</UL>
<P><STRONG><a name="[1e]"></a>CAN1_RX0_IRQHandler</STRONG> (Thumb, 0 bytes, Stack size 0 bytes, startup_stm32f4xx.o(.text))
<BR>[Address Reference Count : 1]<UL><LI> startup_stm32f4xx.o(RESET)
</UL>
<P><STRONG><a name="[1f]"></a>CAN1_RX1_IRQHandler</STRONG> (Thumb, 0 bytes, Stack size 0 bytes, startup_stm32f4xx.o(.text))
<BR>[Address Reference Count : 1]<UL><LI> startup_stm32f4xx.o(RESET)
</UL>
<P><STRONG><a name="[20]"></a>CAN1_SCE_IRQHandler</STRONG> (Thumb, 0 bytes, Stack size 0 bytes, startup_stm32f4xx.o(.text))
<BR>[Address Reference Count : 1]<UL><LI> startup_stm32f4xx.o(RESET)
</UL>
<P><STRONG><a name="[1d]"></a>CAN1_TX_IRQHandler</STRONG> (Thumb, 0 bytes, Stack size 0 bytes, startup_stm32f4xx.o(.text))
<BR>[Address Reference Count : 1]<UL><LI> startup_stm32f4xx.o(RESET)
</UL>
<P><STRONG><a name="[4a]"></a>CAN2_RX0_IRQHandler</STRONG> (Thumb, 0 bytes, Stack size 0 bytes, startup_stm32f4xx.o(.text))
<BR>[Address Reference Count : 1]<UL><LI> startup_stm32f4xx.o(RESET)
</UL>
<P><STRONG><a name="[4b]"></a>CAN2_RX1_IRQHandler</STRONG> (Thumb, 0 bytes, Stack size 0 bytes, startup_stm32f4xx.o(.text))
<BR>[Address Reference Count : 1]<UL><LI> startup_stm32f4xx.o(RESET)
</UL>
<P><STRONG><a name="[4c]"></a>CAN2_SCE_IRQHandler</STRONG> (Thumb, 0 bytes, Stack size 0 bytes, startup_stm32f4xx.o(.text))
<BR>[Address Reference Count : 1]<UL><LI> startup_stm32f4xx.o(RESET)
</UL>
<P><STRONG><a name="[49]"></a>CAN2_TX_IRQHandler</STRONG> (Thumb, 0 bytes, Stack size 0 bytes, startup_stm32f4xx.o(.text))
<BR>[Address Reference Count : 1]<UL><LI> startup_stm32f4xx.o(RESET)
</UL>
<P><STRONG><a name="[59]"></a>CRYP_IRQHandler</STRONG> (Thumb, 0 bytes, Stack size 0 bytes, startup_stm32f4xx.o(.text))
<BR>[Address Reference Count : 1]<UL><LI> startup_stm32f4xx.o(RESET)
</UL>
<P><STRONG><a name="[58]"></a>DCMI_IRQHandler</STRONG> (Thumb, 0 bytes, Stack size 0 bytes, startup_stm32f4xx.o(.text))
<BR>[Address Reference Count : 1]<UL><LI> startup_stm32f4xx.o(RESET)
</UL>
<P><STRONG><a name="[15]"></a>DMA1_Stream0_IRQHandler</STRONG> (Thumb, 0 bytes, Stack size 0 bytes, startup_stm32f4xx.o(.text))
<BR>[Address Reference Count : 1]<UL><LI> startup_stm32f4xx.o(RESET)
</UL>
<P><STRONG><a name="[16]"></a>DMA1_Stream1_IRQHandler</STRONG> (Thumb, 0 bytes, Stack size 0 bytes, startup_stm32f4xx.o(.text))
<BR>[Address Reference Count : 1]<UL><LI> startup_stm32f4xx.o(RESET)
</UL>
<P><STRONG><a name="[17]"></a>DMA1_Stream2_IRQHandler</STRONG> (Thumb, 0 bytes, Stack size 0 bytes, startup_stm32f4xx.o(.text))
<BR>[Address Reference Count : 1]<UL><LI> startup_stm32f4xx.o(RESET)
</UL>
<P><STRONG><a name="[18]"></a>DMA1_Stream3_IRQHandler</STRONG> (Thumb, 0 bytes, Stack size 0 bytes, startup_stm32f4xx.o(.text))
<BR>[Address Reference Count : 1]<UL><LI> startup_stm32f4xx.o(RESET)
</UL>
<P><STRONG><a name="[19]"></a>DMA1_Stream4_IRQHandler</STRONG> (Thumb, 0 bytes, Stack size 0 bytes, startup_stm32f4xx.o(.text))
<BR>[Address Reference Count : 1]<UL><LI> startup_stm32f4xx.o(RESET)
</UL>
<P><STRONG><a name="[1a]"></a>DMA1_Stream5_IRQHandler</STRONG> (Thumb, 0 bytes, Stack size 0 bytes, startup_stm32f4xx.o(.text))
<BR>[Address Reference Count : 1]<UL><LI> startup_stm32f4xx.o(RESET)
</UL>
<P><STRONG><a name="[1b]"></a>DMA1_Stream6_IRQHandler</STRONG> (Thumb, 0 bytes, Stack size 0 bytes, startup_stm32f4xx.o(.text))
<BR>[Address Reference Count : 1]<UL><LI> startup_stm32f4xx.o(RESET)
</UL>
<P><STRONG><a name="[39]"></a>DMA1_Stream7_IRQHandler</STRONG> (Thumb, 0 bytes, Stack size 0 bytes, startup_stm32f4xx.o(.text))
<BR>[Address Reference Count : 1]<UL><LI> startup_stm32f4xx.o(RESET)
</UL>
<P><STRONG><a name="[42]"></a>DMA2_Stream0_IRQHandler</STRONG> (Thumb, 0 bytes, Stack size 0 bytes, startup_stm32f4xx.o(.text))
<BR>[Address Reference Count : 1]<UL><LI> startup_stm32f4xx.o(RESET)
</UL>
<P><STRONG><a name="[43]"></a>DMA2_Stream1_IRQHandler</STRONG> (Thumb, 0 bytes, Stack size 0 bytes, startup_stm32f4xx.o(.text))
<BR>[Address Reference Count : 1]<UL><LI> startup_stm32f4xx.o(RESET)
</UL>
<P><STRONG><a name="[44]"></a>DMA2_Stream2_IRQHandler</STRONG> (Thumb, 0 bytes, Stack size 0 bytes, startup_stm32f4xx.o(.text))
<BR>[Address Reference Count : 1]<UL><LI> startup_stm32f4xx.o(RESET)
</UL>
<P><STRONG><a name="[45]"></a>DMA2_Stream3_IRQHandler</STRONG> (Thumb, 0 bytes, Stack size 0 bytes, startup_stm32f4xx.o(.text))
<BR>[Address Reference Count : 1]<UL><LI> startup_stm32f4xx.o(RESET)
</UL>
<P><STRONG><a name="[46]"></a>DMA2_Stream4_IRQHandler</STRONG> (Thumb, 0 bytes, Stack size 0 bytes, startup_stm32f4xx.o(.text))
<BR>[Address Reference Count : 1]<UL><LI> startup_stm32f4xx.o(RESET)
</UL>
<P><STRONG><a name="[4e]"></a>DMA2_Stream5_IRQHandler</STRONG> (Thumb, 0 bytes, Stack size 0 bytes, startup_stm32f4xx.o(.text))
<BR>[Address Reference Count : 1]<UL><LI> startup_stm32f4xx.o(RESET)
</UL>
<P><STRONG><a name="[4f]"></a>DMA2_Stream6_IRQHandler</STRONG> (Thumb, 0 bytes, Stack size 0 bytes, startup_stm32f4xx.o(.text))
<BR>[Address Reference Count : 1]<UL><LI> startup_stm32f4xx.o(RESET)
</UL>
<P><STRONG><a name="[50]"></a>DMA2_Stream7_IRQHandler</STRONG> (Thumb, 0 bytes, Stack size 0 bytes, startup_stm32f4xx.o(.text))
<BR>[Address Reference Count : 1]<UL><LI> startup_stm32f4xx.o(RESET)
</UL>
<P><STRONG><a name="[47]"></a>ETH_IRQHandler</STRONG> (Thumb, 0 bytes, Stack size 0 bytes, startup_stm32f4xx.o(.text))
<BR>[Address Reference Count : 1]<UL><LI> startup_stm32f4xx.o(RESET)
</UL>
<P><STRONG><a name="[48]"></a>ETH_WKUP_IRQHandler</STRONG> (Thumb, 0 bytes, Stack size 0 bytes, startup_stm32f4xx.o(.text))
<BR>[Address Reference Count : 1]<UL><LI> startup_stm32f4xx.o(RESET)
</UL>
<P><STRONG><a name="[10]"></a>EXTI0_IRQHandler</STRONG> (Thumb, 0 bytes, Stack size 0 bytes, startup_stm32f4xx.o(.text))
<BR>[Address Reference Count : 1]<UL><LI> startup_stm32f4xx.o(RESET)
</UL>
<P><STRONG><a name="[32]"></a>EXTI15_10_IRQHandler</STRONG> (Thumb, 0 bytes, Stack size 0 bytes, startup_stm32f4xx.o(.text))
<BR>[Address Reference Count : 1]<UL><LI> startup_stm32f4xx.o(RESET)
</UL>
<P><STRONG><a name="[11]"></a>EXTI1_IRQHandler</STRONG> (Thumb, 0 bytes, Stack size 0 bytes, startup_stm32f4xx.o(.text))
<BR>[Address Reference Count : 1]<UL><LI> startup_stm32f4xx.o(RESET)
</UL>
<P><STRONG><a name="[12]"></a>EXTI2_IRQHandler</STRONG> (Thumb, 0 bytes, Stack size 0 bytes, startup_stm32f4xx.o(.text))
<BR>[Address Reference Count : 1]<UL><LI> startup_stm32f4xx.o(RESET)
</UL>
<P><STRONG><a name="[13]"></a>EXTI3_IRQHandler</STRONG> (Thumb, 0 bytes, Stack size 0 bytes, startup_stm32f4xx.o(.text))
<BR>[Address Reference Count : 1]<UL><LI> startup_stm32f4xx.o(RESET)
</UL>
<P><STRONG><a name="[14]"></a>EXTI4_IRQHandler</STRONG> (Thumb, 0 bytes, Stack size 0 bytes, startup_stm32f4xx.o(.text))
<BR>[Address Reference Count : 1]<UL><LI> startup_stm32f4xx.o(RESET)
</UL>
<P><STRONG><a name="[21]"></a>EXTI9_5_IRQHandler</STRONG> (Thumb, 0 bytes, Stack size 0 bytes, startup_stm32f4xx.o(.text))
<BR>[Address Reference Count : 1]<UL><LI> startup_stm32f4xx.o(RESET)
</UL>
<P><STRONG><a name="[e]"></a>FLASH_IRQHandler</STRONG> (Thumb, 0 bytes, Stack size 0 bytes, startup_stm32f4xx.o(.text))
<BR>[Address Reference Count : 1]<UL><LI> startup_stm32f4xx.o(RESET)
</UL>
<P><STRONG><a name="[5b]"></a>FPU_IRQHandler</STRONG> (Thumb, 0 bytes, Stack size 0 bytes, startup_stm32f4xx.o(.text))
<BR>[Address Reference Count : 1]<UL><LI> startup_stm32f4xx.o(RESET)
</UL>
<P><STRONG><a name="[3a]"></a>FSMC_IRQHandler</STRONG> (Thumb, 0 bytes, Stack size 0 bytes, startup_stm32f4xx.o(.text))
<BR>[Address Reference Count : 1]<UL><LI> startup_stm32f4xx.o(RESET)
</UL>
<P><STRONG><a name="[5a]"></a>HASH_RNG_IRQHandler</STRONG> (Thumb, 0 bytes, Stack size 0 bytes, startup_stm32f4xx.o(.text))
<BR>[Address Reference Count : 1]<UL><LI> startup_stm32f4xx.o(RESET)
</UL>
<P><STRONG><a name="[2a]"></a>I2C1_ER_IRQHandler</STRONG> (Thumb, 0 bytes, Stack size 0 bytes, startup_stm32f4xx.o(.text))
<BR>[Address Reference Count : 1]<UL><LI> startup_stm32f4xx.o(RESET)
</UL>
<P><STRONG><a name="[29]"></a>I2C1_EV_IRQHandler</STRONG> (Thumb, 0 bytes, Stack size 0 bytes, startup_stm32f4xx.o(.text))
<BR>[Address Reference Count : 1]<UL><LI> startup_stm32f4xx.o(RESET)
</UL>
<P><STRONG><a name="[2c]"></a>I2C2_ER_IRQHandler</STRONG> (Thumb, 0 bytes, Stack size 0 bytes, startup_stm32f4xx.o(.text))
<BR>[Address Reference Count : 1]<UL><LI> startup_stm32f4xx.o(RESET)
</UL>
<P><STRONG><a name="[2b]"></a>I2C2_EV_IRQHandler</STRONG> (Thumb, 0 bytes, Stack size 0 bytes, startup_stm32f4xx.o(.text))
<BR>[Address Reference Count : 1]<UL><LI> startup_stm32f4xx.o(RESET)
</UL>
<P><STRONG><a name="[53]"></a>I2C3_ER_IRQHandler</STRONG> (Thumb, 0 bytes, Stack size 0 bytes, startup_stm32f4xx.o(.text))
<BR>[Address Reference Count : 1]<UL><LI> startup_stm32f4xx.o(RESET)
</UL>
<P><STRONG><a name="[52]"></a>I2C3_EV_IRQHandler</STRONG> (Thumb, 0 bytes, Stack size 0 bytes, startup_stm32f4xx.o(.text))
<BR>[Address Reference Count : 1]<UL><LI> startup_stm32f4xx.o(RESET)
</UL>
<P><STRONG><a name="[34]"></a>OTG_FS_WKUP_IRQHandler</STRONG> (Thumb, 0 bytes, Stack size 0 bytes, startup_stm32f4xx.o(.text))
<BR>[Address Reference Count : 1]<UL><LI> startup_stm32f4xx.o(RESET)
</UL>
<P><STRONG><a name="[55]"></a>OTG_HS_EP1_IN_IRQHandler</STRONG> (Thumb, 0 bytes, Stack size 0 bytes, startup_stm32f4xx.o(.text))
<BR>[Address Reference Count : 1]<UL><LI> startup_stm32f4xx.o(RESET)
</UL>
<P><STRONG><a name="[54]"></a>OTG_HS_EP1_OUT_IRQHandler</STRONG> (Thumb, 0 bytes, Stack size 0 bytes, startup_stm32f4xx.o(.text))
<BR>[Address Reference Count : 1]<UL><LI> startup_stm32f4xx.o(RESET)
</UL>
<P><STRONG><a name="[57]"></a>OTG_HS_IRQHandler</STRONG> (Thumb, 0 bytes, Stack size 0 bytes, startup_stm32f4xx.o(.text))
<BR>[Address Reference Count : 1]<UL><LI> startup_stm32f4xx.o(RESET)
</UL>
<P><STRONG><a name="[56]"></a>OTG_HS_WKUP_IRQHandler</STRONG> (Thumb, 0 bytes, Stack size 0 bytes, startup_stm32f4xx.o(.text))
<BR>[Address Reference Count : 1]<UL><LI> startup_stm32f4xx.o(RESET)
</UL>
<P><STRONG><a name="[b]"></a>PVD_IRQHandler</STRONG> (Thumb, 0 bytes, Stack size 0 bytes, startup_stm32f4xx.o(.text))
<BR>[Address Reference Count : 1]<UL><LI> startup_stm32f4xx.o(RESET)
</UL>
<P><STRONG><a name="[f]"></a>RCC_IRQHandler</STRONG> (Thumb, 0 bytes, Stack size 0 bytes, startup_stm32f4xx.o(.text))
<BR>[Address Reference Count : 1]<UL><LI> startup_stm32f4xx.o(RESET)
</UL>
<P><STRONG><a name="[33]"></a>RTC_Alarm_IRQHandler</STRONG> (Thumb, 0 bytes, Stack size 0 bytes, startup_stm32f4xx.o(.text))
<BR>[Address Reference Count : 1]<UL><LI> startup_stm32f4xx.o(RESET)
</UL>
<P><STRONG><a name="[d]"></a>RTC_WKUP_IRQHandler</STRONG> (Thumb, 0 bytes, Stack size 0 bytes, startup_stm32f4xx.o(.text))
<BR>[Address Reference Count : 1]<UL><LI> startup_stm32f4xx.o(RESET)
</UL>
<P><STRONG><a name="[3b]"></a>SDIO_IRQHandler</STRONG> (Thumb, 0 bytes, Stack size 0 bytes, startup_stm32f4xx.o(.text))
<BR>[Address Reference Count : 1]<UL><LI> startup_stm32f4xx.o(RESET)
</UL>
<P><STRONG><a name="[2d]"></a>SPI1_IRQHandler</STRONG> (Thumb, 0 bytes, Stack size 0 bytes, startup_stm32f4xx.o(.text))
<BR>[Address Reference Count : 1]<UL><LI> startup_stm32f4xx.o(RESET)
</UL>
<P><STRONG><a name="[2e]"></a>SPI2_IRQHandler</STRONG> (Thumb, 0 bytes, Stack size 0 bytes, startup_stm32f4xx.o(.text))
<BR>[Address Reference Count : 1]<UL><LI> startup_stm32f4xx.o(RESET)
</UL>
<P><STRONG><a name="[3d]"></a>SPI3_IRQHandler</STRONG> (Thumb, 0 bytes, Stack size 0 bytes, startup_stm32f4xx.o(.text))
<BR>[Address Reference Count : 1]<UL><LI> startup_stm32f4xx.o(RESET)
</UL>
<P><STRONG><a name="[c]"></a>TAMP_STAMP_IRQHandler</STRONG> (Thumb, 0 bytes, Stack size 0 bytes, startup_stm32f4xx.o(.text))
<BR>[Address Reference Count : 1]<UL><LI> startup_stm32f4xx.o(RESET)
</UL>
<P><STRONG><a name="[22]"></a>TIM1_BRK_TIM9_IRQHandler</STRONG> (Thumb, 0 bytes, Stack size 0 bytes, startup_stm32f4xx.o(.text))
<BR>[Address Reference Count : 1]<UL><LI> startup_stm32f4xx.o(RESET)
</UL>
<P><STRONG><a name="[25]"></a>TIM1_CC_IRQHandler</STRONG> (Thumb, 0 bytes, Stack size 0 bytes, startup_stm32f4xx.o(.text))
<BR>[Address Reference Count : 1]<UL><LI> startup_stm32f4xx.o(RESET)
</UL>
<P><STRONG><a name="[24]"></a>TIM1_TRG_COM_TIM11_IRQHandler</STRONG> (Thumb, 0 bytes, Stack size 0 bytes, startup_stm32f4xx.o(.text))
<BR>[Address Reference Count : 1]<UL><LI> startup_stm32f4xx.o(RESET)
</UL>
<P><STRONG><a name="[23]"></a>TIM1_UP_TIM10_IRQHandler</STRONG> (Thumb, 0 bytes, Stack size 0 bytes, startup_stm32f4xx.o(.text))
<BR>[Address Reference Count : 1]<UL><LI> startup_stm32f4xx.o(RESET)
</UL>
<P><STRONG><a name="[26]"></a>TIM2_IRQHandler</STRONG> (Thumb, 0 bytes, Stack size 0 bytes, startup_stm32f4xx.o(.text))
<BR>[Address Reference Count : 1]<UL><LI> startup_stm32f4xx.o(RESET)
</UL>
<P><STRONG><a name="[27]"></a>TIM3_IRQHandler</STRONG> (Thumb, 0 bytes, Stack size 0 bytes, startup_stm32f4xx.o(.text))
<BR>[Address Reference Count : 1]<UL><LI> startup_stm32f4xx.o(RESET)
</UL>
<P><STRONG><a name="[28]"></a>TIM4_IRQHandler</STRONG> (Thumb, 0 bytes, Stack size 0 bytes, startup_stm32f4xx.o(.text))
<BR>[Address Reference Count : 1]<UL><LI> startup_stm32f4xx.o(RESET)
</UL>
<P><STRONG><a name="[3c]"></a>TIM5_IRQHandler</STRONG> (Thumb, 0 bytes, Stack size 0 bytes, startup_stm32f4xx.o(.text))
<BR>[Address Reference Count : 1]<UL><LI> startup_stm32f4xx.o(RESET)
</UL>
<P><STRONG><a name="[40]"></a>TIM6_DAC_IRQHandler</STRONG> (Thumb, 0 bytes, Stack size 0 bytes, startup_stm32f4xx.o(.text))
<BR>[Address Reference Count : 1]<UL><LI> startup_stm32f4xx.o(RESET)
</UL>
<P><STRONG><a name="[41]"></a>TIM7_IRQHandler</STRONG> (Thumb, 0 bytes, Stack size 0 bytes, startup_stm32f4xx.o(.text))
<BR>[Address Reference Count : 1]<UL><LI> startup_stm32f4xx.o(RESET)
</UL>
<P><STRONG><a name="[35]"></a>TIM8_BRK_TIM12_IRQHandler</STRONG> (Thumb, 0 bytes, Stack size 0 bytes, startup_stm32f4xx.o(.text))
<BR>[Address Reference Count : 1]<UL><LI> startup_stm32f4xx.o(RESET)
</UL>
<P><STRONG><a name="[38]"></a>TIM8_CC_IRQHandler</STRONG> (Thumb, 0 bytes, Stack size 0 bytes, startup_stm32f4xx.o(.text))
<BR>[Address Reference Count : 1]<UL><LI> startup_stm32f4xx.o(RESET)
</UL>
<P><STRONG><a name="[37]"></a>TIM8_TRG_COM_TIM14_IRQHandler</STRONG> (Thumb, 0 bytes, Stack size 0 bytes, startup_stm32f4xx.o(.text))
<BR>[Address Reference Count : 1]<UL><LI> startup_stm32f4xx.o(RESET)
</UL>
<P><STRONG><a name="[36]"></a>TIM8_UP_TIM13_IRQHandler</STRONG> (Thumb, 0 bytes, Stack size 0 bytes, startup_stm32f4xx.o(.text))
<BR>[Address Reference Count : 1]<UL><LI> startup_stm32f4xx.o(RESET)
</UL>
<P><STRONG><a name="[3e]"></a>UART4_IRQHandler</STRONG> (Thumb, 0 bytes, Stack size 0 bytes, startup_stm32f4xx.o(.text))
<BR>[Address Reference Count : 1]<UL><LI> startup_stm32f4xx.o(RESET)
</UL>
<P><STRONG><a name="[3f]"></a>UART5_IRQHandler</STRONG> (Thumb, 0 bytes, Stack size 0 bytes, startup_stm32f4xx.o(.text))
<BR>[Address Reference Count : 1]<UL><LI> startup_stm32f4xx.o(RESET)
</UL>
<P><STRONG><a name="[2f]"></a>USART1_IRQHandler</STRONG> (Thumb, 0 bytes, Stack size 0 bytes, startup_stm32f4xx.o(.text))
<BR>[Address Reference Count : 1]<UL><LI> startup_stm32f4xx.o(RESET)
</UL>
<P><STRONG><a name="[30]"></a>USART2_IRQHandler</STRONG> (Thumb, 0 bytes, Stack size 0 bytes, startup_stm32f4xx.o(.text))
<BR>[Address Reference Count : 1]<UL><LI> startup_stm32f4xx.o(RESET)
</UL>
<P><STRONG><a name="[31]"></a>USART3_IRQHandler</STRONG> (Thumb, 0 bytes, Stack size 0 bytes, startup_stm32f4xx.o(.text))
<BR>[Address Reference Count : 1]<UL><LI> startup_stm32f4xx.o(RESET)
</UL>
<P><STRONG><a name="[51]"></a>USART6_IRQHandler</STRONG> (Thumb, 0 bytes, Stack size 0 bytes, startup_stm32f4xx.o(.text))
<BR>[Address Reference Count : 1]<UL><LI> startup_stm32f4xx.o(RESET)
</UL>
<P><STRONG><a name="[a]"></a>WWDG_IRQHandler</STRONG> (Thumb, 0 bytes, Stack size 0 bytes, startup_stm32f4xx.o(.text))
<BR>[Address Reference Count : 1]<UL><LI> startup_stm32f4xx.o(RESET)
</UL>
<P><STRONG><a name="[5c]"></a>main</STRONG> (Thumb, 8 bytes, Stack size 0 bytes, main.o(.text))
<BR><BR>[Stack]<UL><LI>Max Depth = 240<LI>Call Chain = main &rArr; Init &rArr; vTaskStartScheduler &rArr; prvCreateIdleTasks &rArr; xTaskCreate &rArr; prvCreateTask &rArr; pvPortMalloc &rArr; xTaskResumeAll &rArr; xTaskIncrementTick
</UL>
<BR>[Calls]<UL><LI><a href="#[bf]">&gt;&gt;</a>&nbsp;&nbsp;&nbsp;Init
</UL>
<BR>[Address Reference Count : 1]<UL><LI> entry9a.o(.ARM.Collect$$$$0000000B)
</UL>
<P><STRONG><a name="[c0]"></a>Task_Create</STRONG> (Thumb, 132 bytes, Stack size 16 bytes, task_create.o(.text))
<BR><BR>[Stack]<UL><LI>Max Depth = 200<LI>Call Chain = Task_Create &rArr; xTaskCreate &rArr; prvCreateTask &rArr; pvPortMalloc &rArr; xTaskResumeAll &rArr; xTaskIncrementTick
</UL>
<BR>[Calls]<UL><LI><a href="#[c1]">&gt;&gt;</a>&nbsp;&nbsp;&nbsp;xTaskCreate
</UL>
<BR>[Called By]<UL><LI><a href="#[bf]">&gt;&gt;</a>&nbsp;&nbsp;&nbsp;Init
</UL>

<P><STRONG><a name="[c2]"></a>create_all_queue</STRONG> (Thumb, 46 bytes, Stack size 8 bytes, task_create.o(.text))
<BR><BR>[Stack]<UL><LI>Max Depth = 120<LI>Call Chain = create_all_queue &rArr; xQueueGenericCreate &rArr; pvPortMalloc &rArr; xTaskResumeAll &rArr; xTaskIncrementTick
</UL>
<BR>[Calls]<UL><LI><a href="#[c3]">&gt;&gt;</a>&nbsp;&nbsp;&nbsp;xQueueGenericCreate
</UL>
<BR>[Called By]<UL><LI><a href="#[bf]">&gt;&gt;</a>&nbsp;&nbsp;&nbsp;Init
</UL>

<P><STRONG><a name="[bf]"></a>Init</STRONG> (Thumb, 36 bytes, Stack size 8 bytes, task_create.o(.text))
<BR><BR>[Stack]<UL><LI>Max Depth = 240<LI>Call Chain = Init &rArr; vTaskStartScheduler &rArr; prvCreateIdleTasks &rArr; xTaskCreate &rArr; prvCreateTask &rArr; pvPortMalloc &rArr; xTaskResumeAll &rArr; xTaskIncrementTick
</UL>
<BR>[Calls]<UL><LI><a href="#[c9]">&gt;&gt;</a>&nbsp;&nbsp;&nbsp;vTaskStartScheduler
<LI><a href="#[c6]">&gt;&gt;</a>&nbsp;&nbsp;&nbsp;usbd_init
<LI><a href="#[c5]">&gt;&gt;</a>&nbsp;&nbsp;&nbsp;USB_EnablePLL48CLK
<LI><a href="#[c4]">&gt;&gt;</a>&nbsp;&nbsp;&nbsp;SystemClock_Config
<LI><a href="#[c8]">&gt;&gt;</a>&nbsp;&nbsp;&nbsp;MySPI_All_Init
<LI><a href="#[c7]">&gt;&gt;</a>&nbsp;&nbsp;&nbsp;LED_Init
<LI><a href="#[c2]">&gt;&gt;</a>&nbsp;&nbsp;&nbsp;create_all_queue
<LI><a href="#[c0]">&gt;&gt;</a>&nbsp;&nbsp;&nbsp;Task_Create
</UL>
<BR>[Called By]<UL><LI><a href="#[5c]">&gt;&gt;</a>&nbsp;&nbsp;&nbsp;main
</UL>

<P><STRONG><a name="[72]"></a>assert_failed</STRONG> (Thumb, 4 bytes, Stack size 0 bytes, task_create.o(.text))
<BR><BR>[Called By]<UL><LI><a href="#[bd]">&gt;&gt;</a>&nbsp;&nbsp;&nbsp;SPI_I2S_ClearITPendingBit
<LI><a href="#[bc]">&gt;&gt;</a>&nbsp;&nbsp;&nbsp;SPI_I2S_GetITStatus
<LI><a href="#[bb]">&gt;&gt;</a>&nbsp;&nbsp;&nbsp;SPI_I2S_ClearFlag
<LI><a href="#[ba]">&gt;&gt;</a>&nbsp;&nbsp;&nbsp;SPI_I2S_GetFlagStatus
<LI><a href="#[b9]">&gt;&gt;</a>&nbsp;&nbsp;&nbsp;SPI_I2S_ITConfig
<LI><a href="#[b8]">&gt;&gt;</a>&nbsp;&nbsp;&nbsp;SPI_I2S_DMACmd
<LI><a href="#[b7]">&gt;&gt;</a>&nbsp;&nbsp;&nbsp;SPI_GetCRCPolynomial
<LI><a href="#[b6]">&gt;&gt;</a>&nbsp;&nbsp;&nbsp;SPI_GetCRC
<LI><a href="#[b5]">&gt;&gt;</a>&nbsp;&nbsp;&nbsp;SPI_TransmitCRC
<LI><a href="#[b4]">&gt;&gt;</a>&nbsp;&nbsp;&nbsp;SPI_CalculateCRC
<LI><a href="#[b3]">&gt;&gt;</a>&nbsp;&nbsp;&nbsp;SPI_I2S_SendData
<LI><a href="#[b2]">&gt;&gt;</a>&nbsp;&nbsp;&nbsp;SPI_I2S_ReceiveData
<LI><a href="#[b1]">&gt;&gt;</a>&nbsp;&nbsp;&nbsp;I2S_FullDuplexConfig
<LI><a href="#[b0]">&gt;&gt;</a>&nbsp;&nbsp;&nbsp;SPI_TIModeCmd
<LI><a href="#[af]">&gt;&gt;</a>&nbsp;&nbsp;&nbsp;SPI_SSOutputCmd
<LI><a href="#[ae]">&gt;&gt;</a>&nbsp;&nbsp;&nbsp;SPI_NSSInternalSoftwareConfig
<LI><a href="#[ad]">&gt;&gt;</a>&nbsp;&nbsp;&nbsp;SPI_BiDirectionalLineConfig
<LI><a href="#[ac]">&gt;&gt;</a>&nbsp;&nbsp;&nbsp;SPI_DataSizeConfig
<LI><a href="#[ab]">&gt;&gt;</a>&nbsp;&nbsp;&nbsp;I2S_Cmd
<LI><a href="#[aa]">&gt;&gt;</a>&nbsp;&nbsp;&nbsp;SPI_Cmd
<LI><a href="#[a9]">&gt;&gt;</a>&nbsp;&nbsp;&nbsp;I2S_Init
<LI><a href="#[a8]">&gt;&gt;</a>&nbsp;&nbsp;&nbsp;SPI_Init
<LI><a href="#[a7]">&gt;&gt;</a>&nbsp;&nbsp;&nbsp;SPI_I2S_DeInit
<LI><a href="#[a6]">&gt;&gt;</a>&nbsp;&nbsp;&nbsp;RCC_ClearITPendingBit
<LI><a href="#[a5]">&gt;&gt;</a>&nbsp;&nbsp;&nbsp;RCC_GetITStatus
<LI><a href="#[a4]">&gt;&gt;</a>&nbsp;&nbsp;&nbsp;RCC_ITConfig
<LI><a href="#[a3]">&gt;&gt;</a>&nbsp;&nbsp;&nbsp;RCC_APB2PeriphClockLPModeCmd
<LI><a href="#[a2]">&gt;&gt;</a>&nbsp;&nbsp;&nbsp;RCC_APB1PeriphClockLPModeCmd
<LI><a href="#[a1]">&gt;&gt;</a>&nbsp;&nbsp;&nbsp;RCC_AHB3PeriphClockLPModeCmd
<LI><a href="#[a0]">&gt;&gt;</a>&nbsp;&nbsp;&nbsp;RCC_AHB2PeriphClockLPModeCmd
<LI><a href="#[9f]">&gt;&gt;</a>&nbsp;&nbsp;&nbsp;RCC_AHB1PeriphClockLPModeCmd
<LI><a href="#[9c]">&gt;&gt;</a>&nbsp;&nbsp;&nbsp;RCC_AHB3PeriphResetCmd
<LI><a href="#[9b]">&gt;&gt;</a>&nbsp;&nbsp;&nbsp;RCC_AHB2PeriphResetCmd
<LI><a href="#[9a]">&gt;&gt;</a>&nbsp;&nbsp;&nbsp;RCC_APB2PeriphClockCmd
<LI><a href="#[99]">&gt;&gt;</a>&nbsp;&nbsp;&nbsp;RCC_APB1PeriphClockCmd
<LI><a href="#[98]">&gt;&gt;</a>&nbsp;&nbsp;&nbsp;RCC_AHB3PeriphClockCmd
<LI><a href="#[97]">&gt;&gt;</a>&nbsp;&nbsp;&nbsp;RCC_AHB2PeriphClockCmd
<LI><a href="#[96]">&gt;&gt;</a>&nbsp;&nbsp;&nbsp;RCC_AHB1PeriphClockCmd
<LI><a href="#[95]">&gt;&gt;</a>&nbsp;&nbsp;&nbsp;RCC_I2SCLKConfig
<LI><a href="#[94]">&gt;&gt;</a>&nbsp;&nbsp;&nbsp;RCC_BackupResetCmd
<LI><a href="#[93]">&gt;&gt;</a>&nbsp;&nbsp;&nbsp;RCC_RTCCLKCmd
<LI><a href="#[92]">&gt;&gt;</a>&nbsp;&nbsp;&nbsp;RCC_RTCCLKConfig
<LI><a href="#[91]">&gt;&gt;</a>&nbsp;&nbsp;&nbsp;RCC_PCLK2Config
<LI><a href="#[90]">&gt;&gt;</a>&nbsp;&nbsp;&nbsp;RCC_PCLK1Config
<LI><a href="#[8f]">&gt;&gt;</a>&nbsp;&nbsp;&nbsp;RCC_HCLKConfig
<LI><a href="#[8e]">&gt;&gt;</a>&nbsp;&nbsp;&nbsp;RCC_SYSCLKConfig
<LI><a href="#[8d]">&gt;&gt;</a>&nbsp;&nbsp;&nbsp;RCC_MCO2Config
<LI><a href="#[8c]">&gt;&gt;</a>&nbsp;&nbsp;&nbsp;RCC_MCO1Config
<LI><a href="#[8b]">&gt;&gt;</a>&nbsp;&nbsp;&nbsp;RCC_ClockSecuritySystemCmd
<LI><a href="#[8a]">&gt;&gt;</a>&nbsp;&nbsp;&nbsp;RCC_PLLI2SCmd
<LI><a href="#[89]">&gt;&gt;</a>&nbsp;&nbsp;&nbsp;RCC_PLLI2SConfig
<LI><a href="#[88]">&gt;&gt;</a>&nbsp;&nbsp;&nbsp;RCC_PLLCmd
<LI><a href="#[87]">&gt;&gt;</a>&nbsp;&nbsp;&nbsp;RCC_PLLConfig
<LI><a href="#[86]">&gt;&gt;</a>&nbsp;&nbsp;&nbsp;RCC_LSICmd
<LI><a href="#[85]">&gt;&gt;</a>&nbsp;&nbsp;&nbsp;RCC_LSEConfig
<LI><a href="#[84]">&gt;&gt;</a>&nbsp;&nbsp;&nbsp;RCC_HSICmd
<LI><a href="#[83]">&gt;&gt;</a>&nbsp;&nbsp;&nbsp;RCC_AdjustHSICalibrationValue
<LI><a href="#[81]">&gt;&gt;</a>&nbsp;&nbsp;&nbsp;RCC_GetFlagStatus
<LI><a href="#[80]">&gt;&gt;</a>&nbsp;&nbsp;&nbsp;RCC_HSEConfig
<LI><a href="#[9d]">&gt;&gt;</a>&nbsp;&nbsp;&nbsp;RCC_APB1PeriphResetCmd
<LI><a href="#[73]">&gt;&gt;</a>&nbsp;&nbsp;&nbsp;RCC_AHB1PeriphResetCmd
<LI><a href="#[7f]">&gt;&gt;</a>&nbsp;&nbsp;&nbsp;GPIO_PinAFConfig
<LI><a href="#[7e]">&gt;&gt;</a>&nbsp;&nbsp;&nbsp;GPIO_ToggleBits
<LI><a href="#[7d]">&gt;&gt;</a>&nbsp;&nbsp;&nbsp;GPIO_Write
<LI><a href="#[7c]">&gt;&gt;</a>&nbsp;&nbsp;&nbsp;GPIO_WriteBit
<LI><a href="#[7b]">&gt;&gt;</a>&nbsp;&nbsp;&nbsp;GPIO_ResetBits
<LI><a href="#[7a]">&gt;&gt;</a>&nbsp;&nbsp;&nbsp;GPIO_SetBits
<LI><a href="#[79]">&gt;&gt;</a>&nbsp;&nbsp;&nbsp;GPIO_ReadOutputData
<LI><a href="#[78]">&gt;&gt;</a>&nbsp;&nbsp;&nbsp;GPIO_ReadOutputDataBit
<LI><a href="#[77]">&gt;&gt;</a>&nbsp;&nbsp;&nbsp;GPIO_ReadInputData
<LI><a href="#[76]">&gt;&gt;</a>&nbsp;&nbsp;&nbsp;GPIO_ReadInputDataBit
<LI><a href="#[75]">&gt;&gt;</a>&nbsp;&nbsp;&nbsp;GPIO_PinLockConfig
<LI><a href="#[74]">&gt;&gt;</a>&nbsp;&nbsp;&nbsp;GPIO_Init
<LI><a href="#[71]">&gt;&gt;</a>&nbsp;&nbsp;&nbsp;GPIO_DeInit
<LI><a href="#[9e]">&gt;&gt;</a>&nbsp;&nbsp;&nbsp;RCC_APB2PeriphResetCmd
</UL>

<P><STRONG><a name="[cd]"></a>vListInitialise</STRONG> (Thumb, 26 bytes, Stack size 0 bytes, list.o(.text))
<BR><BR>[Called By]<UL><LI><a href="#[135]">&gt;&gt;</a>&nbsp;&nbsp;&nbsp;prvCheckForValidListAndQueue
<LI><a href="#[100]">&gt;&gt;</a>&nbsp;&nbsp;&nbsp;prvInitialiseTaskLists
<LI><a href="#[ca]">&gt;&gt;</a>&nbsp;&nbsp;&nbsp;xQueueGenericReset
</UL>

<P><STRONG><a name="[fc]"></a>vListInitialiseItem</STRONG> (Thumb, 6 bytes, Stack size 0 bytes, list.o(.text))
<BR><BR>[Called By]<UL><LI><a href="#[137]">&gt;&gt;</a>&nbsp;&nbsp;&nbsp;prvInitialiseNewTimer
<LI><a href="#[fa]">&gt;&gt;</a>&nbsp;&nbsp;&nbsp;prvInitialiseNewTask
</UL>

<P><STRONG><a name="[105]"></a>vListInsertEnd</STRONG> (Thumb, 24 bytes, Stack size 0 bytes, list.o(.text), UNUSED)
<BR><BR>[Called By]<UL><LI><a href="#[115]">&gt;&gt;</a>&nbsp;&nbsp;&nbsp;xTaskResumeFromISR
<LI><a href="#[112]">&gt;&gt;</a>&nbsp;&nbsp;&nbsp;vTaskSuspend
<LI><a href="#[103]">&gt;&gt;</a>&nbsp;&nbsp;&nbsp;vTaskDelete
</UL>

<P><STRONG><a name="[109]"></a>vListInsert</STRONG> (Thumb, 52 bytes, Stack size 8 bytes, list.o(.text))
<BR><BR>[Stack]<UL><LI>Max Depth = 8<LI>Call Chain = vListInsert
</UL>
<BR>[Called By]<UL><LI><a href="#[12c]">&gt;&gt;</a>&nbsp;&nbsp;&nbsp;prvInsertTimerInActiveList
<LI><a href="#[108]">&gt;&gt;</a>&nbsp;&nbsp;&nbsp;prvAddCurrentTaskToDelayedList
<LI><a href="#[dc]">&gt;&gt;</a>&nbsp;&nbsp;&nbsp;vTaskPlaceOnEventList
</UL>

<P><STRONG><a name="[104]"></a>uxListRemove</STRONG> (Thumb, 40 bytes, Stack size 0 bytes, list.o(.text))
<BR><BR>[Called By]<UL><LI><a href="#[132]">&gt;&gt;</a>&nbsp;&nbsp;&nbsp;prvProcessReceivedCommands
<LI><a href="#[12e]">&gt;&gt;</a>&nbsp;&nbsp;&nbsp;prvProcessExpiredTimer
<LI><a href="#[115]">&gt;&gt;</a>&nbsp;&nbsp;&nbsp;xTaskResumeFromISR
<LI><a href="#[113]">&gt;&gt;</a>&nbsp;&nbsp;&nbsp;vTaskResume
<LI><a href="#[112]">&gt;&gt;</a>&nbsp;&nbsp;&nbsp;vTaskSuspend
<LI><a href="#[111]">&gt;&gt;</a>&nbsp;&nbsp;&nbsp;vTaskPrioritySet
<LI><a href="#[103]">&gt;&gt;</a>&nbsp;&nbsp;&nbsp;vTaskDelete
<LI><a href="#[116]">&gt;&gt;</a>&nbsp;&nbsp;&nbsp;prvCheckTasksWaitingTermination
<LI><a href="#[108]">&gt;&gt;</a>&nbsp;&nbsp;&nbsp;prvAddCurrentTaskToDelayedList
<LI><a href="#[e5]">&gt;&gt;</a>&nbsp;&nbsp;&nbsp;xTaskPriorityInherit
<LI><a href="#[d5]">&gt;&gt;</a>&nbsp;&nbsp;&nbsp;xTaskPriorityDisinherit
<LI><a href="#[e7]">&gt;&gt;</a>&nbsp;&nbsp;&nbsp;vTaskPriorityDisinheritAfterTimeout
</UL>

<P><STRONG><a name="[ca]"></a>xQueueGenericReset</STRONG> (Thumb, 214 bytes, Stack size 24 bytes, queue.o(.text))
<BR><BR>[Stack]<UL><LI>Max Depth = 40<LI>Call Chain = xQueueGenericReset &rArr; xTaskRemoveFromEventList
</UL>
<BR>[Calls]<UL><LI><a href="#[cc]">&gt;&gt;</a>&nbsp;&nbsp;&nbsp;xTaskRemoveFromEventList
<LI><a href="#[ce]">&gt;&gt;</a>&nbsp;&nbsp;&nbsp;vPortExitCritical
<LI><a href="#[cb]">&gt;&gt;</a>&nbsp;&nbsp;&nbsp;vPortEnterCritical
<LI><a href="#[cd]">&gt;&gt;</a>&nbsp;&nbsp;&nbsp;vListInitialise
</UL>
<BR>[Called By]<UL><LI><a href="#[cf]">&gt;&gt;</a>&nbsp;&nbsp;&nbsp;prvInitialiseNewQueue
</UL>

<P><STRONG><a name="[c3]"></a>xQueueGenericCreate</STRONG> (Thumb, 102 bytes, Stack size 32 bytes, queue.o(.text))
<BR><BR>[Stack]<UL><LI>Max Depth = 112<LI>Call Chain = xQueueGenericCreate &rArr; pvPortMalloc &rArr; xTaskResumeAll &rArr; xTaskIncrementTick
</UL>
<BR>[Calls]<UL><LI><a href="#[cf]">&gt;&gt;</a>&nbsp;&nbsp;&nbsp;prvInitialiseNewQueue
<LI><a href="#[d0]">&gt;&gt;</a>&nbsp;&nbsp;&nbsp;pvPortMalloc
</UL>
<BR>[Called By]<UL><LI><a href="#[135]">&gt;&gt;</a>&nbsp;&nbsp;&nbsp;prvCheckForValidListAndQueue
<LI><a href="#[e9]">&gt;&gt;</a>&nbsp;&nbsp;&nbsp;xQueueCreateCountingSemaphore
<LI><a href="#[df]">&gt;&gt;</a>&nbsp;&nbsp;&nbsp;xQueueCreateMutex
<LI><a href="#[c2]">&gt;&gt;</a>&nbsp;&nbsp;&nbsp;create_all_queue
</UL>

<P><STRONG><a name="[d7]"></a>xQueueGenericSend</STRONG> (Thumb, 420 bytes, Stack size 56 bytes, queue.o(.text))
<BR><BR>[Stack]<UL><LI>Max Depth = 112<LI>Call Chain = xQueueGenericSend &rArr; vTaskPlaceOnEventList &rArr; prvAddCurrentTaskToDelayedList &rArr; vListInsert
</UL>
<BR>[Calls]<UL><LI><a href="#[cc]">&gt;&gt;</a>&nbsp;&nbsp;&nbsp;xTaskRemoveFromEventList
<LI><a href="#[db]">&gt;&gt;</a>&nbsp;&nbsp;&nbsp;xTaskCheckForTimeOut
<LI><a href="#[dc]">&gt;&gt;</a>&nbsp;&nbsp;&nbsp;vTaskPlaceOnEventList
<LI><a href="#[d9]">&gt;&gt;</a>&nbsp;&nbsp;&nbsp;vTaskInternalSetTimeOutState
<LI><a href="#[d4]">&gt;&gt;</a>&nbsp;&nbsp;&nbsp;prvCopyDataToQueue
<LI><a href="#[d3]">&gt;&gt;</a>&nbsp;&nbsp;&nbsp;prvIsQueueFull
<LI><a href="#[d1]">&gt;&gt;</a>&nbsp;&nbsp;&nbsp;prvUnlockQueue
<LI><a href="#[dd]">&gt;&gt;</a>&nbsp;&nbsp;&nbsp;xTaskResumeAll
<LI><a href="#[d8]">&gt;&gt;</a>&nbsp;&nbsp;&nbsp;xTaskGetSchedulerState
<LI><a href="#[da]">&gt;&gt;</a>&nbsp;&nbsp;&nbsp;vTaskSuspendAll
<LI><a href="#[ce]">&gt;&gt;</a>&nbsp;&nbsp;&nbsp;vPortExitCritical
<LI><a href="#[cb]">&gt;&gt;</a>&nbsp;&nbsp;&nbsp;vPortEnterCritical
</UL>
<BR>[Called By]<UL><LI><a href="#[139]">&gt;&gt;</a>&nbsp;&nbsp;&nbsp;xTimerGenericCommandFromTask
<LI><a href="#[e0]">&gt;&gt;</a>&nbsp;&nbsp;&nbsp;xQueueGiveMutexRecursive
<LI><a href="#[de]">&gt;&gt;</a>&nbsp;&nbsp;&nbsp;prvInitialiseMutex
<LI><a href="#[63]">&gt;&gt;</a>&nbsp;&nbsp;&nbsp;vSensor_ReceiveTask
<LI><a href="#[61]">&gt;&gt;</a>&nbsp;&nbsp;&nbsp;vBMI088_Task
<LI><a href="#[62]">&gt;&gt;</a>&nbsp;&nbsp;&nbsp;vAK8975_Task
</UL>

<P><STRONG><a name="[df]"></a>xQueueCreateMutex</STRONG> (Thumb, 38 bytes, Stack size 24 bytes, queue.o(.text), UNUSED)
<BR><BR>[Calls]<UL><LI><a href="#[de]">&gt;&gt;</a>&nbsp;&nbsp;&nbsp;prvInitialiseMutex
<LI><a href="#[c3]">&gt;&gt;</a>&nbsp;&nbsp;&nbsp;xQueueGenericCreate
</UL>

<P><STRONG><a name="[e0]"></a>xQueueGiveMutexRecursive</STRONG> (Thumb, 72 bytes, Stack size 16 bytes, queue.o(.text), UNUSED)
<BR><BR>[Calls]<UL><LI><a href="#[e1]">&gt;&gt;</a>&nbsp;&nbsp;&nbsp;xTaskGetCurrentTaskHandle
<LI><a href="#[d7]">&gt;&gt;</a>&nbsp;&nbsp;&nbsp;xQueueGenericSend
</UL>

<P><STRONG><a name="[e3]"></a>xQueueSemaphoreTake</STRONG> (Thumb, 398 bytes, Stack size 40 bytes, queue.o(.text), UNUSED)
<BR><BR>[Calls]<UL><LI><a href="#[cc]">&gt;&gt;</a>&nbsp;&nbsp;&nbsp;xTaskRemoveFromEventList
<LI><a href="#[e5]">&gt;&gt;</a>&nbsp;&nbsp;&nbsp;xTaskPriorityInherit
<LI><a href="#[db]">&gt;&gt;</a>&nbsp;&nbsp;&nbsp;xTaskCheckForTimeOut
<LI><a href="#[e7]">&gt;&gt;</a>&nbsp;&nbsp;&nbsp;vTaskPriorityDisinheritAfterTimeout
<LI><a href="#[dc]">&gt;&gt;</a>&nbsp;&nbsp;&nbsp;vTaskPlaceOnEventList
<LI><a href="#[d9]">&gt;&gt;</a>&nbsp;&nbsp;&nbsp;vTaskInternalSetTimeOutState
<LI><a href="#[e4]">&gt;&gt;</a>&nbsp;&nbsp;&nbsp;pvTaskIncrementMutexHeldCount
<LI><a href="#[e2]">&gt;&gt;</a>&nbsp;&nbsp;&nbsp;prvIsQueueEmpty
<LI><a href="#[e6]">&gt;&gt;</a>&nbsp;&nbsp;&nbsp;prvGetDisinheritPriorityAfterTimeout
<LI><a href="#[d1]">&gt;&gt;</a>&nbsp;&nbsp;&nbsp;prvUnlockQueue
<LI><a href="#[dd]">&gt;&gt;</a>&nbsp;&nbsp;&nbsp;xTaskResumeAll
<LI><a href="#[d8]">&gt;&gt;</a>&nbsp;&nbsp;&nbsp;xTaskGetSchedulerState
<LI><a href="#[da]">&gt;&gt;</a>&nbsp;&nbsp;&nbsp;vTaskSuspendAll
<LI><a href="#[ce]">&gt;&gt;</a>&nbsp;&nbsp;&nbsp;vPortExitCritical
<LI><a href="#[cb]">&gt;&gt;</a>&nbsp;&nbsp;&nbsp;vPortEnterCritical
</UL>
<BR>[Called By]<UL><LI><a href="#[e8]">&gt;&gt;</a>&nbsp;&nbsp;&nbsp;xQueueTakeMutexRecursive
</UL>

<P><STRONG><a name="[e8]"></a>xQueueTakeMutexRecursive</STRONG> (Thumb, 78 bytes, Stack size 24 bytes, queue.o(.text), UNUSED)
<BR><BR>[Calls]<UL><LI><a href="#[e1]">&gt;&gt;</a>&nbsp;&nbsp;&nbsp;xTaskGetCurrentTaskHandle
<LI><a href="#[e3]">&gt;&gt;</a>&nbsp;&nbsp;&nbsp;xQueueSemaphoreTake
</UL>

<P><STRONG><a name="[e9]"></a>xQueueCreateCountingSemaphore</STRONG> (Thumb, 60 bytes, Stack size 16 bytes, queue.o(.text), UNUSED)
<BR><BR>[Calls]<UL><LI><a href="#[c3]">&gt;&gt;</a>&nbsp;&nbsp;&nbsp;xQueueGenericCreate
</UL>

<P><STRONG><a name="[ea]"></a>xQueueGenericSendFromISR</STRONG> (Thumb, 298 bytes, Stack size 48 bytes, queue.o(.text), UNUSED)
<BR><BR>[Calls]<UL><LI><a href="#[cc]">&gt;&gt;</a>&nbsp;&nbsp;&nbsp;xTaskRemoveFromEventList
<LI><a href="#[eb]">&gt;&gt;</a>&nbsp;&nbsp;&nbsp;vPortValidateInterruptPriority
<LI><a href="#[ec]">&gt;&gt;</a>&nbsp;&nbsp;&nbsp;uxTaskGetNumberOfTasks
<LI><a href="#[d4]">&gt;&gt;</a>&nbsp;&nbsp;&nbsp;prvCopyDataToQueue
</UL>
<BR>[Called By]<UL><LI><a href="#[13a]">&gt;&gt;</a>&nbsp;&nbsp;&nbsp;xTimerGenericCommandFromISR
</UL>

<P><STRONG><a name="[ed]"></a>xQueueGiveFromISR</STRONG> (Thumb, 274 bytes, Stack size 40 bytes, queue.o(.text), UNUSED)
<BR><BR>[Calls]<UL><LI><a href="#[cc]">&gt;&gt;</a>&nbsp;&nbsp;&nbsp;xTaskRemoveFromEventList
<LI><a href="#[eb]">&gt;&gt;</a>&nbsp;&nbsp;&nbsp;vPortValidateInterruptPriority
<LI><a href="#[ec]">&gt;&gt;</a>&nbsp;&nbsp;&nbsp;uxTaskGetNumberOfTasks
</UL>

<P><STRONG><a name="[ef]"></a>xQueueReceive</STRONG> (Thumb, 356 bytes, Stack size 48 bytes, queue.o(.text))
<BR><BR>[Stack]<UL><LI>Max Depth = 104<LI>Call Chain = xQueueReceive &rArr; vTaskPlaceOnEventList &rArr; prvAddCurrentTaskToDelayedList &rArr; vListInsert
</UL>
<BR>[Calls]<UL><LI><a href="#[cc]">&gt;&gt;</a>&nbsp;&nbsp;&nbsp;xTaskRemoveFromEventList
<LI><a href="#[db]">&gt;&gt;</a>&nbsp;&nbsp;&nbsp;xTaskCheckForTimeOut
<LI><a href="#[dc]">&gt;&gt;</a>&nbsp;&nbsp;&nbsp;vTaskPlaceOnEventList
<LI><a href="#[d9]">&gt;&gt;</a>&nbsp;&nbsp;&nbsp;vTaskInternalSetTimeOutState
<LI><a href="#[ee]">&gt;&gt;</a>&nbsp;&nbsp;&nbsp;prvCopyDataFromQueue
<LI><a href="#[e2]">&gt;&gt;</a>&nbsp;&nbsp;&nbsp;prvIsQueueEmpty
<LI><a href="#[d1]">&gt;&gt;</a>&nbsp;&nbsp;&nbsp;prvUnlockQueue
<LI><a href="#[dd]">&gt;&gt;</a>&nbsp;&nbsp;&nbsp;xTaskResumeAll
<LI><a href="#[d8]">&gt;&gt;</a>&nbsp;&nbsp;&nbsp;xTaskGetSchedulerState
<LI><a href="#[da]">&gt;&gt;</a>&nbsp;&nbsp;&nbsp;vTaskSuspendAll
<LI><a href="#[ce]">&gt;&gt;</a>&nbsp;&nbsp;&nbsp;vPortExitCritical
<LI><a href="#[cb]">&gt;&gt;</a>&nbsp;&nbsp;&nbsp;vPortEnterCritical
</UL>
<BR>[Called By]<UL><LI><a href="#[132]">&gt;&gt;</a>&nbsp;&nbsp;&nbsp;prvProcessReceivedCommands
<LI><a href="#[63]">&gt;&gt;</a>&nbsp;&nbsp;&nbsp;vSensor_ReceiveTask
<LI><a href="#[64]">&gt;&gt;</a>&nbsp;&nbsp;&nbsp;vEKF_ProcessTask
</UL>

<P><STRONG><a name="[f0]"></a>xQueuePeek</STRONG> (Thumb, 362 bytes, Stack size 48 bytes, queue.o(.text), UNUSED)
<BR><BR>[Calls]<UL><LI><a href="#[cc]">&gt;&gt;</a>&nbsp;&nbsp;&nbsp;xTaskRemoveFromEventList
<LI><a href="#[db]">&gt;&gt;</a>&nbsp;&nbsp;&nbsp;xTaskCheckForTimeOut
<LI><a href="#[dc]">&gt;&gt;</a>&nbsp;&nbsp;&nbsp;vTaskPlaceOnEventList
<LI><a href="#[d9]">&gt;&gt;</a>&nbsp;&nbsp;&nbsp;vTaskInternalSetTimeOutState
<LI><a href="#[ee]">&gt;&gt;</a>&nbsp;&nbsp;&nbsp;prvCopyDataFromQueue
<LI><a href="#[e2]">&gt;&gt;</a>&nbsp;&nbsp;&nbsp;prvIsQueueEmpty
<LI><a href="#[d1]">&gt;&gt;</a>&nbsp;&nbsp;&nbsp;prvUnlockQueue
<LI><a href="#[dd]">&gt;&gt;</a>&nbsp;&nbsp;&nbsp;xTaskResumeAll
<LI><a href="#[d8]">&gt;&gt;</a>&nbsp;&nbsp;&nbsp;xTaskGetSchedulerState
<LI><a href="#[da]">&gt;&gt;</a>&nbsp;&nbsp;&nbsp;vTaskSuspendAll
<LI><a href="#[ce]">&gt;&gt;</a>&nbsp;&nbsp;&nbsp;vPortExitCritical
<LI><a href="#[cb]">&gt;&gt;</a>&nbsp;&nbsp;&nbsp;vPortEnterCritical
</UL>

<P><STRONG><a name="[f1]"></a>xQueueReceiveFromISR</STRONG> (Thumb, 254 bytes, Stack size 40 bytes, queue.o(.text), UNUSED)
<BR><BR>[Calls]<UL><LI><a href="#[cc]">&gt;&gt;</a>&nbsp;&nbsp;&nbsp;xTaskRemoveFromEventList
<LI><a href="#[eb]">&gt;&gt;</a>&nbsp;&nbsp;&nbsp;vPortValidateInterruptPriority
<LI><a href="#[ec]">&gt;&gt;</a>&nbsp;&nbsp;&nbsp;uxTaskGetNumberOfTasks
<LI><a href="#[ee]">&gt;&gt;</a>&nbsp;&nbsp;&nbsp;prvCopyDataFromQueue
</UL>

<P><STRONG><a name="[f2]"></a>xQueuePeekFromISR</STRONG> (Thumb, 176 bytes, Stack size 32 bytes, queue.o(.text), UNUSED)
<BR><BR>[Calls]<UL><LI><a href="#[eb]">&gt;&gt;</a>&nbsp;&nbsp;&nbsp;vPortValidateInterruptPriority
<LI><a href="#[ee]">&gt;&gt;</a>&nbsp;&nbsp;&nbsp;prvCopyDataFromQueue
</UL>

<P><STRONG><a name="[f3]"></a>uxQueueMessagesWaiting</STRONG> (Thumb, 46 bytes, Stack size 16 bytes, queue.o(.text), UNUSED)
<BR><BR>[Calls]<UL><LI><a href="#[ce]">&gt;&gt;</a>&nbsp;&nbsp;&nbsp;vPortExitCritical
<LI><a href="#[cb]">&gt;&gt;</a>&nbsp;&nbsp;&nbsp;vPortEnterCritical
</UL>

<P><STRONG><a name="[f4]"></a>uxQueueSpacesAvailable</STRONG> (Thumb, 48 bytes, Stack size 16 bytes, queue.o(.text), UNUSED)
<BR><BR>[Calls]<UL><LI><a href="#[ce]">&gt;&gt;</a>&nbsp;&nbsp;&nbsp;vPortExitCritical
<LI><a href="#[cb]">&gt;&gt;</a>&nbsp;&nbsp;&nbsp;vPortEnterCritical
</UL>

<P><STRONG><a name="[1ff]"></a>uxQueueMessagesWaitingFromISR</STRONG> (Thumb, 34 bytes, Stack size 8 bytes, queue.o(.text), UNUSED)

<P><STRONG><a name="[f6]"></a>vQueueUnregisterQueue</STRONG> (Thumb, 68 bytes, Stack size 0 bytes, queue.o(.text), UNUSED)
<BR><BR>[Called By]<UL><LI><a href="#[f5]">&gt;&gt;</a>&nbsp;&nbsp;&nbsp;vQueueDelete
</UL>

<P><STRONG><a name="[f5]"></a>vQueueDelete</STRONG> (Thumb, 44 bytes, Stack size 16 bytes, queue.o(.text), UNUSED)
<BR><BR>[Calls]<UL><LI><a href="#[f6]">&gt;&gt;</a>&nbsp;&nbsp;&nbsp;vQueueUnregisterQueue
<LI><a href="#[f7]">&gt;&gt;</a>&nbsp;&nbsp;&nbsp;vPortFree
</UL>

<P><STRONG><a name="[200]"></a>uxQueueGetQueueNumber</STRONG> (Thumb, 6 bytes, Stack size 0 bytes, queue.o(.text), UNUSED)

<P><STRONG><a name="[201]"></a>vQueueSetQueueNumber</STRONG> (Thumb, 4 bytes, Stack size 0 bytes, queue.o(.text), UNUSED)

<P><STRONG><a name="[202]"></a>ucQueueGetQueueType</STRONG> (Thumb, 8 bytes, Stack size 0 bytes, queue.o(.text), UNUSED)

<P><STRONG><a name="[203]"></a>uxQueueGetQueueItemSize</STRONG> (Thumb, 6 bytes, Stack size 0 bytes, queue.o(.text), UNUSED)

<P><STRONG><a name="[204]"></a>uxQueueGetQueueLength</STRONG> (Thumb, 6 bytes, Stack size 0 bytes, queue.o(.text), UNUSED)

<P><STRONG><a name="[205]"></a>xQueueIsQueueEmptyFromISR</STRONG> (Thumb, 42 bytes, Stack size 8 bytes, queue.o(.text), UNUSED)

<P><STRONG><a name="[206]"></a>xQueueIsQueueFullFromISR</STRONG> (Thumb, 46 bytes, Stack size 8 bytes, queue.o(.text), UNUSED)

<P><STRONG><a name="[136]"></a>vQueueAddToRegistry</STRONG> (Thumb, 90 bytes, Stack size 12 bytes, queue.o(.text))
<BR><BR>[Stack]<UL><LI>Max Depth = 12<LI>Call Chain = vQueueAddToRegistry
</UL>
<BR>[Called By]<UL><LI><a href="#[135]">&gt;&gt;</a>&nbsp;&nbsp;&nbsp;prvCheckForValidListAndQueue
</UL>

<P><STRONG><a name="[207]"></a>pcQueueGetName</STRONG> (Thumb, 64 bytes, Stack size 8 bytes, queue.o(.text), UNUSED)

<P><STRONG><a name="[f8]"></a>vQueueWaitForMessageRestricted</STRONG> (Thumb, 74 bytes, Stack size 24 bytes, queue.o(.text))
<BR><BR>[Stack]<UL><LI>Max Depth = 80<LI>Call Chain = vQueueWaitForMessageRestricted &rArr; vTaskPlaceOnEventListRestricted &rArr; prvAddCurrentTaskToDelayedList &rArr; vListInsert
</UL>
<BR>[Calls]<UL><LI><a href="#[f9]">&gt;&gt;</a>&nbsp;&nbsp;&nbsp;vTaskPlaceOnEventListRestricted
<LI><a href="#[d1]">&gt;&gt;</a>&nbsp;&nbsp;&nbsp;prvUnlockQueue
<LI><a href="#[ce]">&gt;&gt;</a>&nbsp;&nbsp;&nbsp;vPortExitCritical
<LI><a href="#[cb]">&gt;&gt;</a>&nbsp;&nbsp;&nbsp;vPortEnterCritical
</UL>
<BR>[Called By]<UL><LI><a href="#[133]">&gt;&gt;</a>&nbsp;&nbsp;&nbsp;prvProcessTimerOrBlockTask
</UL>

<P><STRONG><a name="[c1]"></a>xTaskCreate</STRONG> (Thumb, 56 bytes, Stack size 48 bytes, tasks.o(.text))
<BR><BR>[Stack]<UL><LI>Max Depth = 184<LI>Call Chain = xTaskCreate &rArr; prvCreateTask &rArr; pvPortMalloc &rArr; xTaskResumeAll &rArr; xTaskIncrementTick
</UL>
<BR>[Calls]<UL><LI><a href="#[101]">&gt;&gt;</a>&nbsp;&nbsp;&nbsp;prvAddNewTaskToReadyList
<LI><a href="#[fe]">&gt;&gt;</a>&nbsp;&nbsp;&nbsp;prvCreateTask
</UL>
<BR>[Called By]<UL><LI><a href="#[118]">&gt;&gt;</a>&nbsp;&nbsp;&nbsp;xTimerCreateTimerTask
<LI><a href="#[117]">&gt;&gt;</a>&nbsp;&nbsp;&nbsp;prvCreateIdleTasks
<LI><a href="#[c0]">&gt;&gt;</a>&nbsp;&nbsp;&nbsp;Task_Create
</UL>

[...]
<BR><BR>[Called By]<UL><LI><a href="#[11e]">&gt;&gt;</a>&nbsp;&nbsp;&nbsp;vTaskGetInfo
</UL>

<P><STRONG><a name="[120]"></a>prvListTasksWithinSingleList</STRONG> (Thumb, 62 bytes, Stack size 32 bytes, tasks.o(.text), UNUSED)
<BR><BR>[Calls]<UL><LI><a href="#[11e]">&gt;&gt;</a>&nbsp;&nbsp;&nbsp;vTaskGetInfo
</UL>
<BR>[Called By]<UL><LI><a href="#[121]">&gt;&gt;</a>&nbsp;&nbsp;&nbsp;uxTaskGetSystemState
</UL>

<P><STRONG><a name="[12c]"></a>prvInsertTimerInActiveList</STRONG> (Thumb, 80 bytes, Stack size 24 bytes, timers.o(.text))
<BR><BR>[Stack]<UL><LI>Max Depth = 32<LI>Call Chain = prvInsertTimerInActiveList &rArr; vListInsert
</UL>
<BR>[Calls]<UL><LI><a href="#[109]">&gt;&gt;</a>&nbsp;&nbsp;&nbsp;vListInsert
</UL>
<BR>[Called By]<UL><LI><a href="#[132]">&gt;&gt;</a>&nbsp;&nbsp;&nbsp;prvProcessReceivedCommands
<LI><a href="#[12d]">&gt;&gt;</a>&nbsp;&nbsp;&nbsp;prvReloadTimer
</UL>

<P><STRONG><a name="[12d]"></a>prvReloadTimer</STRONG> (Thumb, 40 bytes, Stack size 16 bytes, timers.o(.text))
<BR><BR>[Stack]<UL><LI>Max Depth = 48<LI>Call Chain = prvReloadTimer &rArr; prvInsertTimerInActiveList &rArr; vListInsert
</UL>
<BR>[Calls]<UL><LI><a href="#[12c]">&gt;&gt;</a>&nbsp;&nbsp;&nbsp;prvInsertTimerInActiveList
</UL>
<BR>[Called By]<UL><LI><a href="#[132]">&gt;&gt;</a>&nbsp;&nbsp;&nbsp;prvProcessReceivedCommands
<LI><a href="#[12e]">&gt;&gt;</a>&nbsp;&nbsp;&nbsp;prvProcessExpiredTimer
</UL>

<P><STRONG><a name="[12e]"></a>prvProcessExpiredTimer</STRONG> (Thumb, 62 bytes, Stack size 16 bytes, timers.o(.text))
<BR><BR>[Stack]<UL><LI>Max Depth = 64<LI>Call Chain = prvProcessExpiredTimer &rArr; prvReloadTimer &rArr; prvInsertTimerInActiveList &rArr; vListInsert
</UL>
<BR>[Calls]<UL><LI><a href="#[12d]">&gt;&gt;</a>&nbsp;&nbsp;&nbsp;prvReloadTimer
<LI><a href="#[104]">&gt;&gt;</a>&nbsp;&nbsp;&nbsp;uxListRemove
</UL>
<BR>[Called By]<UL><LI><a href="#[133]">&gt;&gt;</a>&nbsp;&nbsp;&nbsp;prvProcessTimerOrBlockTask
<LI><a href="#[12f]">&gt;&gt;</a>&nbsp;&nbsp;&nbsp;prvSwitchTimerLists
</UL>

<P><STRONG><a name="[12f]"></a>prvSwitchTimerLists</STRONG> (Thumb, 58 bytes, Stack size 16 bytes, timers.o(.text))
<BR><BR>[Stack]<UL><LI>Max Depth = 80<LI>Call Chain = prvSwitchTimerLists &rArr; prvProcessExpiredTimer &rArr; prvReloadTimer &rArr; prvInsertTimerInActiveList &rArr; vListInsert
</UL>
<BR>[Calls]<UL><LI><a href="#[12e]">&gt;&gt;</a>&nbsp;&nbsp;&nbsp;prvProcessExpiredTimer
</UL>
<BR>[Called By]<UL><LI><a href="#[130]">&gt;&gt;</a>&nbsp;&nbsp;&nbsp;prvSampleTimeNow
</UL>

<P><STRONG><a name="[130]"></a>prvSampleTimeNow</STRONG> (Thumb, 40 bytes, Stack size 16 bytes, timers.o(.text))
<BR><BR>[Stack]<UL><LI>Max Depth = 96<LI>Call Chain = prvSampleTimeNow &rArr; prvSwitchTimerLists &rArr; prvProcessExpiredTimer &rArr; prvReloadTimer &rArr; prvInsertTimerInActiveList &rArr; vListInsert
</UL>
<BR>[Calls]<UL><LI><a href="#[12f]">&gt;&gt;</a>&nbsp;&nbsp;&nbsp;prvSwitchTimerLists
<LI><a href="#[131]">&gt;&gt;</a>&nbsp;&nbsp;&nbsp;xTaskGetTickCount
</UL>
<BR>[Called By]<UL><LI><a href="#[133]">&gt;&gt;</a>&nbsp;&nbsp;&nbsp;prvProcessTimerOrBlockTask
<LI><a href="#[132]">&gt;&gt;</a>&nbsp;&nbsp;&nbsp;prvProcessReceivedCommands
</UL>

<P><STRONG><a name="[132]"></a>prvProcessReceivedCommands</STRONG> (Thumb, 288 bytes, Stack size 32 bytes, timers.o(.text))
<BR><BR>[Stack]<UL><LI>Max Depth = 136<LI>Call Chain = prvProcessReceivedCommands &rArr; xQueueReceive &rArr; vTaskPlaceOnEventList &rArr; prvAddCurrentTaskToDelayedList &rArr; vListInsert
</UL>
<BR>[Calls]<UL><LI><a href="#[130]">&gt;&gt;</a>&nbsp;&nbsp;&nbsp;prvSampleTimeNow
<LI><a href="#[12d]">&gt;&gt;</a>&nbsp;&nbsp;&nbsp;prvReloadTimer
<LI><a href="#[12c]">&gt;&gt;</a>&nbsp;&nbsp;&nbsp;prvInsertTimerInActiveList
<LI><a href="#[ef]">&gt;&gt;</a>&nbsp;&nbsp;&nbsp;xQueueReceive
<LI><a href="#[104]">&gt;&gt;</a>&nbsp;&nbsp;&nbsp;uxListRemove
<LI><a href="#[f7]">&gt;&gt;</a>&nbsp;&nbsp;&nbsp;vPortFree
</UL>
<BR>[Called By]<UL><LI><a href="#[66]">&gt;&gt;</a>&nbsp;&nbsp;&nbsp;prvTimerTask
</UL>

<P><STRONG><a name="[133]"></a>prvProcessTimerOrBlockTask</STRONG> (Thumb, 102 bytes, Stack size 24 bytes, timers.o(.text))
<BR><BR>[Stack]<UL><LI>Max Depth = 120<LI>Call Chain = prvProcessTimerOrBlockTask &rArr; prvSampleTimeNow &rArr; prvSwitchTimerLists &rArr; prvProcessExpiredTimer &rArr; prvReloadTimer &rArr; prvInsertTimerInActiveList &rArr; vListInsert
</UL>
<BR>[Calls]<UL><LI><a href="#[130]">&gt;&gt;</a>&nbsp;&nbsp;&nbsp;prvSampleTimeNow
<LI><a href="#[12e]">&gt;&gt;</a>&nbsp;&nbsp;&nbsp;prvProcessExpiredTimer
<LI><a href="#[f8]">&gt;&gt;</a>&nbsp;&nbsp;&nbsp;vQueueWaitForMessageRestricted
<LI><a href="#[dd]">&gt;&gt;</a>&nbsp;&nbsp;&nbsp;xTaskResumeAll
<LI><a href="#[da]">&gt;&gt;</a>&nbsp;&nbsp;&nbsp;vTaskSuspendAll
</UL>
<BR>[Called By]<UL><LI><a href="#[66]">&gt;&gt;</a>&nbsp;&nbsp;&nbsp;prvTimerTask
</UL>

<P><STRONG><a name="[134]"></a>prvGetNextExpireTime</STRONG> (Thumb, 36 bytes, Stack size 0 bytes, timers.o(.text))
<BR><BR>[Called By]<UL><LI><a href="#[66]">&gt;&gt;</a>&nbsp;&nbsp;&nbsp;prvTimerTask
</UL>

<P><STRONG><a name="[66]"></a>prvTimerTask</STRONG> (Thumb, 26 bytes, Stack size 8 bytes, timers.o(.text))
<BR><BR>[Stack]<UL><LI>Max Depth = 144<LI>Call Chain = prvTimerTask &rArr; prvProcessReceivedCommands &rArr; xQueueReceive &rArr; vTaskPlaceOnEventList &rArr; prvAddCurrentTaskToDelayedList &rArr; vListInsert
</UL>
<BR>[Calls]<UL><LI><a href="#[134]">&gt;&gt;</a>&nbsp;&nbsp;&nbsp;prvGetNextExpireTime
<LI><a href="#[133]">&gt;&gt;</a>&nbsp;&nbsp;&nbsp;prvProcessTimerOrBlockTask
<LI><a href="#[132]">&gt;&gt;</a>&nbsp;&nbsp;&nbsp;prvProcessReceivedCommands
</UL>
<BR>[Address Reference Count : 1]<UL><LI> timers.o(.text)
</UL>
<P><STRONG><a name="[135]"></a>prvCheckForValidListAndQueue</STRONG> (Thumb, 72 bytes, Stack size 8 bytes, timers.o(.text))
<BR><BR>[Stack]<UL><LI>Max Depth = 120<LI>Call Chain = prvCheckForValidListAndQueue &rArr; xQueueGenericCreate &rArr; pvPortMalloc &rArr; xTaskResumeAll &rArr; xTaskIncrementTick
</UL>
<BR>[Calls]<UL><LI><a href="#[136]">&gt;&gt;</a>&nbsp;&nbsp;&nbsp;vQueueAddToRegistry
<LI><a href="#[ce]">&gt;&gt;</a>&nbsp;&nbsp;&nbsp;vPortExitCritical
<LI><a href="#[cb]">&gt;&gt;</a>&nbsp;&nbsp;&nbsp;vPortEnterCritical
<LI><a href="#[cd]">&gt;&gt;</a>&nbsp;&nbsp;&nbsp;vListInitialise
<LI><a href="#[c3]">&gt;&gt;</a>&nbsp;&nbsp;&nbsp;xQueueGenericCreate
</UL>
<BR>[Called By]<UL><LI><a href="#[137]">&gt;&gt;</a>&nbsp;&nbsp;&nbsp;prvInitialiseNewTimer
<LI><a href="#[118]">&gt;&gt;</a>&nbsp;&nbsp;&nbsp;xTimerCreateTimerTask
</UL>

<P><STRONG><a name="[137]"></a>prvInitialiseNewTimer</STRONG> (Thumb, 88 bytes, Stack size 32 bytes, timers.o(.text), UNUSED)
<BR><BR>[Calls]<UL><LI><a href="#[135]">&gt;&gt;</a>&nbsp;&nbsp;&nbsp;prvCheckForValidListAndQueue
<LI><a href="#[fc]">&gt;&gt;</a>&nbsp;&nbsp;&nbsp;vListInitialiseItem
</UL>
<BR>[Called By]<UL><LI><a href="#[138]">&gt;&gt;</a>&nbsp;&nbsp;&nbsp;xTimerCreate
</UL>

<P><STRONG><a name="[67]"></a>prvTaskExitError</STRONG> (Thumb, 60 bytes, Stack size 0 bytes, port.o(.text))
<BR>[Address Reference Count : 1]<UL><LI> port.o(.text)
</UL>
<P><STRONG><a name="[145]"></a>prvHeapInit</STRONG> (Thumb, 88 bytes, Stack size 12 bytes, heap_4.o(.text))
<BR><BR>[Stack]<UL><LI>Max Depth = 12<LI>Call Chain = prvHeapInit
</UL>
<BR>[Called By]<UL><LI><a href="#[d0]">&gt;&gt;</a>&nbsp;&nbsp;&nbsp;pvPortMalloc
</UL>

<P><STRONG><a name="[146]"></a>prvInsertBlockIntoFreeList</STRONG> (Thumb, 144 bytes, Stack size 8 bytes, heap_4.o(.text))
<BR><BR>[Stack]<UL><LI>Max Depth = 8<LI>Call Chain = prvInsertBlockIntoFreeList
</UL>
<BR>[Called By]<UL><LI><a href="#[f7]">&gt;&gt;</a>&nbsp;&nbsp;&nbsp;vPortFree
</UL>

<P><STRONG><a name="[16a]"></a>crc_accumulate</STRONG> (Thumb, 34 bytes, Stack size 0 bytes, calibaration.o(.text))
<BR><BR>[Called By]<UL><LI><a href="#[169]">&gt;&gt;</a>&nbsp;&nbsp;&nbsp;mavlink_finalize_message_buffer
</UL>

<P><STRONG><a name="[166]"></a>mavlink_sha256_calc</STRONG> (Thumb, 474 bytes, Stack size 304 bytes, calibaration.o(.text))
<BR><BR>[Stack]<UL><LI>Max Depth = 304<LI>Call Chain = mavlink_sha256_calc
</UL>
<BR>[Called By]<UL><LI><a href="#[165]">&gt;&gt;</a>&nbsp;&nbsp;&nbsp;mavlink_sha256_update
</UL>

<P><STRONG><a name="[165]"></a>mavlink_sha256_update</STRONG> (Thumb, 152 bytes, Stack size 104 bytes, calibaration.o(.text))
<BR><BR>[Stack]<UL><LI>Max Depth = 408<LI>Call Chain = mavlink_sha256_update &rArr; mavlink_sha256_calc
</UL>
<BR>[Calls]<UL><LI><a href="#[166]">&gt;&gt;</a>&nbsp;&nbsp;&nbsp;mavlink_sha256_calc
<LI><a href="#[d6]">&gt;&gt;</a>&nbsp;&nbsp;&nbsp;__aeabi_memcpy
</UL>
<BR>[Called By]<UL><LI><a href="#[168]">&gt;&gt;</a>&nbsp;&nbsp;&nbsp;mavlink_sign_packet
<LI><a href="#[167]">&gt;&gt;</a>&nbsp;&nbsp;&nbsp;mavlink_sha256_final_48
</UL>

<P><STRONG><a name="[167]"></a>mavlink_sha256_final_48</STRONG> (Thumb, 170 bytes, Stack size 96 bytes, calibaration.o(.text))
<BR><BR>[Stack]<UL><LI>Max Depth = 504<LI>Call Chain = mavlink_sha256_final_48 &rArr; mavlink_sha256_update &rArr; mavlink_sha256_calc
</UL>
<BR>[Calls]<UL><LI><a href="#[165]">&gt;&gt;</a>&nbsp;&nbsp;&nbsp;mavlink_sha256_update
<LI><a href="#[148]">&gt;&gt;</a>&nbsp;&nbsp;&nbsp;__aeabi_memclr
</UL>
<BR>[Called By]<UL><LI><a href="#[168]">&gt;&gt;</a>&nbsp;&nbsp;&nbsp;mavlink_sign_packet
</UL>

<P><STRONG><a name="[168]"></a>mavlink_sign_packet</STRONG> (Thumb, 184 bytes, Stack size 144 bytes, calibaration.o(.text))
<BR><BR>[Stack]<UL><LI>Max Depth = 648<LI>Call Chain = mavlink_sign_packet &rArr; mavlink_sha256_final_48 &rArr; mavlink_sha256_update &rArr; mavlink_sha256_calc
</UL>
<BR>[Calls]<UL><LI><a href="#[167]">&gt;&gt;</a>&nbsp;&nbsp;&nbsp;mavlink_sha256_final_48
<LI><a href="#[165]">&gt;&gt;</a>&nbsp;&nbsp;&nbsp;mavlink_sha256_update
</UL>
<BR>[Called By]<UL><LI><a href="#[169]">&gt;&gt;</a>&nbsp;&nbsp;&nbsp;mavlink_finalize_message_buffer
</UL>

<P><STRONG><a name="[169]"></a>mavlink_finalize_message_buffer</STRONG> (Thumb, 438 bytes, Stack size 88 bytes, calibaration.o(.text))
<BR><BR>[Stack]<UL><LI>Max Depth = 736<LI>Call Chain = mavlink_finalize_message_buffer &rArr; mavlink_sign_packet &rArr; mavlink_sha256_final_48 &rArr; mavlink_sha256_update &rArr; mavlink_sha256_calc
</UL>
<BR>[Calls]<UL><LI><a href="#[168]">&gt;&gt;</a>&nbsp;&nbsp;&nbsp;mavlink_sign_packet
<LI><a href="#[16a]">&gt;&gt;</a>&nbsp;&nbsp;&nbsp;crc_accumulate
</UL>
<BR>[Called By]<UL><LI><a href="#[16b]">&gt;&gt;</a>&nbsp;&nbsp;&nbsp;mavlink_msg_highres_imu_pack
</UL>

<P><STRONG><a name="[16b]"></a>mavlink_msg_highres_imu_pack</STRONG> (Thumb, 216 bytes, Stack size 176 bytes, calibaration.o(.text))
<BR><BR>[Stack]<UL><LI>Max Depth = 912<LI>Call Chain = mavlink_msg_highres_imu_pack &rArr; mavlink_finalize_message_buffer &rArr; mavlink_sign_packet &rArr; mavlink_sha256_final_48 &rArr; mavlink_sha256_update &rArr; mavlink_sha256_calc
</UL>
<BR>[Calls]<UL><LI><a href="#[169]">&gt;&gt;</a>&nbsp;&nbsp;&nbsp;mavlink_finalize_message_buffer
<LI><a href="#[16c]">&gt;&gt;</a>&nbsp;&nbsp;&nbsp;__aeabi_memcpy4
</UL>
<BR>[Called By]<UL><LI><a href="#[63]">&gt;&gt;</a>&nbsp;&nbsp;&nbsp;vSensor_ReceiveTask
</UL>

<P><STRONG><a name="[17a]"></a>USBD_FlushInEpFifo</STRONG> (Thumb, 60 bytes, Stack size 0 bytes, usbd_stm32f4xx_fs.o(.text))
<BR><BR>[Called By]<UL><LI><a href="#[4d]">&gt;&gt;</a>&nbsp;&nbsp;&nbsp;OTG_FS_IRQHandler
<LI><a href="#[17e]">&gt;&gt;</a>&nbsp;&nbsp;&nbsp;USBD_ClearEPBuf
<LI><a href="#[17d]">&gt;&gt;</a>&nbsp;&nbsp;&nbsp;USBD_ClrStallEP
<LI><a href="#[17c]">&gt;&gt;</a>&nbsp;&nbsp;&nbsp;USBD_SetStallEP
<LI><a href="#[179]">&gt;&gt;</a>&nbsp;&nbsp;&nbsp;USBD_ResetEP
</UL>

<P><STRONG><a name="[189]"></a>crc_accumulate</STRONG> (Thumb, 34 bytes, Stack size 0 bytes, usb_ticktx.o(.text))
<BR><BR>[Called By]<UL><LI><a href="#[188]">&gt;&gt;</a>&nbsp;&nbsp;&nbsp;mavlink_finalize_message_buffer
</UL>

<P><STRONG><a name="[185]"></a>mavlink_sha256_calc</STRONG> (Thumb, 474 bytes, Stack size 304 bytes, usb_ticktx.o(.text))
<BR><BR>[Stack]<UL><LI>Max Depth = 304<LI>Call Chain = mavlink_sha256_calc
</UL>
<BR>[Called By]<UL><LI><a href="#[184]">&gt;&gt;</a>&nbsp;&nbsp;&nbsp;mavlink_sha256_update
</UL>

<P><STRONG><a name="[184]"></a>mavlink_sha256_update</STRONG> (Thumb, 152 bytes, Stack size 104 bytes, usb_ticktx.o(.text))
<BR><BR>[Stack]<UL><LI>Max Depth = 408<LI>Call Chain = mavlink_sha256_update &rArr; mavlink_sha256_calc
</UL>
<BR>[Calls]<UL><LI><a href="#[185]">&gt;&gt;</a>&nbsp;&nbsp;&nbsp;mavlink_sha256_calc
<LI><a href="#[d6]">&gt;&gt;</a>&nbsp;&nbsp;&nbsp;__aeabi_memcpy
</UL>
<BR>[Called By]<UL><LI><a href="#[187]">&gt;&gt;</a>&nbsp;&nbsp;&nbsp;mavlink_sign_packet
<LI><a href="#[186]">&gt;&gt;</a>&nbsp;&nbsp;&nbsp;mavlink_sha256_final_48
</UL>

<P><STRONG><a name="[186]"></a>mavlink_sha256_final_48</STRONG> (Thumb, 170 bytes, Stack size 96 bytes, usb_ticktx.o(.text))
<BR><BR>[Stack]<UL><LI>Max Depth = 504<LI>Call Chain = mavlink_sha256_final_48 &rArr; mavlink_sha256_update &rArr; mavlink_sha256_calc
</UL>
<BR>[Calls]<UL><LI><a href="#[184]">&gt;&gt;</a>&nbsp;&nbsp;&nbsp;mavlink_sha256_update
<LI><a href="#[148]">&gt;&gt;</a>&nbsp;&nbsp;&nbsp;__aeabi_memclr
</UL>
<BR>[Called By]<UL><LI><a href="#[187]">&gt;&gt;</a>&nbsp;&nbsp;&nbsp;mavlink_sign_packet
</UL>

<P><STRONG><a name="[187]"></a>mavlink_sign_packet</STRONG> (Thumb, 184 bytes, Stack size 144 bytes, usb_ticktx.o(.text))
<BR><BR>[Stack]<UL><LI>Max Depth = 648<LI>Call Chain = mavlink_sign_packet &rArr; mavlink_sha256_final_48 &rArr; mavlink_sha256_update &rArr; mavlink_sha256_calc
</UL>
<BR>[Calls]<UL><LI><a href="#[186]">&gt;&gt;</a>&nbsp;&nbsp;&nbsp;mavlink_sha256_final_48
<LI><a href="#[184]">&gt;&gt;</a>&nbsp;&nbsp;&nbsp;mavlink_sha256_update
</UL>
<BR>[Called By]<UL><LI><a href="#[188]">&gt;&gt;</a>&nbsp;&nbsp;&nbsp;mavlink_finalize_message_buffer
</UL>

<P><STRONG><a name="[188]"></a>mavlink_finalize_message_buffer</STRONG> (Thumb, 438 bytes, Stack size 88 bytes, usb_ticktx.o(.text))
<BR><BR>[Stack]<UL><LI>Max Depth = 736<LI>Call Chain = mavlink_finalize_message_buffer &rArr; mavlink_sign_packet &rArr; mavlink_sha256_final_48 &rArr; mavlink_sha256_update &rArr; mavlink_sha256_calc
</UL>
<BR>[Calls]<UL><LI><a href="#[187]">&gt;&gt;</a>&nbsp;&nbsp;&nbsp;mavlink_sign_packet
<LI><a href="#[189]">&gt;&gt;</a>&nbsp;&nbsp;&nbsp;crc_accumulate
</UL>
<BR>[Called By]<UL><LI><a href="#[18c]">&gt;&gt;</a>&nbsp;&nbsp;&nbsp;mavlink_msg_heartbeat_pack
</UL>

<P><STRONG><a name="[18c]"></a>mavlink_msg_heartbeat_pack</STRONG> (Thumb, 114 bytes, Stack size 64 bytes, usb_ticktx.o(.text))
<BR><BR>[Stack]<UL><LI>Max Depth = 800<LI>Call Chain = mavlink_msg_heartbeat_pack &rArr; mavlink_finalize_message_buffer &rArr; mavlink_sign_packet &rArr; mavlink_sha256_final_48 &rArr; mavlink_sha256_update &rArr; mavlink_sha256_calc
</UL>
<BR>[Calls]<UL><LI><a href="#[188]">&gt;&gt;</a>&nbsp;&nbsp;&nbsp;mavlink_finalize_message_buffer
<LI><a href="#[16c]">&gt;&gt;</a>&nbsp;&nbsp;&nbsp;__aeabi_memcpy4
</UL>
<BR>[Called By]<UL><LI><a href="#[60]">&gt;&gt;</a>&nbsp;&nbsp;&nbsp;vUSBTickTask
</UL>

<P><STRONG><a name="[19d]"></a>USBD_CDC_ACM_EP_BULKIN_HandleData</STRONG> (Thumb, 228 bytes, Stack size 16 bytes, usbd_cdc_acm.o(.text))
<BR><BR>[Stack]<UL><LI>Max Depth = 36<LI>Call Chain = USBD_CDC_ACM_EP_BULKIN_HandleData &rArr; USBD_WriteEP
</UL>
<BR>[Calls]<UL><LI><a href="#[17f]">&gt;&gt;</a>&nbsp;&nbsp;&nbsp;USBD_WriteEP
</UL>
<BR>[Called By]<UL><LI><a href="#[1a1]">&gt;&gt;</a>&nbsp;&nbsp;&nbsp;USBD_CDC_ACM_EP_BULKIN_Event
<LI><a href="#[170]">&gt;&gt;</a>&nbsp;&nbsp;&nbsp;USBD_CDC_ACM_SOF_Event
</UL>

<P><STRONG><a name="[19e]"></a>USBD_CDC_ACM_EP_BULKOUT_HandleData</STRONG> (Thumb, 102 bytes, Stack size 8 bytes, usbd_cdc_acm.o(.text))
<BR><BR>[Stack]<UL><LI>Max Depth = 24<LI>Call Chain = USBD_CDC_ACM_EP_BULKOUT_HandleData &rArr; USBD_ReadEP
</UL>
<BR>[Calls]<UL><LI><a href="#[183]">&gt;&gt;</a>&nbsp;&nbsp;&nbsp;USBD_ReadEP
</UL>
<BR>[Called By]<UL><LI><a href="#[1a0]">&gt;&gt;</a>&nbsp;&nbsp;&nbsp;USBD_CDC_ACM_EP_BULKOUT_Event
<LI><a href="#[170]">&gt;&gt;</a>&nbsp;&nbsp;&nbsp;USBD_CDC_ACM_SOF_Event
</UL>

<P><STRONG><a name="[1c4]"></a>mavlink_msg_to_send_buffer</STRONG> (Thumb, 224 bytes, Stack size 32 bytes, usb_mavlink_port.o(.text))
<BR><BR>[Stack]<UL><LI>Max Depth = 32<LI>Call Chain = mavlink_msg_to_send_buffer
</UL>
<BR>[Calls]<UL><LI><a href="#[d6]">&gt;&gt;</a>&nbsp;&nbsp;&nbsp;__aeabi_memcpy
</UL>
<BR>[Called By]<UL><LI><a href="#[16e]">&gt;&gt;</a>&nbsp;&nbsp;&nbsp;mavlink_send_msg
</UL>

<P><STRONG><a name="[1de]"></a>crc_accumulate</STRONG> (Thumb, 34 bytes, Stack size 0 bytes, euler_cal.o(.text))
<BR><BR>[Called By]<UL><LI><a href="#[1dd]">&gt;&gt;</a>&nbsp;&nbsp;&nbsp;mavlink_finalize_message_buffer
</UL>

<P><STRONG><a name="[1da]"></a>mavlink_sha256_calc</STRONG> (Thumb, 474 bytes, Stack size 304 bytes, euler_cal.o(.text))
<BR><BR>[Stack]<UL><LI>Max Depth = 304<LI>Call Chain = mavlink_sha256_calc
</UL>
<BR>[Called By]<UL><LI><a href="#[1d9]">&gt;&gt;</a>&nbsp;&nbsp;&nbsp;mavlink_sha256_update
</UL>

<P><STRONG><a name="[1d9]"></a>mavlink_sha256_update</STRONG> (Thumb, 152 bytes, Stack size 104 bytes, euler_cal.o(.text))
<BR><BR>[Stack]<UL><LI>Max Depth = 408<LI>Call Chain = mavlink_sha256_update &rArr; mavlink_sha256_calc
</UL>
<BR>[Calls]<UL><LI><a href="#[1da]">&gt;&gt;</a>&nbsp;&nbsp;&nbsp;mavlink_sha256_calc
<LI><a href="#[d6]">&gt;&gt;</a>&nbsp;&nbsp;&nbsp;__aeabi_memcpy
</UL>
<BR>[Called By]<UL><LI><a href="#[1dc]">&gt;&gt;</a>&nbsp;&nbsp;&nbsp;mavlink_sign_packet
<LI><a href="#[1db]">&gt;&gt;</a>&nbsp;&nbsp;&nbsp;mavlink_sha256_final_48
</UL>

<P><STRONG><a name="[1db]"></a>mavlink_sha256_final_48</STRONG> (Thumb, 170 bytes, Stack size 96 bytes, euler_cal.o(.text))
<BR><BR>[Stack]<UL><LI>Max Depth = 504<LI>Call Chain = mavlink_sha256_final_48 &rArr; mavlink_sha256_update &rArr; mavlink_sha256_calc
</UL>
<BR>[Calls]<UL><LI><a href="#[1d9]">&gt;&gt;</a>&nbsp;&nbsp;&nbsp;mavlink_sha256_update
<LI><a href="#[148]">&gt;&gt;</a>&nbsp;&nbsp;&nbsp;__aeabi_memclr
</UL>
<BR>[Called By]<UL><LI><a href="#[1dc]">&gt;&gt;</a>&nbsp;&nbsp;&nbsp;mavlink_sign_packet
</UL>

<P><STRONG><a name="[1dc]"></a>mavlink_sign_packet</STRONG> (Thumb, 184 bytes, Stack size 144 bytes, euler_cal.o(.text))
<BR><BR>[Stack]<UL><LI>Max Depth = 648<LI>Call Chain = mavlink_sign_packet &rArr; mavlink_sha256_final_48 &rArr; mavlink_sha256_update &rArr; mavlink_sha256_calc
</UL>
<BR>[Calls]<UL><LI><a href="#[1db]">&gt;&gt;</a>&nbsp;&nbsp;&nbsp;mavlink_sha256_final_48
<LI><a href="#[1d9]">&gt;&gt;</a>&nbsp;&nbsp;&nbsp;mavlink_sha256_update
</UL>
<BR>[Called By]<UL><LI><a href="#[1dd]">&gt;&gt;</a>&nbsp;&nbsp;&nbsp;mavlink_finalize_message_buffer
</UL>

<P><STRONG><a name="[1dd]"></a>mavlink_finalize_message_buffer</STRONG> (Thumb, 438 bytes, Stack size 88 bytes, euler_cal.o(.text))
<BR><BR>[Stack]<UL><LI>Max Depth = 736<LI>Call Chain = mavlink_finalize_message_buffer &rArr; mavlink_sign_packet &rArr; mavlink_sha256_final_48 &rArr; mavlink_sha256_update &rArr; mavlink_sha256_calc
</UL>
<BR>[Calls]<UL><LI><a href="#[1dc]">&gt;&gt;</a>&nbsp;&nbsp;&nbsp;mavlink_sign_packet
<LI><a href="#[1de]">&gt;&gt;</a>&nbsp;&nbsp;&nbsp;crc_accumulate
</UL>
<BR>[Called By]<UL><LI><a href="#[1e1]">&gt;&gt;</a>&nbsp;&nbsp;&nbsp;mavlink_msg_attitude_pack
</UL>

<P><STRONG><a name="[1e1]"></a>mavlink_msg_attitude_pack</STRONG> (Thumb, 150 bytes, Stack size 104 bytes, euler_cal.o(.text))
<BR><BR>[Stack]<UL><LI>Max Depth = 840<LI>Call Chain = mavlink_msg_attitude_pack &rArr; mavlink_finalize_message_buffer &rArr; mavlink_sign_packet &rArr; mavlink_sha256_final_48 &rArr; mavlink_sha256_update &rArr; mavlink_sha256_calc
</UL>
<BR>[Calls]<UL><LI><a href="#[1dd]">&gt;&gt;</a>&nbsp;&nbsp;&nbsp;mavlink_finalize_message_buffer
<LI><a href="#[16c]">&gt;&gt;</a>&nbsp;&nbsp;&nbsp;__aeabi_memcpy4
</UL>
<BR>[Called By]<UL><LI><a href="#[64]">&gt;&gt;</a>&nbsp;&nbsp;&nbsp;vEKF_ProcessTask
</UL>
<P>
<H3>
Undefined Global Symbols
</H3><HR></body></html>
