Component: ARM Compiler 5.06 update 5 (build 528) Tool: armlink [4d35e2]

==============================================================================

Section Cross References

    misc.o(.text) refers to task_create.o(.text) for assert_failed
    stm32f4xx_adc.o(.text) refers to stm32f4xx_rcc.o(.text) for RCC_APB2PeriphResetCmd
    stm32f4xx_adc.o(.text) refers to task_create.o(.text) for assert_failed
    stm32f4xx_dbgmcu.o(.text) refers to task_create.o(.text) for assert_failed
    stm32f4xx_dma.o(.text) refers to task_create.o(.text) for assert_failed
    stm32f4xx_exti.o(.text) refers to task_create.o(.text) for assert_failed
    stm32f4xx_flash.o(.text) refers to task_create.o(.text) for assert_failed
    stm32f4xx_gpio.o(.text) refers to task_create.o(.text) for assert_failed
    stm32f4xx_gpio.o(.text) refers to stm32f4xx_rcc.o(.text) for RCC_AHB1PeriphResetCmd
    stm32f4xx_i2c.o(.text) refers to task_create.o(.text) for assert_failed
    stm32f4xx_i2c.o(.text) refers to stm32f4xx_rcc.o(.text) for RCC_APB1PeriphResetCmd
    stm32f4xx_pwr.o(.text) refers to stm32f4xx_rcc.o(.text) for RCC_APB1PeriphResetCmd
    stm32f4xx_pwr.o(.text) refers to task_create.o(.text) for assert_failed
    stm32f4xx_rcc.o(.text) refers to task_create.o(.text) for assert_failed
    stm32f4xx_rcc.o(.text) refers to stm32f4xx_rcc.o(.data) for APBAHBPrescTable
    stm32f4xx_spi.o(.text) refers to task_create.o(.text) for assert_failed
    stm32f4xx_spi.o(.text) refers to stm32f4xx_rcc.o(.text) for RCC_APB2PeriphResetCmd
    stm32f4xx_syscfg.o(.text) refers to stm32f4xx_rcc.o(.text) for RCC_APB2PeriphResetCmd
    stm32f4xx_syscfg.o(.text) refers to task_create.o(.text) for assert_failed
    stm32f4xx_tim.o(.text) refers to task_create.o(.text) for assert_failed
    stm32f4xx_tim.o(.text) refers to stm32f4xx_rcc.o(.text) for RCC_APB2PeriphResetCmd
    stm32f4xx_usart.o(.text) refers to task_create.o(.text) for assert_failed
    stm32f4xx_usart.o(.text) refers to stm32f4xx_rcc.o(.text) for RCC_APB2PeriphResetCmd
    system_stm32f4xx.o(.text) refers to system_stm32f4xx.o(.data) for SystemCoreClock
    startup_stm32f4xx.o(RESET) refers to startup_stm32f4xx.o(STACK) for __initial_sp
    startup_stm32f4xx.o(RESET) refers to startup_stm32f4xx.o(.text) for Reset_Handler
    startup_stm32f4xx.o(RESET) refers to port.o(.emb_text) for SVC_Handler
    startup_stm32f4xx.o(RESET) refers to port.o(.text) for SysTick_Handler
    startup_stm32f4xx.o(RESET) refers to usbd_stm32f4xx_fs.o(.text) for OTG_FS_IRQHandler
    startup_stm32f4xx.o(.text) refers to system_stm32f4xx.o(.text) for SystemInit
    startup_stm32f4xx.o(.text) refers to entry.o(.ARM.Collect$$$$00000000) for __main
    main.o(.text) refers to task_create.o(.text) for Init
    task_create.o(.text) refers to tasks.o(.text) for xTaskCreate
    task_create.o(.text) refers to queue.o(.text) for xQueueGenericCreate
    task_create.o(.text) refers to systemclock.o(.text) for SystemClock_Config
    task_create.o(.text) refers to usb_clock.o(.text) for USB_EnablePLL48CLK
    task_create.o(.text) refers to usbd_core.o(.text) for usbd_init
    task_create.o(.text) refers to led.o(.text) for LED_Init
    task_create.o(.text) refers to myspi.o(.text) for MySPI_All_Init
    task_create.o(.text) refers to usb_ticktx.o(.text) for vUSBTickTask
    task_create.o(.text) refers to bmi088.o(.text) for vBMI088_Task
    task_create.o(.text) refers to ak8975.o(.text) for vAK8975_Task
    task_create.o(.text) refers to calibaration.o(.text) for vSensor_ReceiveTask
    task_create.o(.text) refers to euler_cal.o(.text) for vEKF_ProcessTask
    task_create.o(.text) refers to task_create.o(.data) for xBMI088Queue
    event_groups.o(.text) refers to heap_4.o(.text) for pvPortMalloc
    event_groups.o(.text) refers to list.o(.text) for vListInitialise
    event_groups.o(.text) refers to tasks.o(.text) for vTaskSuspendAll
    event_groups.o(.text) refers to port.o(.text) for vPortEnterCritical
    queue.o(.text) refers to port.o(.text) for vPortEnterCritical
    queue.o(.text) refers to tasks.o(.text) for xTaskRemoveFromEventList
    queue.o(.text) refers to list.o(.text) for vListInitialise
    queue.o(.text) refers to heap_4.o(.text) for pvPortMalloc
    queue.o(.text) refers to memcpya.o(.text) for __aeabi_memcpy
    queue.o(.text) refers to queue.o(.bss) for xQueueRegistry
    stream_buffer.o(.text) refers to memseta.o(.text) for memset
    stream_buffer.o(.text) refers to heap_4.o(.text) for pvPortMalloc
    stream_buffer.o(.text) refers to port.o(.text) for vPortEnterCritical
    stream_buffer.o(.text) refers to memcpya.o(.text) for __aeabi_memcpy
    stream_buffer.o(.text) refers to tasks.o(.text) for vTaskSetTimeOutState
    tasks.o(.text) refers to memseta.o(.text) for __aeabi_memset
    tasks.o(.text) refers to list.o(.text) for vListInitialiseItem
    tasks.o(.text) refers to port.o(.text) for pxPortInitialiseStack
    tasks.o(.text) refers to heap_4.o(.text) for pvPortMalloc
[...]
    .text                                    0x0800c89c   Section        0  llshl.o(.text)
    .text                                    0x0800c8ba   Section        0  llushr.o(.text)
    .text                                    0x0800c8da   Section        0  fepilogue.o(.text)
    .text                                    0x0800c8da   Section        0  iusefp.o(.text)
    .text                                    0x0800c948   Section        0  depilogue.o(.text)
    .text                                    0x0800ca04   Section       36  init.o(.text)
    .text                                    0x0800ca28   Section        0  __dczerorl2.o(.text)
    i.__ARM_fpclassifyf                      0x0800ca7e   Section        0  fpclassifyf.o(i.__ARM_fpclassifyf)
    i.__hardfp_asinf                         0x0800caa4   Section        0  asinf.o(i.__hardfp_asinf)
    i.__hardfp_atan2f                        0x0800cbd0   Section        0  atan2f.o(i.__hardfp_atan2f)
    i.__hardfp_sqrtf                         0x0800ce20   Section        0  sqrtf.o(i.__hardfp_sqrtf)
    i.__mathlib_flt_infnan                   0x0800ce5a   Section        0  funder.o(i.__mathlib_flt_infnan)
    i.__mathlib_flt_infnan2                  0x0800ce60   Section        0  funder.o(i.__mathlib_flt_infnan2)
    i.__mathlib_flt_invalid                  0x0800ce68   Section        0  funder.o(i.__mathlib_flt_invalid)
    i.__mathlib_flt_underflow                0x0800ce78   Section        0  funder.o(i.__mathlib_flt_underflow)
    i.__scatterload_copy                     0x0800ce88   Section       14  handlers.o(i.__scatterload_copy)
    i.__scatterload_null                     0x0800ce96   Section        2  handlers.o(i.__scatterload_null)
    i.__scatterload_zeroinit                 0x0800ce98   Section       14  handlers.o(i.__scatterload_zeroinit)
    i.__set_errno                            0x0800cea8   Section        0  errno.o(i.__set_errno)
    i.sqrtf                                  0x0800ceb4   Section        0  sqrtf.o(i.sqrtf)
    .constdata                               0x0800cef4   Section      352  calibaration.o(.constdata)
    mavlink_sha256_constant_256              0x0800cef4   Data         256  calibaration.o(.constdata)
    .constdata                               0x0800d054   Section      396  usb_config.o(.constdata)
    .constdata                               0x0800d1e0   Section      256  usb_ticktx.o(.constdata)
    mavlink_sha256_constant_256              0x0800d1e0   Data         256  usb_ticktx.o(.constdata)
    .constdata                               0x0800d2e0   Section      128  ekf.o(.constdata)
    .constdata                               0x0800d360   Section      256  euler_cal.o(.constdata)
    mavlink_sha256_constant_256              0x0800d360   Data         256  euler_cal.o(.constdata)
    .data                                    0x20000000   Section       16  stm32f4xx_rcc.o(.data)
    APBAHBPrescTable                         0x20000000   Data          16  stm32f4xx_rcc.o(.data)
    .data                                    0x20000010   Section       20  system_stm32f4xx.o(.data)
    .data                                    0x20000024   Section       12  task_create.o(.data)
    .data                                    0x20000030   Section       64  tasks.o(.data)
    pxDelayedTaskList                        0x20000034   Data           4  tasks.o(.data)
    pxOverflowDelayedTaskList                0x20000038   Data           4  tasks.o(.data)
    uxDeletedTasksWaitingCleanUp             0x2000003c   Data           4  tasks.o(.data)
    uxCurrentNumberOfTasks                   0x20000040   Data           4  tasks.o(.data)
    xTickCount                               0x20000044   Data           4  tasks.o(.data)
    uxTopReadyPriority                       0x20000048   Data           4  tasks.o(.data)
    xSchedulerRunning                        0x2000004c   Data           4  tasks.o(.data)
    xPendedTicks                             0x20000050   Data           4  tasks.o(.data)
    xYieldPendings                           0x20000054   Data           4  tasks.o(.data)
    xNumOfOverflows                          0x20000058   Data           4  tasks.o(.data)
    uxTaskNumber                             0x2000005c   Data           4  tasks.o(.data)
    xNextTaskUnblockTime                     0x20000060   Data           4  tasks.o(.data)
    xIdleTaskHandles                         0x20000064   Data           4  tasks.o(.data)
    uxTopUsedPriority                        0x20000068   Data           4  tasks.o(.data)
    uxSchedulerSuspended                     0x2000006c   Data           4  tasks.o(.data)
    .data                                    0x20000070   Section       20  timers.o(.data)
    pxCurrentTimerList                       0x20000070   Data           4  timers.o(.data)
    pxOverflowTimerList                      0x20000074   Data           4  timers.o(.data)
    xTimerQueue                              0x20000078   Data           4  timers.o(.data)
    xTimerTaskHandle                         0x2000007c   Data           4  timers.o(.data)
    xLastTime                                0x20000080   Data           4  timers.o(.data)
    .data                                    0x20000084   Section       12  port.o(.data)
    uxCriticalNesting                        0x20000084   Data           4  port.o(.data)
    ucMaxSysCallPriority                     0x20000088   Data           1  port.o(.data)
    ulMaxPRIGROUPValue                       0x2000008c   Data           4  port.o(.data)
    .data                                    0x20000090   Section       28  heap_4.o(.data)
    xStart                                   0x20000090   Data           8  heap_4.o(.data)
    pxEnd                                    0x20000098   Data           4  heap_4.o(.data)
    xFreeBytesRemaining                      0x2000009c   Data           4  heap_4.o(.data)
    xMinimumEverFreeBytesRemaining           0x200000a0   Data           4  heap_4.o(.data)
    xNumberOfSuccessfulAllocations           0x200000a4   Data           4  heap_4.o(.data)
    xNumberOfSuccessfulFrees                 0x200000a8   Data           4  heap_4.o(.data)
    .data                                    0x200000ac   Section        8  led.o(.data)
    .data                                    0x200000b8   Section       32  bmi088.o(.data)
    .data                                    0x200000d8   Section        8  ak8975.o(.data)
    .data                                    0x200000e0   Section       12  calibaration.o(.data)
    lpf_mx                                   0x200000e0   Data           4  calibaration.o(.data)
    lpf_my                                   0x200000e4   Data           4  calibaration.o(.data)
    lpf_mz                                   0x200000e8   Data           4  calibaration.o(.data)
    .data                                    0x200000ec   Section        2  usb_config.o(.data)
    .data                                    0x200000f0   Section       48  usbd_stm32f4xx_fs.o(.data)
    IsoInIncomplete                          0x2000011c   Data           4  usbd_stm32f4xx_fs.o(.data)
    .data                                    0x20000120   Section       61  usbd_cdc_acm.o(.data)
    .data                                    0x20000160   Section       36  usbd_core.o(.data)
    .data                                    0x20000184   Section       56  ekf.o(.data)
    .data                                    0x200001bc   Section       12  euler_cal.o(.data)
    .data                                    0x200001c8   Section        4  errno.o(.data)
    _errno                                   0x200001c8   Data           4  errno.o(.data)
    .bss                                     0x200001cc   Section       64  queue.o(.bss)
    .bss                                     0x2000020c   Section      420  tasks.o(.bss)
    pxReadyTasksLists                        0x2000020c   Data         320  tasks.o(.bss)
    xDelayedTaskList1                        0x2000034c   Data          20  tasks.o(.bss)
    xDelayedTaskList2                        0x20000360   Data          20  tasks.o(.bss)
    xPendingReadyList                        0x20000374   Data          20  tasks.o(.bss)
    xTasksWaitingTermination                 0x20000388   Data          20  tasks.o(.bss)
    xSuspendedTaskList                       0x2000039c   Data          20  tasks.o(.bss)
    .bss                                     0x200003b0   Section       40  timers.o(.bss)
    xActiveTimerList1                        0x200003b0   Data          20  timers.o(.bss)
    xActiveTimerList2                        0x200003c4   Data          20  timers.o(.bss)
    .bss                                     0x200003d8   Section    76800  heap_4.o(.bss)
    ucHeap                                   0x200003d8   Data       76800  heap_4.o(.bss)
    .bss                                     0x20012fd8   Section       24  bmi088.o(.bss)
    .bss                                     0x20012ff0   Section       12  ak8975.o(.bss)
    .bss                                     0x20012ffc   Section       96  calibaration.o(.bss)
    m_mavlink_status                         0x20012ffc   Data          96  calibaration.o(.bss)
    .bss                                     0x20013060   Section      936  usb_config.o(.bss)
    .bss                                     0x20013408   Section       64  usbd_stm32f4xx_fs.o(.bss)
    .bss                                     0x20013448   Section       96  usb_ticktx.o(.bss)
    m_mavlink_status                         0x20013448   Data          96  usb_ticktx.o(.bss)
    .bss                                     0x200134a8   Section      816  ekf.o(.bss)
    F_data                                   0x200135a0   Data          64  ekf.o(.bss)
    FT_data                                  0x200135e0   Data          64  ekf.o(.bss)
    H_data                                   0x20013620   Data          48  ekf.o(.bss)
    HT_data                                  0x20013650   Data          48  ekf.o(.bss)
    K_data                                   0x20013680   Data          48  ekf.o(.bss)
    S_data                                   0x200136b0   Data          36  ekf.o(.bss)
    SI_data                                  0x200136d4   Data          36  ekf.o(.bss)
    tmp_4x4_1                                0x200136f8   Data          64  ekf.o(.bss)
    tmp_4x4_2                                0x20013738   Data          64  ekf.o(.bss)
    tmp_3x4                                  0x20013778   Data          48  ekf.o(.bss)
    tmp_4x3                                  0x200137a8   Data          48  ekf.o(.bss)
    .bss                                     0x200137d8   Section       96  euler_cal.o(.bss)
    m_mavlink_status                         0x200137d8   Data          96  euler_cal.o(.bss)
    STACK                                    0x20013838   Section     2048  startup_stm32f4xx.o(STACK)

    Global Symbols

    Symbol Name                              Value     Ov Type        Size  Object(Section)

    BuildAttributes$$THM_ISAv4$E$P$D$K$B$S$7EM$VFPi3$EXTD16$VFPS$VFMA$PE$A:L22UL41UL21$X:L11$S22US41US21$IEEE1$IW$USESV6$~STKCKD$USESV7$~SHL$OTIME$ROPI$IEEEX$EBA8$MICROLIB$REQ8$PRES8$EABIv2 0x00000000   Number         0  anon$$obj.o ABSOLUTE
    __ARM_use_no_argv                        0x00000000   Number         0  main.o ABSOLUTE
    USBD_Configure_Event                      - Undefined Weak Reference
    USBD_EndPoint10                           - Undefined Weak Reference
    USBD_EndPoint11                           - Undefined Weak Reference
    USBD_EndPoint12                           - Undefined Weak Reference
    USBD_EndPoint13                           - Undefined Weak Reference
    USBD_EndPoint14                           - Undefined Weak Reference
    USBD_EndPoint15                           - Undefined Weak Reference
    USBD_EndPoint3                            - Undefined Weak Reference
    USBD_EndPoint4                            - Undefined Weak Reference
    USBD_EndPoint5                            - Undefined Weak Reference
    USBD_EndPoint6                            - Undefined Weak Reference
    USBD_EndPoint7                            - Undefined Weak Reference
    USBD_EndPoint8                            - Undefined Weak Reference
    USBD_EndPoint9                            - Undefined Weak Reference
    USBD_Error_Event                          - Undefined Weak Reference
    USBD_Feature_Event                        - Undefined Weak Reference
    USBD_Interface_Event                      - Undefined Weak Reference
    USBD_Power_Event                          - Undefined Weak Reference
    USBD_Resume_Event                         - Undefined Weak Reference
    USBD_Suspend_Event                        - Undefined Weak Reference
    USBD_WakeUp_Event                         - Undefined Weak Reference
    __cpp_initialize__aeabi_                  - Undefined Weak Reference
    __cxa_finalize                            - Undefined Weak Reference
    _clock_init                               - Undefined Weak Reference
    _microlib_exit                            - Undefined Weak Reference
    __Vectors_Size                           0x00000188   Number         0  startup_stm32f4xx.o ABSOLUTE
    __RL_USBD_VER                            0x00000470   Number         0  usbd_core.o ABSOLUTE
    __Vectors                                0x08000000   Data           4  startup_stm32f4xx.o(RESET)
    __Vectors_End                            0x08000188   Data           0  startup_stm32f4xx.o(RESET)
    __main                                   0x08000189   Thumb Code     0  entry.o(.ARM.Collect$$$$00000000)
    _main_stk                                0x08000189   Thumb Code     0  entry2.o(.ARM.Collect$$$$00000001)
    _main_scatterload                        0x0800018d   Thumb Code     0  entry5.o(.ARM.Collect$$$$00000004)
    __main_after_scatterload                 0x08000191   Thumb Code     0  entry5.o(.ARM.Collect$$$$00000004)
    _main_clock                              0x08000191   Thumb Code     0  entry7b.o(.ARM.Collect$$$$00000008)
    _main_cpp_init                           0x08000191   Thumb Code     0  entry8b.o(.ARM.Collect$$$$0000000A)
    _main_init                               0x08000191   Thumb Code     0  entry9a.o(.ARM.Collect$$$$0000000B)
    __rt_final_cpp                           0x08000199   Thumb Code     0  entry10a.o(.ARM.Collect$$$$0000000D)
    __rt_final_exit                          0x08000199   Thumb Code     0  entry11a.o(.ARM.Collect$$$$0000000F)
    SVC_Handler                              0x0800019d   Thumb Code    28  port.o(.emb_text)
    __asm___6_port_c_39a90d8d__prvStartFirstTask 0x080001bd   Thumb Code    36  port.o(.emb_text)
    __asm___6_port_c_39a90d8d__prvEnableVFP  0x080001e5   Thumb Code    16  port.o(.emb_text)
    PendSV_Handler                           0x080001f9   Thumb Code    88  port.o(.emb_text)
    vPortGetIPSR                             0x08000255   Thumb Code     6  port.o(.emb_text)
    GPIO_DeInit                              0x0800025d   Thumb Code   284  stm32f4xx_gpio.o(.text)
    GPIO_Init                                0x08000379   Thumb Code   342  stm32f4xx_gpio.o(.text)
    GPIO_StructInit                          0x080004cf   Thumb Code    18  stm32f4xx_gpio.o(.text)
    GPIO_PinLockConfig                       0x080004e1   Thumb Code   122  stm32f4xx_gpio.o(.text)
    GPIO_ReadInputDataBit                    0x0800055b   Thumb Code   182  stm32f4xx_gpio.o(.text)
    GPIO_ReadInputData                       0x08000611   Thumb Code   174  stm32f4xx_gpio.o(.text)
    GPIO_ReadOutputDataBit                   0x080006bf   Thumb Code   186  stm32f4xx_gpio.o(.text)
    GPIO_ReadOutputData                      0x08000779   Thumb Code    78  stm32f4xx_gpio.o(.text)
    GPIO_SetBits                             0x080007c7   Thumb Code    98  stm32f4xx_gpio.o(.text)
    GPIO_ResetBits                           0x08000829   Thumb Code    98  stm32f4xx_gpio.o(.text)
    GPIO_WriteBit                            0x0800088b   Thumb Code   200  stm32f4xx_gpio.o(.text)
    GPIO_Write                               0x08000953   Thumb Code    78  stm32f4xx_gpio.o(.text)
    GPIO_ToggleBits                          0x080009a1   Thumb Code    82  stm32f4xx_gpio.o(.text)
    GPIO_PinAFConfig                         0x080009f3   Thumb Code   384  stm32f4xx_gpio.o(.text)
    RCC_DeInit                               0x08000b75   Thumb Code    60  stm32f4xx_rcc.o(.text)
    RCC_HSEConfig                            0x08000bb1   Thumb Code    38  stm32f4xx_rcc.o(.text)
    RCC_GetFlagStatus                        0x08000bd7   Thumb Code   130  stm32f4xx_rcc.o(.text)
    RCC_WaitForHSEStartUp                    0x08000c59   Thumb Code    56  stm32f4xx_rcc.o(.text)
    RCC_AdjustHSICalibrationValue            0x08000c91   Thumb Code    38  stm32f4xx_rcc.o(.text)
    RCC_HSICmd                               0x08000cb7   Thumb Code    28  stm32f4xx_rcc.o(.text)
    RCC_LSEConfig                            0x08000cd3   Thumb Code    72  stm32f4xx_rcc.o(.text)
    RCC_LSICmd                               0x08000d1b   Thumb Code    28  stm32f4xx_rcc.o(.text)
    RCC_PLLConfig                            0x08000d37   Thumb Code   156  stm32f4xx_rcc.o(.text)
    RCC_PLLCmd                               0x08000dd3   Thumb Code    28  stm32f4xx_rcc.o(.text)
    RCC_PLLI2SConfig                         0x08000def   Thumb Code    62  stm32f4xx_rcc.o(.text)
    RCC_PLLI2SCmd                            0x08000e2d   Thumb Code    28  stm32f4xx_rcc.o(.text)
    RCC_ClockSecuritySystemCmd               0x08000e49   Thumb Code    28  stm32f4xx_rcc.o(.text)
    RCC_MCO1Config                           0x08000e65   Thumb Code   102  stm32f4xx_rcc.o(.text)
    RCC_MCO2Config                           0x08000ecb   Thumb Code   102  stm32f4xx_rcc.o(.text)
    RCC_SYSCLKConfig                         0x08000f31   Thumb Code   124  stm32f4xx_rcc.o(.text)
    RCC_GetSYSCLKSource                      0x08000fad   Thumb Code    10  stm32f4xx_rcc.o(.text)
    RCC_HCLKConfig                           0x08000fb7   Thumb Code    68  stm32f4xx_rcc.o(.text)
    RCC_PCLK1Config                          0x08000ffb   Thumb Code    60  stm32f4xx_rcc.o(.text)
    RCC_PCLK2Config                          0x08001037   Thumb Code    62  stm32f4xx_rcc.o(.text)
    RCC_GetClocksFreq                        0x08001075   Thumb Code   214  stm32f4xx_rcc.o(.text)
    RCC_RTCCLKConfig                         0x0800114b   Thumb Code   262  stm32f4xx_rcc.o(.text)
    RCC_RTCCLKCmd                            0x08001251   Thumb Code    30  stm32f4xx_rcc.o(.text)
    RCC_BackupResetCmd                       0x0800126f   Thumb Code    32  stm32f4xx_rcc.o(.text)
    RCC_I2SCLKConfig                         0x0800128f   Thumb Code    30  stm32f4xx_rcc.o(.text)
    RCC_AHB1PeriphClockCmd                   0x080012ad   Thumb Code    82  stm32f4xx_rcc.o(.text)
    RCC_AHB2PeriphClockCmd                   0x080012ff   Thumb Code    82  stm32f4xx_rcc.o(.text)
    RCC_AHB3PeriphClockCmd                   0x08001351   Thumb Code   232  stm32f4xx_rcc.o(.text)
    RCC_APB1PeriphClockCmd                   0x08001439   Thumb Code    82  stm32f4xx_rcc.o(.text)
    RCC_APB2PeriphClockCmd                   0x0800148b   Thumb Code    82  stm32f4xx_rcc.o(.text)
    RCC_AHB1PeriphResetCmd                   0x080014dd   Thumb Code    82  stm32f4xx_rcc.o(.text)
    RCC_AHB2PeriphResetCmd                   0x0800152f   Thumb Code    82  stm32f4xx_rcc.o(.text)
    RCC_AHB3PeriphResetCmd                   0x08001581   Thumb Code    82  stm32f4xx_rcc.o(.text)
    RCC_APB1PeriphResetCmd                   0x080015d3   Thumb Code    82  stm32f4xx_rcc.o(.text)
    RCC_APB2PeriphResetCmd                   0x08001625   Thumb Code    82  stm32f4xx_rcc.o(.text)
    RCC_AHB1PeriphClockLPModeCmd             0x08001677   Thumb Code    82  stm32f4xx_rcc.o(.text)
    RCC_AHB2PeriphClockLPModeCmd             0x080016c9   Thumb Code    82  stm32f4xx_rcc.o(.text)
    RCC_AHB3PeriphClockLPModeCmd             0x0800171b   Thumb Code    82  stm32f4xx_rcc.o(.text)
    RCC_APB1PeriphClockLPModeCmd             0x0800176d   Thumb Code    82  stm32f4xx_rcc.o(.text)
    RCC_APB2PeriphClockLPModeCmd             0x080017bf   Thumb Code   106  stm32f4xx_rcc.o(.text)
    RCC_ITConfig                             0x08001829   Thumb Code    74  stm32f4xx_rcc.o(.text)
    RCC_ClearFlag                            0x08001873   Thumb Code    18  stm32f4xx_rcc.o(.text)
    RCC_GetITStatus                          0x08001885   Thumb Code    68  stm32f4xx_rcc.o(.text)
    RCC_ClearITPendingBit                    0x080018c9   Thumb Code    34  stm32f4xx_rcc.o(.text)
    SPI_I2S_DeInit                           0x080018f1   Thumb Code   104  stm32f4xx_spi.o(.text)
    SPI_Init                                 0x08001959   Thumb Code   348  stm32f4xx_spi.o(.text)
    I2S_Init                                 0x08001ab5   Thumb Code   508  stm32f4xx_spi.o(.text)
    SPI_StructInit                           0x08001cb1   Thumb Code    24  stm32f4xx_spi.o(.text)
    I2S_StructInit                           0x08001cc9   Thumb Code   104  stm32f4xx_spi.o(.text)
    SPI_Cmd                                  0x08001d31   Thumb Code    82  stm32f4xx_spi.o(.text)
    I2S_Cmd                                  0x08001d83   Thumb Code    88  stm32f4xx_spi.o(.text)
    SPI_DataSizeConfig                       0x08001ddb   Thumb Code    78  stm32f4xx_spi.o(.text)
    SPI_BiDirectionalLineConfig              0x08001e29   Thumb Code    94  stm32f4xx_spi.o(.text)
    SPI_NSSInternalSoftwareConfig            0x08001e87   Thumb Code    96  stm32f4xx_spi.o(.text)
    SPI_SSOutputCmd                          0x08001ee7   Thumb Code    82  stm32f4xx_spi.o(.text)
    SPI_TIModeCmd                            0x08001f39   Thumb Code    82  stm32f4xx_spi.o(.text)
    I2S_FullDuplexConfig                     0x08001f8b   Thumb Code   258  stm32f4xx_spi.o(.text)
    SPI_I2S_ReceiveData                      0x0800208d   Thumb Code    52  stm32f4xx_spi.o(.text)
    SPI_I2S_SendData                         0x080020c1   Thumb Code    54  stm32f4xx_spi.o(.text)
    SPI_CalculateCRC                         0x080020f7   Thumb Code    98  stm32f4xx_spi.o(.text)
    SPI_TransmitCRC                          0x08002159   Thumb Code    46  stm32f4xx_spi.o(.text)
    SPI_GetCRC                               0x08002187   Thumb Code    74  stm32f4xx_spi.o(.text)
    SPI_GetCRCPolynomial                     0x080021d1   Thumb Code    40  stm32f4xx_spi.o(.text)
    SPI_I2S_DMACmd                           0x080021f9   Thumb Code   114  stm32f4xx_spi.o(.text)
    SPI_I2S_ITConfig                         0x0800226b   Thumb Code   138  stm32f4xx_spi.o(.text)
    SPI_I2S_GetFlagStatus                    0x080022f5   Thumb Code   120  stm32f4xx_spi.o(.text)
    SPI_I2S_ClearFlag                        0x0800236d   Thumb Code    74  stm32f4xx_spi.o(.text)
    SPI_I2S_GetITStatus                      0x080023b7   Thumb Code   154  stm32f4xx_spi.o(.text)
    SPI_I2S_ClearITPendingBit                0x08002451   Thumb Code    86  stm32f4xx_spi.o(.text)
    SystemInit                               0x08002595   Thumb Code    88  system_stm32f4xx.o(.text)
    SystemCoreClockUpdate                    0x080025ed   Thumb Code   174  system_stm32f4xx.o(.text)
    Reset_Handler                            0x080026c9   Thumb Code     8  startup_stm32f4xx.o(.text)
    NMI_Handler                              0x080026d1   Thumb Code     2  startup_stm32f4xx.o(.text)
    HardFault_Handler                        0x080026d3   Thumb Code     2  startup_stm32f4xx.o(.text)
    MemManage_Handler                        0x080026d5   Thumb Code     2  startup_stm32f4xx.o(.text)
    BusFault_Handler                         0x080026d7   Thumb Code     2  startup_stm32f4xx.o(.text)
    UsageFault_Handler                       0x080026d9   Thumb Code     2  startup_stm32f4xx.o(.text)
    DebugMon_Handler                         0x080026dd   Thumb Code     2  startup_stm32f4xx.o(.text)
    ADC_IRQHandler                           0x080026e3   Thumb Code     0  startup_stm32f4xx.o(.text)
    CAN1_RX0_IRQHandler                      0x080026e3   Thumb Code     0  startup_stm32f4xx.o(.text)
    CAN1_RX1_IRQHandler                      0x080026e3   Thumb Code     0  startup_stm32f4xx.o(.text)
    CAN1_SCE_IRQHandler                      0x080026e3   Thumb Code     0  startup_stm32f4xx.o(.text)
    CAN1_TX_IRQHandler                       0x080026e3   Thumb Code     0  startup_stm32f4xx.o(.text)
    CAN2_RX0_IRQHandler                      0x080026e3   Thumb Code     0  startup_stm32f4xx.o(.text)
    CAN2_RX1_IRQHandler                      0x080026e3   Thumb Code     0  startup_stm32f4xx.o(.text)
    CAN2_SCE_IRQHandler                      0x080026e3   Thumb Code     0  startup_stm32f4xx.o(.text)
    CAN2_TX_IRQHandler                       0x080026e3   Thumb Code     0  startup_stm32f4xx.o(.text)
    CRYP_IRQHandler                          0x080026e3   Thumb Code     0  startup_stm32f4xx.o(.text)
    DCMI_IRQHandler                          0x080026e3   Thumb Code     0  startup_stm32f4xx.o(.text)
    DMA1_Stream0_IRQHandler                  0x080026e3   Thumb Code     0  startup_stm32f4xx.o(.text)
    DMA1_Stream1_IRQHandler                  0x080026e3   Thumb Code     0  startup_stm32f4xx.o(.text)
    DMA1_Stream2_IRQHandler                  0x080026e3   Thumb Code     0  startup_stm32f4xx.o(.text)
    DMA1_Stream3_IRQHandler                  0x080026e3   Thumb Code     0  startup_stm32f4xx.o(.text)
    DMA1_Stream4_IRQHandler                  0x080026e3   Thumb Code     0  startup_stm32f4xx.o(.text)
    DMA1_Stream5_IRQHandler                  0x080026e3   Thumb Code     0  startup_stm32f4xx.o(.text)
    DMA1_Stream6_IRQHandler                  0x080026e3   Thumb Code     0  startup_stm32f4xx.o(.text)
    DMA1_Stream7_IRQHandler                  0x080026e3   Thumb Code     0  startup_stm32f4xx.o(.text)
    DMA2_Stream0_IRQHandler                  0x080026e3   Thumb Code     0  startup_stm32f4xx.o(.text)
    DMA2_Stream1_IRQHandler                  0x080026e3   Thumb Code     0  startup_stm32f4xx.o(.text)
    DMA2_Stream2_IRQHandler                  0x080026e3   Thumb Code     0  startup_stm32f4xx.o(.text)
    DMA2_Stream3_IRQHandler                  0x080026e3   Thumb Code     0  startup_stm32f4xx.o(.text)
    DMA2_Stream4_IRQHandler                  0x080026e3   Thumb Code     0  startup_stm32f4xx.o(.text)
    DMA2_Stream5_IRQHandler                  0x080026e3   Thumb Code     0  startup_stm32f4xx.o(.text)
    DMA2_Stream6_IRQHandler                  0x080026e3   Thumb Code     0  startup_stm32f4xx.o(.text)
    DMA2_Stream7_IRQHandler                  0x080026e3   Thumb Code     0  startup_stm32f4xx.o(.text)
    ETH_IRQHandler                           0x080026e3   Thumb Code     0  startup_stm32f4xx.o(.text)
    ETH_WKUP_IRQHandler                      0x080026e3   Thumb Code     0  startup_stm32f4xx.o(.text)
    EXTI0_IRQHandler                         0x080026e3   Thumb Code     0  startup_stm32f4xx.o(.text)
    EXTI15_10_IRQHandler                     0x080026e3   Thumb Code     0  startup_stm32f4xx.o(.text)
    EXTI1_IRQHandler                         0x080026e3   Thumb Code     0  startup_stm32f4xx.o(.text)
    EXTI2_IRQHandler                         0x080026e3   Thumb Code     0  startup_stm32f4xx.o(.text)
    EXTI3_IRQHandler                         0x080026e3   Thumb Code     0  startup_stm32f4xx.o(.text)
    EXTI4_IRQHandler                         0x080026e3   Thumb Code     0  startup_stm32f4xx.o(.text)
    EXTI9_5_IRQHandler                       0x080026e3   Thumb Code     0  startup_stm32f4xx.o(.text)
    FLASH_IRQHandler                         0x080026e3   Thumb Code     0  startup_stm32f4xx.o(.text)
    FPU_IRQHandler                           0x080026e3   Thumb Code     0  startup_stm32f4xx.o(.text)
    FSMC_IRQHandler                          0x080026e3   Thumb Code     0  startup_stm32f4xx.o(.text)
    HASH_RNG_IRQHandler                      0x080026e3   Thumb Code     0  startup_stm32f4xx.o(.text)
    I2C1_ER_IRQHandler                       0x080026e3   Thumb Code     0  startup_stm32f4xx.o(.text)
    I2C1_EV_IRQHandler                       0x080026e3   Thumb Code     0  startup_stm32f4xx.o(.text)
    I2C2_ER_IRQHandler                       0x080026e3   Thumb Code     0  startup_stm32f4xx.o(.text)
    I2C2_EV_IRQHandler                       0x080026e3   Thumb Code     0  startup_stm32f4xx.o(.text)
    I2C3_ER_IRQHandler                       0x080026e3   Thumb Code     0  startup_stm32f4xx.o(.text)
    I2C3_EV_IRQHandler                       0x080026e3   Thumb Code     0  startup_stm32f4xx.o(.text)
    OTG_FS_WKUP_IRQHandler                   0x080026e3   Thumb Code     0  startup_stm32f4xx.o(.text)
    OTG_HS_EP1_IN_IRQHandler                 0x080026e3   Thumb Code     0  startup_stm32f4xx.o(.text)
    OTG_HS_EP1_OUT_IRQHandler                0x080026e3   Thumb Code     0  startup_stm32f4xx.o(.text)
    OTG_HS_IRQHandler                        0x080026e3   Thumb Code     0  startup_stm32f4xx.o(.text)
    OTG_HS_WKUP_IRQHandler                   0x080026e3   Thumb Code     0  startup_stm32f4xx.o(.text)
    PVD_IRQHandler                           0x080026e3   Thumb Code     0  startup_stm32f4xx.o(.text)
    RCC_IRQHandler                           0x080026e3   Thumb Code     0  startup_stm32f4xx.o(.text)
    RTC_Alarm_IRQHandler                     0x080026e3   Thumb Code     0  startup_stm32f4xx.o(.text)
    RTC_WKUP_IRQHandler                      0x080026e3   Thumb Code     0  startup_stm32f4xx.o(.text)
    SDIO_IRQHandler                          0x080026e3   Thumb Code     0  startup_stm32f4xx.o(.text)
    SPI1_IRQHandler                          0x080026e3   Thumb Code     0  startup_stm32f4xx.o(.text)
    SPI2_IRQHandler                          0x080026e3   Thumb Code     0  startup_stm32f4xx.o(.text)
    SPI3_IRQHandler                          0x080026e3   Thumb Code     0  startup_stm32f4xx.o(.text)
    TAMP_STAMP_IRQHandler                    0x080026e3   Thumb Code     0  startup_stm32f4xx.o(.text)
    TIM1_BRK_TIM9_IRQHandler                 0x080026e3   Thumb Code     0  startup_stm32f4xx.o(.text)
    TIM1_CC_IRQHandler                       0x080026e3   Thumb Code     0  startup_stm32f4xx.o(.text)
    TIM1_TRG_COM_TIM11_IRQHandler            0x080026e3   Thumb Code     0  startup_stm32f4xx.o(.text)
    TIM1_UP_TIM10_IRQHandler                 0x080026e3   Thumb Code     0  startup_stm32f4xx.o(.text)
    TIM2_IRQHandler                          0x080026e3   Thumb Code     0  startup_stm32f4xx.o(.text)
    TIM3_IRQHandler                          0x080026e3   Thumb Code     0  startup_stm32f4xx.o(.text)
    TIM4_IRQHandler                          0x080026e3   Thumb Code     0  startup_stm32f4xx.o(.text)
    TIM5_IRQHandler                          0x080026e3   Thumb Code     0  startup_stm32f4xx.o(.text)
    TIM6_DAC_IRQHandler                      0x080026e3   Thumb Code     0  startup_stm32f4xx.o(.text)
    TIM7_IRQHandler                          0x080026e3   Thumb Code     0  startup_stm32f4xx.o(.text)
    TIM8_BRK_TIM12_IRQHandler                0x080026e3   Thumb Code     0  startup_stm32f4xx.o(.text)
    TIM8_CC_IRQHandler                       0x080026e3   Thumb Code     0  startup_stm32f4xx.o(.text)
    TIM8_TRG_COM_TIM14_IRQHandler            0x080026e3   Thumb Code     0  startup_stm32f4xx.o(.text)
    TIM8_UP_TIM13_IRQHandler                 0x080026e3   Thumb Code     0  startup_stm32f4xx.o(.text)
    UART4_IRQHandler                         0x080026e3   Thumb Code     0  startup_stm32f4xx.o(.text)
    UART5_IRQHandler                         0x080026e3   Thumb Code     0  startup_stm32f4xx.o(.text)
    USART1_IRQHandler                        0x080026e3   Thumb Code     0  startup_stm32f4xx.o(.text)
    USART2_IRQHandler                        0x080026e3   Thumb Code     0  startup_stm32f4xx.o(.text)
    USART3_IRQHandler                        0x080026e3   Thumb Code     0  startup_stm32f4xx.o(.text)
    USART6_IRQHandler                        0x080026e3   Thumb Code     0  startup_stm32f4xx.o(.text)
    WWDG_IRQHandler                          0x080026e3   Thumb Code     0  startup_stm32f4xx.o(.text)
    main                                     0x080026ed   Thumb Code     8  main.o(.text)
    Task_Create                              0x080026f5   Thumb Code   132  task_create.o(.text)
    create_all_queue                         0x08002779   Thumb Code    46  task_create.o(.text)
    Init                                     0x080027a7   Thumb Code    36  task_create.o(.text)
    assert_failed                            0x080027cb   Thumb Code     4  task_create.o(.text)
    vListInitialise                          0x08002819   Thumb Code    26  list.o(.text)
    vListInitialiseItem                      0x08002833   Thumb Code     6  list.o(.text)
    vListInsertEnd                           0x08002839   Thumb Code    24  list.o(.text)
    vListInsert                              0x08002851   Thumb Code    52  list.o(.text)
    uxListRemove                             0x08002885   Thumb Code    40  list.o(.text)
    xQueueGenericReset                       0x080028ad   Thumb Code   214  queue.o(.text)
    xQueueGenericCreate                      0x080029ad   Thumb Code   102  queue.o(.text)
    xQueueGenericSend                        0x08002b2d   Thumb Code   420  queue.o(.text)
    xQueueCreateMutex                        0x08002cef   Thumb Code    38  queue.o(.text)
    xQueueGiveMutexRecursive                 0x08002d15   Thumb Code    72  queue.o(.text)
    xQueueSemaphoreTake                      0x08002d8b   Thumb Code   398  queue.o(.text)
    xQueueTakeMutexRecursive                 0x08002f19   Thumb Code    78  queue.o(.text)
    xQueueCreateCountingSemaphore            0x08002f67   Thumb Code    60  queue.o(.text)
    xQueueGenericSendFromISR                 0x08002fa3   Thumb Code   298  queue.o(.text)
    xQueueGiveFromISR                        0x080030cd   Thumb Code   274  queue.o(.text)
    xQueueReceive                            0x0800320d   Thumb Code   356  queue.o(.text)
    xQueuePeek                               0x08003371   Thumb Code   362  queue.o(.text)
    xQueueReceiveFromISR                     0x080034db   Thumb Code   254  queue.o(.text)
    xQueuePeekFromISR                        0x080035d9   Thumb Code   176  queue.o(.text)
    uxQueueMessagesWaiting                   0x08003689   Thumb Code    46  queue.o(.text)
    uxQueueSpacesAvailable                   0x080036b7   Thumb Code    48  queue.o(.text)
    uxQueueMessagesWaitingFromISR            0x080036e7   Thumb Code    34  queue.o(.text)
    vQueueUnregisterQueue                    0x08003709   Thumb Code    68  queue.o(.text)
    vQueueDelete                             0x0800374d   Thumb Code    44  queue.o(.text)
    uxQueueGetQueueNumber                    0x08003779   Thumb Code     6  queue.o(.text)
    vQueueSetQueueNumber                     0x0800377f   Thumb Code     4  queue.o(.text)
    ucQueueGetQueueType                      0x08003783   Thumb Code     8  queue.o(.text)
    uxQueueGetQueueItemSize                  0x0800378b   Thumb Code     6  queue.o(.text)
    uxQueueGetQueueLength                    0x08003791   Thumb Code     6  queue.o(.text)
    xQueueIsQueueEmptyFromISR                0x08003797   Thumb Code    42  queue.o(.text)
    xQueueIsQueueFullFromISR                 0x080037c1   Thumb Code    46  queue.o(.text)
    vQueueAddToRegistry                      0x080037ef   Thumb Code    90  queue.o(.text)
    pcQueueGetName                           0x08003849   Thumb Code    64  queue.o(.text)
    vQueueWaitForMessageRestricted           0x08003889   Thumb Code    74  queue.o(.text)
    xTaskCreate                              0x08003b1f   Thumb Code    56  tasks.o(.text)
    vTaskDelete                              0x08003b91   Thumb Code   234  tasks.o(.text)
    xTaskIncrementTick                       0x08003c7b   Thumb Code   492  tasks.o(.text)
    xTaskResumeAll                           0x08003e67   Thumb Code   382  tasks.o(.text)
    vTaskSuspendAll                          0x08004093   Thumb Code    12  tasks.o(.text)
    xTaskDelayUntil                          0x0800409f   Thumb Code   202  tasks.o(.text)
    vTaskDelay                               0x08004169   Thumb Code    82  tasks.o(.text)
    eTaskGetState                            0x080041bb   Thumb Code   214  tasks.o(.text)
    uxTaskPriorityGet                        0x08004291   Thumb Code    30  tasks.o(.text)
    uxTaskPriorityGetFromISR                 0x080042af   Thumb Code    62  tasks.o(.text)
    uxTaskBasePriorityGet                    0x080042ed   Thumb Code    30  tasks.o(.text)
    uxTaskBasePriorityGetFromISR             0x0800430b   Thumb Code    62  tasks.o(.text)
    vTaskPrioritySet                         0x08004349   Thumb Code   336  tasks.o(.text)
    vTaskSwitchContext                       0x08004499   Thumb Code   126  tasks.o(.text)
    vTaskSuspend                             0x08004517   Thumb Code   228  tasks.o(.text)
    vTaskResume                              0x08004697   Thumb Code   194  tasks.o(.text)
    xTaskResumeFromISR                       0x08004759   Thumb Code   224  tasks.o(.text)
    vTaskStartScheduler                      0x080048eb   Thumb Code   106  tasks.o(.text)
    vTaskEndScheduler                        0x08004955   Thumb Code    66  tasks.o(.text)
    xTaskGetTickCount                        0x08004997   Thumb Code     6  tasks.o(.text)
    xTaskGetTickCountFromISR                 0x0800499d   Thumb Code    16  tasks.o(.text)
    uxTaskGetNumberOfTasks                   0x080049ad   Thumb Code     6  tasks.o(.text)
    pcTaskGetName                            0x080049b3   Thumb Code    44  tasks.o(.text)
    vTaskGetInfo                             0x080049f3   Thumb Code   270  tasks.o(.text)
    uxTaskGetSystemState                     0x08004b3f   Thumb Code   152  tasks.o(.text)
    xTaskCatchUpTicks                        0x08004bd7   Thumb Code    72  tasks.o(.text)
    vTaskPlaceOnEventList                    0x08004c1f   Thumb Code    52  tasks.o(.text)
    vTaskPlaceOnUnorderedEventList           0x08004c53   Thumb Code   138  tasks.o(.text)
    vTaskPlaceOnEventListRestricted          0x08004cdd   Thumb Code    98  tasks.o(.text)
    xTaskRemoveFromEventList                 0x08004d3f   Thumb Code   280  tasks.o(.text)
    vTaskRemoveFromUnorderedEventList        0x08004e57   Thumb Code   316  tasks.o(.text)
    vTaskSetTimeOutState                     0x08004f93   Thumb Code    50  tasks.o(.text)
    vTaskInternalSetTimeOutState             0x08004fc5   Thumb Code    14  tasks.o(.text)
    xTaskCheckForTimeOut                     0x08004fd3   Thumb Code   136  tasks.o(.text)
    vTaskMissedYield                         0x0800505b   Thumb Code     8  tasks.o(.text)
    uxTaskGetTaskNumber                      0x08005063   Thumb Code    14  tasks.o(.text)
    vTaskSetTaskNumber                       0x08005071   Thumb Code     8  tasks.o(.text)
    xTaskGetCurrentTaskHandle                0x08005079   Thumb Code     6  tasks.o(.text)
    xTaskGetCurrentTaskHandleForCore         0x0800507f   Thumb Code    26  tasks.o(.text)
    xTaskGetSchedulerState                   0x08005099   Thumb Code    24  tasks.o(.text)
    xTaskPriorityInherit                     0x080050b1   Thumb Code   230  tasks.o(.text)
    xTaskPriorityDisinherit                  0x08005197   Thumb Code   234  tasks.o(.text)
    vTaskPriorityDisinheritAfterTimeout      0x08005281   Thumb Code   312  tasks.o(.text)
    uxTaskResetEventItemValue                0x080053b9   Thumb Code    24  tasks.o(.text)
    pvTaskIncrementMutexHeldCount            0x080053d1   Thumb Code    14  tasks.o(.text)
    ulTaskGenericNotifyTake                  0x080053df   Thumb Code   196  tasks.o(.text)
    xTaskGenericNotifyWait                   0x080054a3   Thumb Code   230  tasks.o(.text)
    xTaskGenericNotify                       0x08005589   Thumb Code   458  tasks.o(.text)
    xTaskGenericNotifyFromISR                0x08005753   Thumb Code   554  tasks.o(.text)
    vTaskGenericNotifyGiveFromISR            0x0800597d   Thumb Code   384  tasks.o(.text)
    xTaskGenericNotifyStateClear             0x08005afd   Thumb Code    90  tasks.o(.text)
    ulTaskGenericNotifyValueClear            0x08005b57   Thumb Code    90  tasks.o(.text)
    vTaskResetState                          0x08005bb1   Thumb Code    68  tasks.o(.text)
    xTimerCreateTimerTask                    0x08005f51   Thumb Code    66  timers.o(.text)
    xTimerCreate                             0x08005feb   Thumb Code    54  timers.o(.text)
    xTimerGenericCommandFromTask             0x08006021   Thumb Code   194  timers.o(.text)
    xTimerGenericCommandFromISR              0x080060e3   Thumb Code   116  timers.o(.text)
    xTimerGetTimerDaemonTaskHandle           0x08006157   Thumb Code    42  timers.o(.text)
    xTimerGetPeriod                          0x08006181   Thumb Code    32  timers.o(.text)
    vTimerSetReloadMode                      0x080061a1   Thumb Code    70  timers.o(.text)
    xTimerGetReloadMode                      0x080061e7   Thumb Code    58  timers.o(.text)
    uxTimerGetReloadMode                     0x08006221   Thumb Code    16  timers.o(.text)
    xTimerGetExpiryTime                      0x08006231   Thumb Code    34  timers.o(.text)
    pcTimerGetName                           0x08006253   Thumb Code    32  timers.o(.text)
    xTimerIsTimerActive                      0x08006273   Thumb Code    58  timers.o(.text)
    pvTimerGetTimerID                        0x080062ad   Thumb Code    44  timers.o(.text)
    vTimerSetTimerID                         0x080062d9   Thumb Code    44  timers.o(.text)
    uxTimerGetTimerNumber                    0x08006305   Thumb Code     6  timers.o(.text)
    vTimerSetTimerNumber                     0x0800630b   Thumb Code     4  timers.o(.text)
    vTimerResetState                         0x0800630f   Thumb Code    12  timers.o(.text)
    pxPortInitialiseStack                    0x08006361   Thumb Code    38  port.o(.text)
    vPortSetupTimerInterrupt                 0x08006387   Thumb Code    36  port.o(.text)
    xPortStartScheduler                      0x080063ab   Thumb Code   330  port.o(.text)
    vPortEndScheduler                        0x080064f5   Thumb Code    42  port.o(.text)
    vPortEnterCritical                       0x0800651f   Thumb Code    78  port.o(.text)
    vPortExitCritical                        0x0800656d   Thumb Code    56  port.o(.text)
    SysTick_Handler                          0x080065a5   Thumb Code    48  port.o(.text)
    vPortValidateInterruptPriority           0x080065d5   Thumb Code   108  port.o(.text)
    pvPortMalloc                             0x080066bd   Thumb Code   474  heap_4.o(.text)
    vPortFree                                0x08006927   Thumb Code   174  heap_4.o(.text)
    xPortGetFreeHeapSize                     0x080069d5   Thumb Code     6  heap_4.o(.text)
    xPortGetMinimumEverFreeHeapSize          0x080069db   Thumb Code     6  heap_4.o(.text)
    vPortInitialiseBlocks                    0x080069e1   Thumb Code     2  heap_4.o(.text)
    pvPortCalloc                             0x080069e3   Thumb Code    54  heap_4.o(.text)
    vPortGetHeapStats                        0x08006a19   Thumb Code   138  heap_4.o(.text)
    vPortHeapResetState                      0x08006aa3   Thumb Code    24  heap_4.o(.text)
    vLEDTask                                 0x08006ad1   Thumb Code    20  led.o(.text)
    LED_Init                                 0x08006ae5   Thumb Code    54  led.o(.text)
    MySPI_W_Gyro_SS                          0x08006b25   Thumb Code    18  myspi.o(.text)
    MySPI_W_Acc_SS                           0x08006b37   Thumb Code    16  myspi.o(.text)
    MySPI_W_SCK                              0x08006b47   Thumb Code    18  myspi.o(.text)
    MySPI_W_MOSI                             0x08006b59   Thumb Code    18  myspi.o(.text)
    MySPI_R_MISO                             0x08006b6b   Thumb Code    14  myspi.o(.text)
    MySPI_W_AK_SS                            0x08006b79   Thumb Code    18  myspi.o(.text)
    MySPI_W_AK_SCK                           0x08006b8b   Thumb Code    18  myspi.o(.text)
    MySPI_W_AK_MOSI                          0x08006b9d   Thumb Code    18  myspi.o(.text)
    MySPI_R_AK_MISO                          0x08006baf   Thumb Code    14  myspi.o(.text)
    MySPI_All_Init                           0x08006bbd   Thumb Code   242  myspi.o(.text)
    MySPI_Gyro_Start                         0x08006caf   Thumb Code    10  myspi.o(.text)
    MySPI_Gyro_Stop                          0x08006cb9   Thumb Code    10  myspi.o(.text)
    MySPI_Acc_Start                          0x08006cc3   Thumb Code    10  myspi.o(.text)
    MySPI_Acc_Stop                           0x08006ccd   Thumb Code    10  myspi.o(.text)
    MySPI_AK_Start                           0x08006cd7   Thumb Code    10  myspi.o(.text)
    MySPI_AK_Stop                            0x08006ce1   Thumb Code    10  myspi.o(.text)
    MySPI_SwapByte                           0x08006ceb   Thumb Code    50  myspi.o(.text)
    BMI088_Acc_Init                          0x08006d2d   Thumb Code    86  bmi088.o(.text)
    BMI088_Gyro_Init                         0x08006d83   Thumb Code    54  bmi088.o(.text)
    BMI088_Acc_ReadID                        0x08006db9   Thumb Code    34  bmi088.o(.text)
    BMI088_Gyro_ReadID                       0x08006ddb   Thumb Code    28  bmi088.o(.text)
    BMI088_Acc_Data                          0x08006df7   Thumb Code    90  bmi088.o(.text)
    BMI088_Gyro_Data                         0x08006e51   Thumb Code    90  bmi088.o(.text)
    vBMI088_Task                             0x08006eab   Thumb Code   258  bmi088.o(.text)
    AK_Init                                  0x08006fcd   Thumb Code    18  ak8975.o(.text)
    AK_st1                                   0x08006fdf   Thumb Code    30  ak8975.o(.text)
    AK_ReadID                                0x08006ffd   Thumb Code    40  ak8975.o(.text)
    AK_ReadMagData                           0x08007025   Thumb Code    88  ak8975.o(.text)
    vAK8975_Task                             0x0800707d   Thumb Code   128  ak8975.o(.text)
    get_time_usec_simple                     0x08007795   Thumb Code    16  calibaration.o(.text)
    vSensor_ReceiveTask                      0x080077a5   Thumb Code   992  calibaration.o(.text)
    SystemClock_Config                       0x08007ba1   Thumb Code   204  systemclock.o(.text)
    USBD_ReqGetDescriptor_HID                0x08007c89   Thumb Code     4  usb_config.o(.text)
    USBD_EndPoint0_Setup_HID_ReqToIF         0x08007c8d   Thumb Code     4  usb_config.o(.text)
    USBD_EndPoint0_Out_HID_ReqToIF           0x08007c91   Thumb Code     4  usb_config.o(.text)
    USBD_ReqClrFeature_MSC                   0x08007c95   Thumb Code     2  usb_config.o(.text)
    USBD_EndPoint0_Setup_MSC_ReqToIF         0x08007c97   Thumb Code     4  usb_config.o(.text)
    USBD_EndPoint0_Out_MSC_ReqToIF           0x08007c9b   Thumb Code     4  usb_config.o(.text)
    USBD_EndPoint0_Setup_ADC_ReqToIF         0x08007c9f   Thumb Code     4  usb_config.o(.text)
    USBD_EndPoint0_Setup_ADC_ReqToEP         0x08007ca3   Thumb Code     4  usb_config.o(.text)
    USBD_EndPoint0_Out_ADC_ReqToIF           0x08007ca7   Thumb Code     4  usb_config.o(.text)
    USBD_EndPoint0_Out_ADC_ReqToEP           0x08007cab   Thumb Code     4  usb_config.o(.text)
    USBD_EndPoint0_Setup_CLS_ReqToDEV        0x08007caf   Thumb Code     4  usb_config.o(.text)
    USBD_EndPoint0_Setup_CLS_ReqToIF         0x08007cb3   Thumb Code     4  usb_config.o(.text)
    USBD_EndPoint0_Setup_CLS_ReqToEP         0x08007cb7   Thumb Code     4  usb_config.o(.text)
    USBD_EndPoint0_Out_CLS_ReqToDEV          0x08007cbb   Thumb Code     4  usb_config.o(.text)
    USBD_EndPoint0_Out_CLS_ReqToIF           0x08007cbf   Thumb Code     4  usb_config.o(.text)
    USBD_EndPoint0_Out_CLS_ReqToEP           0x08007cc3   Thumb Code     4  usb_config.o(.text)
    USBD_Reset_Event                         0x08007cc7   Thumb Code     4  usb_config.o(.text)
    USBD_SOF_Event                           0x08007ccb   Thumb Code     4  usb_config.o(.text)
    usbd_os_evt_set                          0x08007ccf   Thumb Code     2  usb_config.o(.text)
    usbd_os_evt_get                          0x08007cd1   Thumb Code     4  usb_config.o(.text)
    usbd_os_evt_wait_or                      0x08007cd5   Thumb Code     4  usb_config.o(.text)
    usbd_class_init                          0x08007cd9   Thumb Code     4  usb_config.o(.text)
    USBD_RTX_TaskInit                        0x08007cdd   Thumb Code     2  usb_config.o(.text)
    usbd_stm32_delay                         0x08007ce1   Thumb Code    40  usbd_stm32f4xx_fs.o(.text)
    USBD_IntrEna                             0x08007d09   Thumb Code    26  usbd_stm32f4xx_fs.o(.text)
    USBD_Init                                0x08007d23   Thumb Code   462  usbd_stm32f4xx_fs.o(.text)
    USBD_Connect                             0x08007ef1   Thumb Code    62  usbd_stm32f4xx_fs.o(.text)
    USBD_SetAddress                          0x08007f2f   Thumb Code    24  usbd_stm32f4xx_fs.o(.text)
    USBD_Reset                               0x08007f47   Thumb Code   192  usbd_stm32f4xx_fs.o(.text)
    USBD_Suspend                             0x08008007   Thumb Code     2  usbd_stm32f4xx_fs.o(.text)
    USBD_Resume                              0x08008009   Thumb Code     2  usbd_stm32f4xx_fs.o(.text)
    USBD_WakeUp                              0x0800800b   Thumb Code    34  usbd_stm32f4xx_fs.o(.text)
    USBD_WakeUpCfg                           0x0800802d   Thumb Code     2  usbd_stm32f4xx_fs.o(.text)
    USBD_Configure                           0x0800806b   Thumb Code    14  usbd_stm32f4xx_fs.o(.text)
    USBD_ConfigEP                            0x08008079   Thumb Code   250  usbd_stm32f4xx_fs.o(.text)
    USBD_DirCtrlEP                           0x08008173   Thumb Code     2  usbd_stm32f4xx_fs.o(.text)
    USBD_EnableEP                            0x08008175   Thumb Code   200  usbd_stm32f4xx_fs.o(.text)
    USBD_DisableEP                           0x0800823d   Thumb Code   418  usbd_stm32f4xx_fs.o(.text)
    USBD_GetFrame                            0x080083df   Thumb Code    12  usbd_stm32f4xx_fs.o(.text)
    USBD_ResetEP                             0x080083eb   Thumb Code   206  usbd_stm32f4xx_fs.o(.text)
    USBD_SetStallEP                          0x080084b9   Thumb Code   268  usbd_stm32f4xx_fs.o(.text)
    USBD_ClrStallEP                          0x080085c5   Thumb Code   186  usbd_stm32f4xx_fs.o(.text)
    USBD_ClearEPBuf                          0x0800867f   Thumb Code    70  usbd_stm32f4xx_fs.o(.text)
    USBD_ReadEP                              0x080086c5   Thumb Code   200  usbd_stm32f4xx_fs.o(.text)
    USBD_WriteEP                             0x0800878d   Thumb Code   368  usbd_stm32f4xx_fs.o(.text)
    OTG_FS_IRQHandler                        0x080088fd   Thumb Code  1660  usbd_stm32f4xx_fs.o(.text)
    vUSBTickTask                             0x08009545   Thumb Code    82  usb_ticktx.o(.text)
    USB_EnablePLL48CLK                       0x08009631   Thumb Code    14  usb_clock.o(.text)
    USBD_CDC_ACM_DataReceived                0x08009663   Thumb Code     6  usbd_cdc_acm.o(.text)
    USBD_CDC_ACM_SendEncapsulatedCommand     0x08009669   Thumb Code     4  usbd_cdc_acm.o(.text)
    USBD_CDC_ACM_GetEncapsulatedResponse     0x0800966d   Thumb Code     4  usbd_cdc_acm.o(.text)
    USBD_CDC_ACM_SetCommFeature              0x08009671   Thumb Code     6  usbd_cdc_acm.o(.text)
    USBD_CDC_ACM_GetCommFeature              0x08009677   Thumb Code     6  usbd_cdc_acm.o(.text)
    USBD_CDC_ACM_ClearCommFeature            0x0800967d   Thumb Code     6  usbd_cdc_acm.o(.text)
    USBD_CDC_ACM_SendBreak                   0x08009683   Thumb Code     6  usbd_cdc_acm.o(.text)
    USBD_CDC_ACM_Initialize                  0x08009689   Thumb Code     8  usbd_cdc_acm.o(.text)
    USBD_CDC_ACM_Uninitialization            0x08009691   Thumb Code     8  usbd_cdc_acm.o(.text)
    USBD_CDC_ACM_Reset                       0x08009699   Thumb Code    98  usbd_cdc_acm.o(.text)
    USBD_CDC_ACM_SetLineCoding               0x080096fb   Thumb Code    60  usbd_cdc_acm.o(.text)
    USBD_CDC_ACM_GetLineCoding               0x08009737   Thumb Code    68  usbd_cdc_acm.o(.text)
    USBD_CDC_ACM_SetControlLineState         0x0800977b   Thumb Code    16  usbd_cdc_acm.o(.text)
    USBD_CDC_ACM_DataFree                    0x0800978b   Thumb Code    18  usbd_cdc_acm.o(.text)
    USBD_CDC_ACM_DataSend                    0x0800979d   Thumb Code   154  usbd_cdc_acm.o(.text)
    USBD_CDC_ACM_PutChar                     0x08009837   Thumb Code    26  usbd_cdc_acm.o(.text)
    USBD_CDC_ACM_DataRead                    0x08009851   Thumb Code    64  usbd_cdc_acm.o(.text)
    USBD_CDC_ACM_GetChar                     0x08009891   Thumb Code    26  usbd_cdc_acm.o(.text)
    USBD_CDC_ACM_DataAvailable               0x080098ab   Thumb Code    12  usbd_cdc_acm.o(.text)
    USBD_CDC_ACM_Notify                      0x080098b7   Thumb Code    68  usbd_cdc_acm.o(.text)
    USBD_CDC_ACM_Reset_Event                 0x080098fb   Thumb Code     8  usbd_cdc_acm.o(.text)
    USBD_CDC_ACM_SOF_Event                   0x08009a4d   Thumb Code   274  usbd_cdc_acm.o(.text)
    USBD_CDC_ACM_EP_INTIN_Event              0x08009b5f   Thumb Code     2  usbd_cdc_acm.o(.text)
    USBD_CDC_ACM_EP_BULKOUT_Event            0x08009b61   Thumb Code    76  usbd_cdc_acm.o(.text)
    USBD_CDC_ACM_EP_BULKIN_Event             0x08009bad   Thumb Code    32  usbd_cdc_acm.o(.text)
    USBD_CDC_ACM_EP_BULK_Event               0x08009bcd   Thumb Code    30  usbd_cdc_acm.o(.text)
    USBD_EndPoint0_Setup_CDC_ReqToIF         0x08009c11   Thumb Code   236  usbd_core_cdc.o(.text)
    USBD_EndPoint0_Out_CDC_ReqToIF           0x08009cfd   Thumb Code   100  usbd_core_cdc.o(.text)
    usbd_init                                0x08009d75   Thumb Code    22  usbd_core.o(.text)
    usbd_connect                             0x08009d8b   Thumb Code    12  usbd_core.o(.text)
    usbd_reset_core                          0x08009d97   Thumb Code    38  usbd_core.o(.text)
    usbd_configured                          0x08009dbd   Thumb Code    14  usbd_core.o(.text)
    USBD_SetupStage                          0x08009dcb   Thumb Code    12  usbd_core.o(.text)
    USBD_DataInStage                         0x08009dd7   Thumb Code    66  usbd_core.o(.text)
    USBD_DataOutStage                        0x08009e19   Thumb Code    34  usbd_core.o(.text)
    USBD_StatusInStage                       0x08009e3b   Thumb Code    14  usbd_core.o(.text)
    USBD_StatusOutStage                      0x08009e49   Thumb Code    12  usbd_core.o(.text)
    USBD_ReqGetStatus                        0x08009e55   Thumb Code   160  usbd_core.o(.text)
    USBD_ReqSetClrFeature                    0x08009ef5   Thumb Code   216  usbd_core.o(.text)
    USBD_ReqGetDescriptor                    0x08009fcd   Thumb Code   380  usbd_core.o(.text)
    USBD_ReqGetConfiguration                 0x0800a149   Thumb Code   122  usbd_core.o(.text)
    USBD_ReqSetConfiguration                 0x0800a1c3   Thumb Code   432  usbd_core.o(.text)
    USBD_ReqGetInterface                     0x0800a373   Thumb Code    60  usbd_core.o(.text)
    USBD_ReqSetInterface                     0x0800a3af   Thumb Code   308  usbd_core.o(.text)
    USBD_EndPoint0                           0x0800a4e3   Thumb Code   680  usbd_core.o(.text)
    USBD_CDC_ACM_PortInitialize              0x0800a7a5   Thumb Code     4  usb_cdc_port.o(.text)
    USBD_CDC_ACM_PortUninitialize            0x0800a7a9   Thumb Code     4  usb_cdc_port.o(.text)
    USBD_CDC_ACM_PortReset                   0x0800a7ad   Thumb Code     4  usb_cdc_port.o(.text)
    USBD_CDC_ACM_PortSetLineCoding           0x0800a7b1   Thumb Code    12  usb_cdc_port.o(.text)
    USBD_CDC_ACM_PortGetLineCoding           0x0800a7bd   Thumb Code    28  usb_cdc_port.o(.text)
    USBD_CDC_ACM_PortSetControlLineState     0x0800a7d9   Thumb Code     6  usb_cdc_port.o(.text)
    CDC_SendData                             0x0800a7df   Thumb Code    16  usb_cdc_port.o(.text)
    mavlink_send_msg                         0x0800a8cf   Thumb Code    70  usb_mavlink_port.o(.text)
    EKF_Init                                 0x0800a915   Thumb Code   264  ekf.o(.text)
    EKF_Predict                              0x0800aa1d   Thumb Code   506  ekf.o(.text)
    EKF_Update_Accel                         0x0800ac17   Thumb Code   802  ekf.o(.text)
    EKF_Update_Mag                           0x0800af39   Thumb Code  1226  ekf.o(.text)
    Get_EulerAngles                          0x0800b403   Thumb Code   700  ekf.o(.text)
    arm_mat_add_f32                          0x0800b6bf   Thumb Code   138  arm_mat_add_f32.o(.text)
    arm_mat_init_f32                         0x0800b749   Thumb Code     8  arm_mat_init_f32.o(.text)
    arm_mat_inverse_f32                      0x0800b751   Thumb Code   584  arm_mat_inverse_f32.o(.text)
    arm_mat_mult_f32                         0x0800b99d   Thumb Code   284  arm_mat_mult_f32.o(.text)
    arm_mat_sub_f32                          0x0800babd   Thumb Code   138  arm_mat_sub_f32.o(.text)
    arm_mat_trans_f32                        0x0800bb47   Thumb Code   152  arm_mat_trans_f32.o(.text)
    vEKF_ProcessTask                         0x0800c18d   Thumb Code   730  euler_cal.o(.text)
    __aeabi_uldivmod                         0x0800c50d   Thumb Code    98  uldiv.o(.text)
    __aeabi_lasr                             0x0800c56f   Thumb Code    36  llsshr.o(.text)
    _ll_sshift_r                             0x0800c56f   Thumb Code     0  llsshr.o(.text)
    __aeabi_memcpy                           0x0800c593   Thumb Code    36  memcpya.o(.text)
    __aeabi_memcpy4                          0x0800c593   Thumb Code     0  memcpya.o(.text)
    __aeabi_memcpy8                          0x0800c593   Thumb Code     0  memcpya.o(.text)
    __aeabi_memset                           0x0800c5b7   Thumb Code    14  memseta.o(.text)
    __aeabi_memset4                          0x0800c5b7   Thumb Code     0  memseta.o(.text)
    __aeabi_memset8                          0x0800c5b7   Thumb Code     0  memseta.o(.text)
    __aeabi_memclr                           0x0800c5c5   Thumb Code     4  memseta.o(.text)
    __aeabi_memclr4                          0x0800c5c5   Thumb Code     0  memseta.o(.text)
    __aeabi_memclr8                          0x0800c5c5   Thumb Code     0  memseta.o(.text)
    memset                                   0x0800c5c9   Thumb Code    18  memseta.o(.text)
    __aeabi_dadd                             0x0800c5db   Thumb Code   322  dadd.o(.text)
    __aeabi_dsub                             0x0800c71d   Thumb Code     6  dadd.o(.text)
    __aeabi_drsub                            0x0800c723   Thumb Code     6  dadd.o(.text)
    __aeabi_dmul                             0x0800c729   Thumb Code   228  dmul.o(.text)
    __aeabi_f2d                              0x0800c80d   Thumb Code    38  f2d.o(.text)
    __aeabi_cdcmpeq                          0x0800c835   Thumb Code     0  cdcmple.o(.text)
    __aeabi_cdcmple                          0x0800c835   Thumb Code    48  cdcmple.o(.text)
    __aeabi_d2f                              0x0800c865   Thumb Code    56  d2f.o(.text)
    __aeabi_llsl                             0x0800c89d   Thumb Code    30  llshl.o(.text)
    _ll_shift_l                              0x0800c89d   Thumb Code     0  llshl.o(.text)
    __aeabi_llsr                             0x0800c8bb   Thumb Code    32  llushr.o(.text)
    _ll_ushift_r                             0x0800c8bb   Thumb Code     0  llushr.o(.text)
    __I$use$fp                               0x0800c8db   Thumb Code     0  iusefp.o(.text)
    _float_round                             0x0800c8db   Thumb Code    18  fepilogue.o(.text)
    _float_epilogue                          0x0800c8ed   Thumb Code    92  fepilogue.o(.text)
    _double_round                            0x0800c949   Thumb Code    30  depilogue.o(.text)
    _double_epilogue                         0x0800c967   Thumb Code   156  depilogue.o(.text)
    __scatterload                            0x0800ca05   Thumb Code    28  init.o(.text)
    __scatterload_rt2                        0x0800ca05   Thumb Code     0  init.o(.text)
    __decompress                             0x0800ca29   Thumb Code     0  __dczerorl2.o(.text)
    __decompress1                            0x0800ca29   Thumb Code    86  __dczerorl2.o(.text)
    __ARM_fpclassifyf                        0x0800ca7f   Thumb Code    38  fpclassifyf.o(i.__ARM_fpclassifyf)
    __hardfp_asinf                           0x0800caa5   Thumb Code   258  asinf.o(i.__hardfp_asinf)
    __hardfp_atan2f                          0x0800cbd1   Thumb Code   502  atan2f.o(i.__hardfp_atan2f)
    __hardfp_sqrtf                           0x0800ce21   Thumb Code    58  sqrtf.o(i.__hardfp_sqrtf)
    __mathlib_flt_infnan                     0x0800ce5b   Thumb Code     6  funder.o(i.__mathlib_flt_infnan)
    __mathlib_flt_infnan2                    0x0800ce61   Thumb Code     6  funder.o(i.__mathlib_flt_infnan2)
    __mathlib_flt_invalid                    0x0800ce69   Thumb Code    10  funder.o(i.__mathlib_flt_invalid)
    __mathlib_flt_underflow                  0x0800ce79   Thumb Code    10  funder.o(i.__mathlib_flt_underflow)
    __scatterload_copy                       0x0800ce89   Thumb Code    14  handlers.o(i.__scatterload_copy)
    __scatterload_null                       0x0800ce97   Thumb Code     2  handlers.o(i.__scatterload_null)
    __scatterload_zeroinit                   0x0800ce99   Thumb Code    14  handlers.o(i.__scatterload_zeroinit)
    __set_errno                              0x0800cea9   Thumb Code     6  errno.o(i.__set_errno)
    sqrtf                                    0x0800ceb5   Thumb Code    62  sqrtf.o(i.sqrtf)
    usbd_power                               0x0800d054   Data           1  usb_config.o(.constdata)
    usbd_hs_enable                           0x0800d055   Data           1  usb_config.o(.constdata)
    usbd_if_num                              0x0800d056   Data           2  usb_config.o(.constdata)
    usbd_ep_num                              0x0800d058   Data           1  usb_config.o(.constdata)
    usbd_max_packet0                         0x0800d059   Data           1  usb_config.o(.constdata)
    usbd_cdc_acm_cif_num                     0x0800d05a   Data           1  usb_config.o(.constdata)
    usbd_cdc_acm_dif_num                     0x0800d05b   Data           1  usb_config.o(.constdata)
    usbd_cdc_acm_ep_intin                    0x0800d05c   Data           1  usb_config.o(.constdata)
    usbd_cdc_acm_ep_bulkin                   0x0800d05d   Data           1  usb_config.o(.constdata)
    usbd_cdc_acm_ep_bulkout                  0x0800d05e   Data           1  usb_config.o(.constdata)
    usbd_cdc_acm_sendbuf_sz                  0x0800d060   Data           2  usb_config.o(.constdata)
    usbd_cdc_acm_receivebuf_sz               0x0800d062   Data           2  usb_config.o(.constdata)
    usbd_cdc_acm_maxpacketsize               0x0800d064   Data           4  usb_config.o(.constdata)
    usbd_cdc_acm_maxpacketsize1              0x0800d068   Data           4  usb_config.o(.constdata)
    USBD_P_Power_Event                       0x0800d06c   Data           4  usb_config.o(.constdata)
    USBD_P_Reset_Event                       0x0800d070   Data           4  usb_config.o(.constdata)
    USBD_P_Suspend_Event                     0x0800d074   Data           4  usb_config.o(.constdata)
    USBD_P_Resume_Event                      0x0800d078   Data           4  usb_config.o(.constdata)
    USBD_P_WakeUp_Event                      0x0800d07c   Data           4  usb_config.o(.constdata)
    USBD_P_SOF_Event                         0x0800d080   Data           4  usb_config.o(.constdata)
    USBD_P_Error_Event                       0x0800d084   Data           4  usb_config.o(.constdata)
    USBD_P_EP                                0x0800d088   Data          64  usb_config.o(.constdata)
    USBD_P_Configure_Event                   0x0800d0c8   Data           4  usb_config.o(.constdata)
    USBD_P_Interface_Event                   0x0800d0cc   Data           4  usb_config.o(.constdata)
    USBD_P_Feature_Event                     0x0800d0d0   Data           4  usb_config.o(.constdata)
    __rtx                                    0x0800d0d4   Data           4  usb_config.o(.constdata)
    USBD_HID_ReportDescriptor                0x0800d0d8   Data          33  usb_config.o(.constdata)
    USBD_HID_ReportDescriptorSize            0x0800d0fa   Data           2  usb_config.o(.constdata)
    USBD_HID_DescriptorOffset                0x0800d0fc   Data           2  usb_config.o(.constdata)
    USBD_DeviceDescriptor                    0x0800d0fe   Data          18  usb_config.o(.constdata)
    USBD_DeviceQualifier                     0x0800d110   Data           1  usb_config.o(.constdata)
    USBD_DeviceQualifier_HS                  0x0800d111   Data           1  usb_config.o(.constdata)
    USBD_ConfigDescriptor                    0x0800d112   Data          68  usb_config.o(.constdata)
    USBD_ConfigDescriptor_HS                 0x0800d156   Data           1  usb_config.o(.constdata)
    USBD_OtherSpeedConfigDescriptor          0x0800d157   Data           1  usb_config.o(.constdata)
    USBD_OtherSpeedConfigDescriptor_HS       0x0800d158   Data           1  usb_config.o(.constdata)
    USBD_StringDescriptor                    0x0800d15a   Data         134  usb_config.o(.constdata)
    Region$$Table$$Base                      0x0800d460   Number         0  anon$$obj.o(Region$$Table)
    Region$$Table$$Limit                     0x0800d480   Number         0  anon$$obj.o(Region$$Table)
    SystemCoreClock                          0x20000010   Data           4  system_stm32f4xx.o(.data)
    AHBPrescTable                            0x20000014   Data          16  system_stm32f4xx.o(.data)
    xBMI088Queue                             0x20000024   Data           4  task_create.o(.data)
    xAK8975Queue                             0x20000028   Data           4  task_create.o(.data)
    xEulerQueue                              0x2000002c   Data           4  task_create.o(.data)
    pxCurrentTCB                             0x20000030   Data           4  tasks.o(.data)
    count                                    0x200000ac   Data           4  led.o(.data)
    tick_count                               0x200000b0   Data           4  led.o(.data)
    acc_x                                    0x200000b8   Data           2  bmi088.o(.data)
    acc_y                                    0x200000ba   Data           2  bmi088.o(.data)
    acc_z                                    0x200000bc   Data           2  bmi088.o(.data)
    gyro_id                                  0x200000be   Data           1  bmi088.o(.data)
    buffer                                   0x200000bf   Data           8  bmi088.o(.data)
    buffer2                                  0x200000c7   Data           8  bmi088.o(.data)
    X                                        0x200000d0   Data           8  bmi088.o(.data)
    AK_id                                    0x200000d8   Data           1  ak8975.o(.data)
    st2                                      0x200000d9   Data           1  ak8975.o(.data)
    magData                                  0x200000da   Data           6  ak8975.o(.data)
    USBD_AltSetting                          0x200000ec   Data           2  usb_config.o(.data)
    OutMaxPacketSize                         0x200000f0   Data          16  usbd_stm32f4xx_fs.o(.data)
    InPacketDataPtr                          0x20000100   Data          16  usbd_stm32f4xx_fs.o(.data)
    InPacketDataReady                        0x20000110   Data           4  usbd_stm32f4xx_fs.o(.data)
    SyncWriteEP                              0x20000114   Data           4  usbd_stm32f4xx_fs.o(.data)
    IsoOutTokenRead                          0x20000118   Data           4  usbd_stm32f4xx_fs.o(.data)
    data_send_access                         0x20000120   Data           4  usbd_cdc_acm.o(.data)
    data_send_active                         0x20000124   Data           4  usbd_cdc_acm.o(.data)
    data_send_zlp                            0x20000128   Data           4  usbd_cdc_acm.o(.data)
    data_to_send_wr                          0x2000012c   Data           4  usbd_cdc_acm.o(.data)
    data_to_send_rd                          0x20000130   Data           4  usbd_cdc_acm.o(.data)
    ptr_data_to_send                         0x20000134   Data           4  usbd_cdc_acm.o(.data)
    ptr_data_sent                            0x20000138   Data           4  usbd_cdc_acm.o(.data)
    data_read_access                         0x2000013c   Data           4  usbd_cdc_acm.o(.data)
    data_receive_int_access                  0x20000140   Data           4  usbd_cdc_acm.o(.data)
    data_received_pending_pckts              0x20000144   Data           4  usbd_cdc_acm.o(.data)
    data_no_space_for_receive                0x20000148   Data           4  usbd_cdc_acm.o(.data)
    ptr_data_received                        0x2000014c   Data           4  usbd_cdc_acm.o(.data)
    ptr_data_read                            0x20000150   Data           4  usbd_cdc_acm.o(.data)
    control_line_state                       0x20000154   Data           2  usbd_cdc_acm.o(.data)
    line_coding                              0x20000156   Data           7  usbd_cdc_acm.o(.data)
    USBD_DeviceStatus                        0x20000160   Data           2  usbd_core.o(.data)
    USBD_DeviceAddress                       0x20000162   Data           1  usbd_core.o(.data)
    USBD_Configuration                       0x20000163   Data           1  usbd_core.o(.data)
    USBD_EndPointMask                        0x20000164   Data           4  usbd_core.o(.data)
    USBD_EndPointHalt                        0x20000168   Data           4  usbd_core.o(.data)
    USBD_EndPointStall                       0x2000016c   Data           4  usbd_core.o(.data)
    USBD_NumInterfaces                       0x20000170   Data           1  usbd_core.o(.data)
    USBD_HighSpeed                           0x20000171   Data           1  usbd_core.o(.data)
    USBD_ZLP                                 0x20000172   Data           1  usbd_core.o(.data)
    USBD_EP0Data                             0x20000174   Data           8  usbd_core.o(.data)
    USBD_SetupPacket                         0x2000017c   Data           8  usbd_core.o(.data)
    mat_F                                    0x20000184   Data           8  ekf.o(.data)
    mat_FT                                   0x2000018c   Data           8  ekf.o(.data)
    mat_H                                    0x20000194   Data           8  ekf.o(.data)
    mat_HT                                   0x2000019c   Data           8  ekf.o(.data)
    mat_K                                    0x200001a4   Data           8  ekf.o(.data)
    mat_S                                    0x200001ac   Data           8  ekf.o(.data)
    mat_SI                                   0x200001b4   Data           8  ekf.o(.data)
    ROLL                                     0x200001bc   Data           4  euler_cal.o(.data)
    YAW                                      0x200001c0   Data           4  euler_cal.o(.data)
    PITCH                                    0x200001c4   Data           4  euler_cal.o(.data)
    xQueueRegistry                           0x200001cc   Data          64  queue.o(.bss)
    bmi_info                                 0x20012fd8   Data          24  bmi088.o(.bss)
    ak8975_info                              0x20012ff0   Data          12  ak8975.o(.bss)
    USBD_EP0Buf                              0x20013060   Data          64  usb_config.o(.bss)
    USBD_CDC_ACM_SendBuf                     0x200130a0   Data         128  usb_config.o(.bss)
    USBD_CDC_ACM_ReceiveBuf                  0x20013120   Data         128  usb_config.o(.bss)
    USBD_CDC_ACM_NotifyBuf                   0x200131a0   Data          10  usb_config.o(.bss)
    stk_usb_msc_task                         0x200131b0   Data         600  usb_config.o(.bss)
    CDC_ACM_IntInPacketData                  0x20013408   Data          16  usbd_stm32f4xx_fs.o(.bss)
    IsoOutPacketDataPtr                      0x20013418   Data          16  usbd_stm32f4xx_fs.o(.bss)
    InPacketDataCnt                          0x20013428   Data          16  usbd_stm32f4xx_fs.o(.bss)
    IsoOutPacketDataCnt                      0x20013438   Data          16  usbd_stm32f4xx_fs.o(.bss)
    imu_ekf                                  0x200134a8   Data         248  ekf.o(.bss)
    __initial_sp                             0x20014038   Data           0  startup_stm32f4xx.o(STACK)



==============================================================================

Memory Map of the image

  Image Entry point : 0x080026c9

  Load Region LR_1 (Base: 0x08000000, Size: 0x0000d64c, Max: 0xffffffff, ABSOLUTE, COMPRESSED[0x0000d4a8])

    Execution Region ER_RO (Exec base: 0x08000000, Load base: 0x08000000, Size: 0x0000d480, Max: 0xffffffff, ABSOLUTE)

    Exec Addr    Load Addr    Size         Type   Attr      Idx    E Section Name        Object

    0x08000000   0x08000000   0x00000188   Data   RO          325    RESET               startup_stm32f4xx.o
    0x08000188   0x08000188   0x00000000   Code   RO         2362  * .ARM.Collect$$$$00000000  mc_w.l(entry.o)
    0x08000188   0x08000188   0x00000004   Code   RO         2403    .ARM.Collect$$$$00000001  mc_w.l(entry2.o)
    0x0800018c   0x0800018c   0x00000004   Code   RO         2406    .ARM.Collect$$$$00000004  mc_w.l(entry5.o)
    0x08000190   0x08000190   0x00000000   Code   RO         2408    .ARM.Collect$$$$00000008  mc_w.l(entry7b.o)
    0x08000190   0x08000190   0x00000000   Code   RO         2410    .ARM.Collect$$$$0000000A  mc_w.l(entry8b.o)
    0x08000190   0x08000190   0x00000008   Code   RO         2411    .ARM.Collect$$$$0000000B  mc_w.l(entry9a.o)
    0x08000198   0x08000198   0x00000000   Code   RO         2413    .ARM.Collect$$$$0000000D  mc_w.l(entry10a.o)
    0x08000198   0x08000198   0x00000000   Code   RO         2415    .ARM.Collect$$$$0000000F  mc_w.l(entry11a.o)
    0x08000198   0x08000198   0x00000004   Code   RO         2404    .ARM.Collect$$$$00002712  mc_w.l(entry2.o)
    0x0800019c   0x0800019c   0x000000be   Code   RO          664    .emb_text           port.o
    0x0800025a   0x0800025a   0x00000002   PAD
    0x0800025c   0x0800025c   0x00000916   Code   RO          172    .text               stm32f4xx_gpio.o
    0x08000b72   0x08000b72   0x00000002   PAD
    0x08000b74   0x08000b74   0x00000d7c   Code   RO          220    .text               stm32f4xx_rcc.o
    0x080018f0   0x080018f0   0x00000bc8   Code   RO          238    .text               stm32f4xx_spi.o
    0x080024b8   0x080024b8   0x00000210   Code   RO          302    .text               system_stm32f4xx.o
    0x080026c8   0x080026c8   0x00000024   Code   RO          326  * .text               startup_stm32f4xx.o
    0x080026ec   0x080026ec   0x00000008   Code   RO          331    .text               main.o
    0x080026f4   0x080026f4   0x00000124   Code   RO          395    .text               task_create.o
    0x08002818   0x08002818   0x00000094   Code   RO          549    .text               list.o
    0x080028ac   0x080028ac   0x0000102c   Code   RO          564    .text               queue.o
    0x080038d8   0x080038d8   0x00002354   Code   RO          612    .text               tasks.o
    0x08005c2c   0x08005c2c   0x000006f8   Code   RO          634    .text               timers.o
    0x08006324   0x08006324   0x00000340   Code   RO          665    .text               port.o
    0x08006664   0x08006664   0x0000046c   Code   RO          694    .text               heap_4.o
    0x08006ad0   0x08006ad0   0x00000054   Code   RO          710    .text               led.o
    0x08006b24   0x08006b24   0x00000208   Code   RO          732    .text               myspi.o
    0x08006d2c   0x08006d2c   0x000002a0   Code   RO          752    .text               bmi088.o
    0x08006fcc   0x08006fcc   0x00000144   Code   RO          792    .text               ak8975.o
    0x08007110   0x08007110   0x00000a90   Code   RO          816    .text               calibaration.o
    0x08007ba0   0x08007ba0   0x000000e8   Code   RO          895    .text               systemclock.o
    0x08007c88   0x08007c88   0x00000056   Code   RO          913    .text               usb_config.o
    0x08007cde   0x08007cde   0x00000002   PAD
    0x08007ce0   0x08007ce0   0x000012b8   Code   RO          961    .text               usbd_stm32f4xx_fs.o
    0x08008f98   0x08008f98   0x00000698   Code   RO          991    .text               usb_ticktx.o
    0x08009630   0x08009630   0x00000014   Code   RO         1043    .text               usb_clock.o
    0x08009644   0x08009644   0x000005cc   Code   RO         1058    .text               usbd_cdc_acm.o
    0x08009c10   0x08009c10   0x00000164   Code   RO         1092    .text               usbd_core_cdc.o
    0x08009d74   0x08009d74   0x00000a30   Code   RO         1117    .text               usbd_core.o
    0x0800a7a4   0x0800a7a4   0x0000004a   Code   RO         1139    .text               usb_cdc_port.o
    0x0800a7ee   0x0800a7ee   0x00000126   Code   RO         1151    .text               usb_mavlink_port.o
    0x0800a914   0x0800a914   0x00000daa   Code   RO         1202    .text               ekf.o
    0x0800b6be   0x0800b6be   0x0000008a   Code   RO         1226    .text               arm_mat_add_f32.o
    0x0800b748   0x0800b748   0x00000008   Code   RO         1274    .text               arm_mat_init_f32.o
    0x0800b750   0x0800b750   0x0000024c   Code   RO         1322    .text               arm_mat_inverse_f32.o
    0x0800b99c   0x0800b99c   0x00000120   Code   RO         1338    .text               arm_mat_mult_f32.o
    0x0800babc   0x0800babc   0x0000008a   Code   RO         1469    .text               arm_mat_sub_f32.o
    0x0800bb46   0x0800bb46   0x00000098   Code   RO         1517    .text               arm_mat_trans_f32.o
    0x0800bbde   0x0800bbde   0x00000002   PAD
    0x0800bbe0   0x0800bbe0   0x0000092c   Code   RO         1565    .text               euler_cal.o
    0x0800c50c   0x0800c50c   0x00000062   Code   RO         2365    .text               mc_w.l(uldiv.o)
    0x0800c56e   0x0800c56e   0x00000024   Code   RO         2367    .text               mc_w.l(llsshr.o)
    0x0800c592   0x0800c592   0x00000024   Code   RO         2369    .text               mc_w.l(memcpya.o)
    0x0800c5b6   0x0800c5b6   0x00000024   Code   RO         2373    .text               mc_w.l(memseta.o)
    0x0800c5da   0x0800c5da   0x0000014e   Code   RO         2377    .text               mf_w.l(dadd.o)
    0x0800c728   0x0800c728   0x000000e4   Code   RO         2379    .text               mf_w.l(dmul.o)
    0x0800c80c   0x0800c80c   0x00000026   Code   RO         2381    .text               mf_w.l(f2d.o)
    0x0800c832   0x0800c832   0x00000002   PAD
    0x0800c834   0x0800c834   0x00000030   Code   RO         2383    .text               mf_w.l(cdcmple.o)
    0x0800c864   0x0800c864   0x00000038   Code   RO         2385    .text               mf_w.l(d2f.o)
    0x0800c89c   0x0800c89c   0x0000001e   Code   RO         2417    .text               mc_w.l(llshl.o)
    0x0800c8ba   0x0800c8ba   0x00000020   Code   RO         2419    .text               mc_w.l(llushr.o)
    0x0800c8da   0x0800c8da   0x00000000   Code   RO         2428    .text               mc_w.l(iusefp.o)
    0x0800c8da   0x0800c8da   0x0000006e   Code   RO         2429    .text               mf_w.l(fepilogue.o)
    0x0800c948   0x0800c948   0x000000ba   Code   RO         2431    .text               mf_w.l(depilogue.o)
    0x0800ca02   0x0800ca02   0x00000002   PAD
    0x0800ca04   0x0800ca04   0x00000024   Code   RO         2433    .text               mc_w.l(init.o)
    0x0800ca28   0x0800ca28   0x00000056   Code   RO         2443    .text               mc_w.l(__dczerorl2.o)
    0x0800ca7e   0x0800ca7e   0x00000026   Code   RO         2387    i.__ARM_fpclassifyf  m_wm.l(fpclassifyf.o)
    0x0800caa4   0x0800caa4   0x0000012c   Code   RO         2326    i.__hardfp_asinf    m_wm.l(asinf.o)
    0x0800cbd0   0x0800cbd0   0x00000250   Code   RO         2338    i.__hardfp_atan2f   m_wm.l(atan2f.o)
    0x0800ce20   0x0800ce20   0x0000003a   Code   RO         2350    i.__hardfp_sqrtf    m_wm.l(sqrtf.o)
    0x0800ce5a   0x0800ce5a   0x00000006   Code   RO         2390    i.__mathlib_flt_infnan  m_wm.l(funder.o)
    0x0800ce60   0x0800ce60   0x00000006   Code   RO         2391    i.__mathlib_flt_infnan2  m_wm.l(funder.o)
    0x0800ce66   0x0800ce66   0x00000002   PAD
    0x0800ce68   0x0800ce68   0x00000010   Code   RO         2392    i.__mathlib_flt_invalid  m_wm.l(funder.o)
    0x0800ce78   0x0800ce78   0x00000010   Code   RO         2395    i.__mathlib_flt_underflow  m_wm.l(funder.o)
    0x0800ce88   0x0800ce88   0x0000000e   Code   RO         2437    i.__scatterload_copy  mc_w.l(handlers.o)
    0x0800ce96   0x0800ce96   0x00000002   Code   RO         2438    i.__scatterload_null  mc_w.l(handlers.o)
    0x0800ce98   0x0800ce98   0x0000000e   Code   RO         2439    i.__scatterload_zeroinit  mc_w.l(handlers.o)
    0x0800cea6   0x0800cea6   0x00000002   PAD
    0x0800cea8   0x0800cea8   0x0000000c   Code   RO         2423    i.__set_errno       mc_w.l(errno.o)
    0x0800ceb4   0x0800ceb4   0x0000003e   Code   RO         2352    i.sqrtf             m_wm.l(sqrtf.o)
    0x0800cef2   0x0800cef2   0x00000002   PAD
    0x0800cef4   0x0800cef4   0x00000160   Data   RO          818    .constdata          calibaration.o
    0x0800d054   0x0800d054   0x0000018c   Data   RO          915    .constdata          usb_config.o
    0x0800d1e0   0x0800d1e0   0x00000100   Data   RO          993    .constdata          usb_ticktx.o
    0x0800d2e0   0x0800d2e0   0x00000080   Data   RO         1204    .constdata          ekf.o
    0x0800d360   0x0800d360   0x00000100   Data   RO         1567    .constdata          euler_cal.o
    0x0800d460   0x0800d460   0x00000020   Data   RO         2435    Region$$Table       anon$$obj.o


    Execution Region ER_RW (Exec base: 0x20000000, Load base: 0x0800d480, Size: 0x000001cc, Max: 0xffffffff, ABSOLUTE, COMPRESSED[0x00000028])

    Exec Addr    Load Addr    Size         Type   Attr      Idx    E Section Name        Object

    0x20000000   COMPRESSED   0x00000010   Data   RW          221    .data               stm32f4xx_rcc.o
    0x20000010   COMPRESSED   0x00000014   Data   RW          303    .data               system_stm32f4xx.o
    0x20000024   COMPRESSED   0x0000000c   Data   RW          396    .data               task_create.o
    0x20000030   COMPRESSED   0x00000040   Data   RW          614    .data               tasks.o
    0x20000070   COMPRESSED   0x00000014   Data   RW          636    .data               timers.o
    0x20000084   COMPRESSED   0x0000000c   Data   RW          666    .data               port.o
    0x20000090   COMPRESSED   0x0000001c   Data   RW          696    .data               heap_4.o
    0x200000ac   COMPRESSED   0x00000008   Data   RW          711    .data               led.o
    0x200000b4   COMPRESSED   0x00000004   PAD
    0x200000b8   COMPRESSED   0x00000020   Data   RW          754    .data               bmi088.o
    0x200000d8   COMPRESSED   0x00000008   Data   RW          794    .data               ak8975.o
    0x200000e0   COMPRESSED   0x0000000c   Data   RW          819    .data               calibaration.o
    0x200000ec   COMPRESSED   0x00000002   Data   RW          916    .data               usb_config.o
    0x200000ee   COMPRESSED   0x00000002   PAD
    0x200000f0   COMPRESSED   0x00000030   Data   RW          963    .data               usbd_stm32f4xx_fs.o
    0x20000120   COMPRESSED   0x0000003d   Data   RW         1059    .data               usbd_cdc_acm.o
    0x2000015d   COMPRESSED   0x00000003   PAD
    0x20000160   COMPRESSED   0x00000024   Data   RW         1118    .data               usbd_core.o
    0x20000184   COMPRESSED   0x00000038   Data   RW         1205    .data               ekf.o
    0x200001bc   COMPRESSED   0x0000000c   Data   RW         1568    .data               euler_cal.o
    0x200001c8   COMPRESSED   0x00000004   Data   RW         2424    .data               mc_w.l(errno.o)


    Execution Region ER_ZI (Exec base: 0x200001cc, Load base: 0x0800d4a8, Size: 0x00013e6c, Max: 0xffffffff, ABSOLUTE)

    Exec Addr    Load Addr    Size         Type   Attr      Idx    E Section Name        Object

    0x200001cc        -       0x00000040   Zero   RW          565    .bss                queue.o
    0x2000020c        -       0x000001a4   Zero   RW          613    .bss                tasks.o
    0x200003b0        -       0x00000028   Zero   RW          635    .bss                timers.o
    0x200003d8        -       0x00012c00   Zero   RW          695    .bss                heap_4.o
    0x20012fd8        -       0x00000018   Zero   RW          753    .bss                bmi088.o
    0x20012ff0        -       0x0000000c   Zero   RW          793    .bss                ak8975.o
    0x20012ffc        -       0x00000060   Zero   RW          817    .bss                calibaration.o
    0x2001305c   0x0800d4a8   0x00000004   PAD
    0x20013060        -       0x000003a8   Zero   RW          914    .bss                usb_config.o
    0x20013408        -       0x00000040   Zero   RW          962    .bss                usbd_stm32f4xx_fs.o
    0x20013448        -       0x00000060   Zero   RW          992    .bss                usb_ticktx.o
    0x200134a8        -       0x00000330   Zero   RW         1203    .bss                ekf.o
    0x200137d8        -       0x00000060   Zero   RW         1566    .bss                euler_cal.o
    0x20013838        -       0x00000800   Zero   RW          323    STACK               startup_stm32f4xx.o


==============================================================================

Image component sizes


      Code (inc. data)   RO Data    RW Data    ZI Data      Debug   Object Name

       324         20          0          8         12       2099   ak8975.o
       138          0          0          0          0       1282   arm_mat_add_f32.o
         8          0          0          0          0       1043   arm_mat_init_f32.o
       588          4          0          0          0       2042   arm_mat_inverse_f32.o
       288          4          0          0          0       1559   arm_mat_mult_f32.o
       138          0          0          0          0       1278   arm_mat_sub_f32.o
       152          0          0          0          0       1332   arm_mat_trans_f32.o
       672         32          0         32         24       4358   bmi088.o
      2704         88        352         12         96      23523   calibaration.o
      3498        196        128         56        816       5274   ekf.o
      2348         74        256         12         96      19080   euler_cal.o
         0          0          0          0          0      15372   event_groups.o
      1132         54          0         28      76800       6103   heap_4.o
        84         10          0          8          0        871   led.o
       148          0          0          0          0       1994   list.o
         8          0          0          0          0      11303   main.o
         0          0          0          0          0     247436   misc.o
       520         16          0          0          0       3107   myspi.o
      1022         52          0         12          0       9135   port.o
      4140         18          0          0         64      22974   queue.o
        36          8        392          0       2048        896   startup_stm32f4xx.o
      2326        132          0          0          0       5517   stm32f4xx_gpio.o
      3452        262          0         16          0      13619   stm32f4xx_rcc.o
      3016        118          0          0          0       8645   stm32f4xx_spi.o
       528         46          0         20          0       2015   system_stm32f4xx.o
       232         28          0          0          0        609   systemclock.o
       292         74          0         12          0      13438   task_create.o
      9044        428          0         64        420      41411   tasks.o
      1784         72          0         20         40      26808   timers.o
        74          0          0          0          0       2235   usb_cdc_port.o
        20          6          0          0          0        441   usb_clock.o
        86          0        396          2        936      32909   usb_config.o
       294          0          0          0          0      11871   usb_mavlink_port.o
      1688         40        256          0         96      18975   usb_ticktx.o
      1484        146          0         61          0       9055   usbd_cdc_acm.o
      2608        202          0         36          0       7824   usbd_core.o
       356         20          0          0          0        990   usbd_core_cdc.o
      4792        220          0         48         64      27277   usbd_stm32f4xx_fs.o

    ----------------------------------------------------------------------
     50032       2370       1812        456      81516     605700   Object Totals
         0          0         32          0          0          0   (incl. Generated)
         8          0          0          9          4          0   (incl. Padding)

    ----------------------------------------------------------------------

      Code (inc. data)   RO Data    RW Data    ZI Data      Debug   Library Member Name

       300         42          0          0          0        176   asinf.o
       592         90          0          0          0        184   atan2f.o
        38          0          0          0          0        116   fpclassifyf.o
        44         12          0          0          0        464   funder.o
       120          0          0          0          0        272   sqrtf.o
        86          0          0          0          0          0   __dczerorl2.o
         0          0          0          0          0          0   entry.o
         0          0          0          0          0          0   entry10a.o
         0          0          0          0          0          0   entry11a.o
         8          4          0          0          0          0   entry2.o
         4          0          0          0          0          0   entry5.o
         0          0          0          0          0          0   entry7b.o
         0          0          0          0          0          0   entry8b.o
         8          4          0          0          0          0   entry9a.o
        12          6          0          4          0         68   errno.o
        30          0          0          0          0          0   handlers.o
        36          8          0          0          0         68   init.o
         0          0          0          0          0          0   iusefp.o
        30          0          0          0          0         68   llshl.o
        36          0          0          0          0         68   llsshr.o
        32          0          0          0          0         68   llushr.o
        36          0          0          0          0         68   memcpya.o
        36          0          0          0          0        108   memseta.o
        98          0          0          0          0         92   uldiv.o
        48          0          0          0          0         68   cdcmple.o
        56          0          0          0          0         88   d2f.o
       334          0          0          0          0        148   dadd.o
       186          0          0          0          0        176   depilogue.o
       228          0          0          0          0         96   dmul.o
        38          0          0          0          0         68   f2d.o
       110          0          0          0          0        168   fepilogue.o

    ----------------------------------------------------------------------
      2556        166          0          4          0       2632   Library Totals
        10          0          0          0          0          0   (incl. Padding)

    ----------------------------------------------------------------------

      Code (inc. data)   RO Data    RW Data    ZI Data      Debug   Library Name

      1094        144          0          0          0       1212   m_wm.l
       452         22          0          4          0        608   mc_w.l
      1000          0          0          0          0        812   mf_w.l

    ----------------------------------------------------------------------
      2556        166          0          4          0       2632   Library Totals

    ----------------------------------------------------------------------

==============================================================================


      Code (inc. data)   RO Data    RW Data    ZI Data      Debug   

     52588       2536       1812        460      81516     601092   Grand Totals
     52588       2536       1812         40      81516     601092   ELF Image Totals (compressed)
     52588       2536       1812         40          0          0   ROM Totals

==============================================================================

    Total RO  Size (Code + RO Data)                54400 (  53.13kB)
    Total RW  Size (RW Data + ZI Data)             81976 (  80.05kB)
    Total ROM Size (Code + RO Data + RW Data)      54440 (  53.16kB)

==============================================================================

